running develop
running egg_info
creating vision_robot.egg-info
writing vision_robot.egg-info/PKG-INFO
writing dependency_links to vision_robot.egg-info/dependency_links.txt
writing entry points to vision_robot.egg-info/entry_points.txt
writing requirements to vision_robot.egg-info/requires.txt
writing top-level names to vision_robot.egg-info/top_level.txt
writing manifest file 'vision_robot.egg-info/SOURCES.txt'
reading manifest file 'vision_robot.egg-info/SOURCES.txt'
writing manifest file 'vision_robot.egg-info/SOURCES.txt'
running build_ext
Creating /home/kjy/Mirobot_ros2/install/vision_robot/lib/python3.10/site-packages/vision-robot.egg-link (link to .)
Installing vision_robot_node script to /home/kjy/Mirobot_ros2/install/vision_robot/lib/vision_robot

Installed /home/kjy/Mirobot_ros2/build/vision_robot
running symlink_data
creating /home/kjy/Mirobot_ros2/install/vision_robot/share/ament_index
creating /home/kjy/Mirobot_ros2/install/vision_robot/share/ament_index/resource_index
creating /home/kjy/Mirobot_ros2/install/vision_robot/share/ament_index/resource_index/packages
symbolically linking /home/kjy/Mirobot_ros2/build/vision_robot/resource/vision_robot -> /home/kjy/Mirobot_ros2/install/vision_robot/share/ament_index/resource_index/packages
symbolically linking /home/kjy/Mirobot_ros2/build/vision_robot/package.xml -> /home/kjy/Mirobot_ros2/install/vision_robot/share/vision_robot
creating /home/kjy/Mirobot_ros2/install/vision_robot/share/vision_robot/launch
symbolically linking /home/kjy/Mirobot_ros2/build/vision_robot/launch/vision_robot.launch.py -> /home/kjy/Mirobot_ros2/install/vision_robot/share/vision_robot/launch
creating /home/kjy/Mirobot_ros2/install/vision_robot/share/vision_robot/data
symbolically linking /home/kjy/Mirobot_ros2/build/vision_robot/data/static_board_pose.npz -> /home/kjy/Mirobot_ros2/install/vision_robot/share/vision_robot/data
