[0.689s] Invoking command in '/home/kjy/Mirobot_ros2/build/vision_robot': PYTHONPATH=/home/kjy/Mirobot_ros2/build/vision_robot/prefix_override:/usr/lib/python3/dist-packages/colcon_core/task/python/colcon_distutils_commands:/home/kjy/Mirobot_ros2/install/vision_robot/lib/python3.10/site-packages:${PYTHONPATH} /usr/bin/python3 -W ignore:setup.py install is deprecated -W ignore:easy_install command is deprecated setup.py develop --editable --build-directory /home/kjy/Mirobot_ros2/build/vision_robot/build --no-deps symlink_data
[0.834s] running develop
[0.919s] running egg_info
[0.919s] creating vision_robot.egg-info
[0.919s] writing vision_robot.egg-info/PKG-INFO
[0.919s] writing dependency_links to vision_robot.egg-info/dependency_links.txt
[0.919s] writing entry points to vision_robot.egg-info/entry_points.txt
[0.919s] writing requirements to vision_robot.egg-info/requires.txt
[0.919s] writing top-level names to vision_robot.egg-info/top_level.txt
[0.919s] writing manifest file 'vision_robot.egg-info/SOURCES.txt'
[0.920s] reading manifest file 'vision_robot.egg-info/SOURCES.txt'
[0.920s] writing manifest file 'vision_robot.egg-info/SOURCES.txt'
[0.921s] running build_ext
[0.921s] Creating /home/kjy/Mirobot_ros2/install/vision_robot/lib/python3.10/site-packages/vision-robot.egg-link (link to .)
[0.922s] Installing vision_robot_node script to /home/kjy/Mirobot_ros2/install/vision_robot/lib/vision_robot
[0.922s] 
[0.922s] Installed /home/kjy/Mirobot_ros2/build/vision_robot
[0.922s] running symlink_data
[0.922s] creating /home/kjy/Mirobot_ros2/install/vision_robot/share/ament_index
[0.922s] creating /home/kjy/Mirobot_ros2/install/vision_robot/share/ament_index/resource_index
[0.923s] creating /home/kjy/Mirobot_ros2/install/vision_robot/share/ament_index/resource_index/packages
[0.923s] symbolically linking /home/kjy/Mirobot_ros2/build/vision_robot/resource/vision_robot -> /home/kjy/Mirobot_ros2/install/vision_robot/share/ament_index/resource_index/packages
[0.923s] symbolically linking /home/kjy/Mirobot_ros2/build/vision_robot/package.xml -> /home/kjy/Mirobot_ros2/install/vision_robot/share/vision_robot
[0.923s] creating /home/kjy/Mirobot_ros2/install/vision_robot/share/vision_robot/launch
[0.923s] symbolically linking /home/kjy/Mirobot_ros2/build/vision_robot/launch/vision_robot.launch.py -> /home/kjy/Mirobot_ros2/install/vision_robot/share/vision_robot/launch
[0.923s] creating /home/kjy/Mirobot_ros2/install/vision_robot/share/vision_robot/data
[0.923s] symbolically linking /home/kjy/Mirobot_ros2/build/vision_robot/data/static_board_pose.npz -> /home/kjy/Mirobot_ros2/install/vision_robot/share/vision_robot/data
[0.950s] Invoked command in '/home/kjy/Mirobot_ros2/build/vision_robot' returned '0': PYTHONPATH=/home/kjy/Mirobot_ros2/build/vision_robot/prefix_override:/usr/lib/python3/dist-packages/colcon_core/task/python/colcon_distutils_commands:/home/kjy/Mirobot_ros2/install/vision_robot/lib/python3.10/site-packages:${PYTHONPATH} /usr/bin/python3 -W ignore:setup.py install is deprecated -W ignore:easy_install command is deprecated setup.py develop --editable --build-directory /home/kjy/Mirobot_ros2/build/vision_robot/build --no-deps symlink_data
