/home/kjy/Mirobot_ros2/install/mirobot_master_slave/lib/python3.10/site-packages/mirobot_master_slave/__init__.py
/home/kjy/Mirobot_ros2/install/mirobot_master_slave/lib/python3.10/site-packages/mirobot_master_slave/init_joint_once.py
/home/kjy/Mirobot_ros2/install/mirobot_master_slave/lib/python3.10/site-packages/mirobot_master_slave/server_bridge.py
/home/kjy/Mirobot_ros2/install/mirobot_master_slave/lib/python3.10/site-packages/mirobot_master_slave/__pycache__/__init__.cpython-310.pyc
/home/kjy/Mirobot_ros2/install/mirobot_master_slave/lib/python3.10/site-packages/mirobot_master_slave/__pycache__/init_joint_once.cpython-310.pyc
/home/kjy/Mirobot_ros2/install/mirobot_master_slave/lib/python3.10/site-packages/mirobot_master_slave/__pycache__/server_bridge.cpython-310.pyc
/home/kjy/Mirobot_ros2/install/mirobot_master_slave/share/ament_index/resource_index/packages/mirobot_master_slave
/home/kjy/Mirobot_ros2/install/mirobot_master_slave/share/mirobot_master_slave/package.xml
/home/kjy/Mirobot_ros2/install/mirobot_master_slave/share/mirobot_master_slave/launch/mirobot_master_slave.launch.py
/home/kjy/Mirobot_ros2/install/mirobot_master_slave/share/mirobot_master_slave/launch/dual_mirobot_full_control.launch.py
/home/kjy/Mirobot_ros2/install/mirobot_master_slave/share/mirobot_master_slave/rviz/dual_mirobots.rviz
/home/kjy/Mirobot_ros2/install/mirobot_master_slave/lib/python3.10/site-packages/mirobot_master_slave-0.0.0-py3.10.egg-info/requires.txt
/home/kjy/Mirobot_ros2/install/mirobot_master_slave/lib/python3.10/site-packages/mirobot_master_slave-0.0.0-py3.10.egg-info/SOURCES.txt
/home/kjy/Mirobot_ros2/install/mirobot_master_slave/lib/python3.10/site-packages/mirobot_master_slave-0.0.0-py3.10.egg-info/zip-safe
/home/kjy/Mirobot_ros2/install/mirobot_master_slave/lib/python3.10/site-packages/mirobot_master_slave-0.0.0-py3.10.egg-info/entry_points.txt
/home/kjy/Mirobot_ros2/install/mirobot_master_slave/lib/python3.10/site-packages/mirobot_master_slave-0.0.0-py3.10.egg-info/dependency_links.txt
/home/kjy/Mirobot_ros2/install/mirobot_master_slave/lib/python3.10/site-packages/mirobot_master_slave-0.0.0-py3.10.egg-info/PKG-INFO
/home/kjy/Mirobot_ros2/install/mirobot_master_slave/lib/python3.10/site-packages/mirobot_master_slave-0.0.0-py3.10.egg-info/top_level.txt
/home/kjy/Mirobot_ros2/install/mirobot_master_slave/lib/mirobot_master_slave/init_joint_once
/home/kjy/Mirobot_ros2/install/mirobot_master_slave/lib/mirobot_master_slave/master_cli
/home/kjy/Mirobot_ros2/install/mirobot_master_slave/lib/mirobot_master_slave/slave_replicator
