[0.113s] DEBUG:colcon:Command line arguments: ['/usr/bin/colcon', 'build', '--symlink-install']
[0.113s] DEBUG:colcon:Parsed command line arguments: Namespace(log_base=None, log_level=None, verb_name='build', build_base='build', install_base='install', merge_install=False, symlink_install=True, test_result_base=None, continue_on_error=False, executor='parallel', parallel_workers=16, event_handlers=None, ignore_user_meta=False, metas=['./colcon.meta'], base_paths=['.'], packages_ignore=None, packages_ignore_regex=None, paths=None, packages_up_to=None, packages_up_to_regex=None, packages_above=None, packages_above_and_dependencies=None, packages_above_depth=None, packages_select_by_dep=None, packages_skip_by_dep=None, packages_skip_up_to=None, packages_select_build_failed=False, packages_skip_build_finished=False, packages_select_test_failures=False, packages_skip_test_passed=False, packages_select=None, packages_skip=None, packages_select_regex=None, packages_skip_regex=None, packages_start=None, packages_end=None, allow_overriding=[], cmake_args=None, cmake_target=None, cmake_target_skip_unavailable=False, cmake_clean_cache=False, cmake_clean_first=False, cmake_force_configure=False, ament_cmake_args=None, catkin_cmake_args=None, catkin_skip_building_tests=False, verb_parser=<colcon_defaults.argument_parser.defaults.DefaultArgumentsDecorator object at 0x70c9d824e740>, verb_extension=<colcon_core.verb.build.BuildVerb object at 0x70c9d824e260>, main=<bound method BuildVerb.main of <colcon_core.verb.build.BuildVerb object at 0x70c9d824e260>>)
[0.329s] Level 1:colcon.colcon_core.package_discovery:discover_packages(colcon_meta) check parameters
[0.329s] Level 1:colcon.colcon_core.package_discovery:discover_packages(recursive) check parameters
[0.329s] Level 1:colcon.colcon_core.package_discovery:discover_packages(ignore) check parameters
[0.329s] Level 1:colcon.colcon_core.package_discovery:discover_packages(path) check parameters
[0.329s] Level 1:colcon.colcon_core.package_discovery:discover_packages(colcon_meta) discover
[0.329s] Level 1:colcon.colcon_core.package_discovery:discover_packages(recursive) discover
[0.329s] INFO:colcon.colcon_core.package_discovery:Crawling recursively for packages in '/home/kjy/Mirobot_ros2'
[0.329s] Level 1:colcon.colcon_core.package_identification:_identify(.) by extensions ['ignore', 'ignore_ament_install']
[0.329s] Level 1:colcon.colcon_core.package_identification:_identify(.) by extension 'ignore'
[0.329s] Level 1:colcon.colcon_core.package_identification:_identify(.) by extension 'ignore_ament_install'
[0.329s] Level 1:colcon.colcon_core.package_identification:_identify(.) by extensions ['colcon_pkg']
[0.329s] Level 1:colcon.colcon_core.package_identification:_identify(.) by extension 'colcon_pkg'
[0.329s] Level 1:colcon.colcon_core.package_identification:_identify(.) by extensions ['colcon_meta']
[0.329s] Level 1:colcon.colcon_core.package_identification:_identify(.) by extension 'colcon_meta'
[0.329s] Level 1:colcon.colcon_core.package_identification:_identify(.) by extensions ['ros']
[0.329s] Level 1:colcon.colcon_core.package_identification:_identify(.) by extension 'ros'
[0.347s] Level 1:colcon.colcon_core.package_identification:_identify(.) by extensions ['cmake', 'python']
[0.347s] Level 1:colcon.colcon_core.package_identification:_identify(.) by extension 'cmake'
[0.347s] Level 1:colcon.colcon_core.package_identification:_identify(.) by extension 'python'
[0.347s] Level 1:colcon.colcon_core.package_identification:_identify(.) by extensions ['python_setup_py']
[0.347s] Level 1:colcon.colcon_core.package_identification:_identify(.) by extension 'python_setup_py'
[0.347s] Level 1:colcon.colcon_core.package_identification:_identify(build) by extensions ['ignore', 'ignore_ament_install']
[0.347s] Level 1:colcon.colcon_core.package_identification:_identify(build) by extension 'ignore'
[0.347s] Level 1:colcon.colcon_core.package_identification:_identify(build) ignored
[0.347s] Level 1:colcon.colcon_core.package_identification:_identify(install) by extensions ['ignore', 'ignore_ament_install']
[0.347s] Level 1:colcon.colcon_core.package_identification:_identify(install) by extension 'ignore'
[0.347s] Level 1:colcon.colcon_core.package_identification:_identify(install) ignored
[0.347s] Level 1:colcon.colcon_core.package_identification:_identify(log) by extensions ['ignore', 'ignore_ament_install']
[0.347s] Level 1:colcon.colcon_core.package_identification:_identify(log) by extension 'ignore'
[0.347s] Level 1:colcon.colcon_core.package_identification:_identify(log) ignored
[0.347s] Level 1:colcon.colcon_core.package_identification:_identify(src) by extensions ['ignore', 'ignore_ament_install']
[0.347s] Level 1:colcon.colcon_core.package_identification:_identify(src) by extension 'ignore'
[0.347s] Level 1:colcon.colcon_core.package_identification:_identify(src) by extension 'ignore_ament_install'
[0.347s] Level 1:colcon.colcon_core.package_identification:_identify(src) by extensions ['colcon_pkg']
[0.347s] Level 1:colcon.colcon_core.package_identification:_identify(src) by extension 'colcon_pkg'
[0.347s] Level 1:colcon.colcon_core.package_identification:_identify(src) by extensions ['colcon_meta']
[0.347s] Level 1:colcon.colcon_core.package_identification:_identify(src) by extension 'colcon_meta'
[0.347s] Level 1:colcon.colcon_core.package_identification:_identify(src) by extensions ['ros']
[0.347s] Level 1:colcon.colcon_core.package_identification:_identify(src) by extension 'ros'
[0.348s] Level 1:colcon.colcon_core.package_identification:_identify(src) by extensions ['cmake', 'python']
[0.348s] Level 1:colcon.colcon_core.package_identification:_identify(src) by extension 'cmake'
[0.348s] Level 1:colcon.colcon_core.package_identification:_identify(src) by extension 'python'
[0.348s] Level 1:colcon.colcon_core.package_identification:_identify(src) by extensions ['python_setup_py']
[0.348s] Level 1:colcon.colcon_core.package_identification:_identify(src) by extension 'python_setup_py'
[0.348s] Level 1:colcon.colcon_core.package_identification:_identify(src/mirobot_description) by extensions ['ignore', 'ignore_ament_install']
[0.348s] Level 1:colcon.colcon_core.package_identification:_identify(src/mirobot_description) by extension 'ignore'
[0.348s] Level 1:colcon.colcon_core.package_identification:_identify(src/mirobot_description) by extension 'ignore_ament_install'
[0.348s] Level 1:colcon.colcon_core.package_identification:_identify(src/mirobot_description) by extensions ['colcon_pkg']
[0.348s] Level 1:colcon.colcon_core.package_identification:_identify(src/mirobot_description) by extension 'colcon_pkg'
[0.348s] Level 1:colcon.colcon_core.package_identification:_identify(src/mirobot_description) by extensions ['colcon_meta']
[0.348s] Level 1:colcon.colcon_core.package_identification:_identify(src/mirobot_description) by extension 'colcon_meta'
[0.348s] Level 1:colcon.colcon_core.package_identification:_identify(src/mirobot_description) by extensions ['ros']
[0.348s] Level 1:colcon.colcon_core.package_identification:_identify(src/mirobot_description) by extension 'ros'
[0.353s] DEBUG:colcon.colcon_core.package_identification:Package 'src/mirobot_description' with type 'ros.ament_cmake' and name 'mirobot_description'
[0.353s] Level 1:colcon.colcon_core.package_identification:_identify(src/mirobot_driver) by extensions ['ignore', 'ignore_ament_install']
[0.353s] Level 1:colcon.colcon_core.package_identification:_identify(src/mirobot_driver) by extension 'ignore'
[0.353s] Level 1:colcon.colcon_core.package_identification:_identify(src/mirobot_driver) by extension 'ignore_ament_install'
[0.353s] Level 1:colcon.colcon_core.package_identification:_identify(src/mirobot_driver) by extensions ['colcon_pkg']
[0.353s] Level 1:colcon.colcon_core.package_identification:_identify(src/mirobot_driver) by extension 'colcon_pkg'
[0.353s] Level 1:colcon.colcon_core.package_identification:_identify(src/mirobot_driver) by extensions ['colcon_meta']
[0.353s] Level 1:colcon.colcon_core.package_identification:_identify(src/mirobot_driver) by extension 'colcon_meta'
[0.353s] Level 1:colcon.colcon_core.package_identification:_identify(src/mirobot_driver) by extensions ['ros']
[0.353s] Level 1:colcon.colcon_core.package_identification:_identify(src/mirobot_driver) by extension 'ros'
[0.354s] DEBUG:colcon.colcon_core.package_identification:Package 'src/mirobot_driver' with type 'ros.ament_python' and name 'mirobot_driver'
[0.354s] Level 1:colcon.colcon_core.package_identification:_identify(src/mirobot_master_slave) by extensions ['ignore', 'ignore_ament_install']
[0.354s] Level 1:colcon.colcon_core.package_identification:_identify(src/mirobot_master_slave) by extension 'ignore'
[0.354s] Level 1:colcon.colcon_core.package_identification:_identify(src/mirobot_master_slave) by extension 'ignore_ament_install'
[0.354s] Level 1:colcon.colcon_core.package_identification:_identify(src/mirobot_master_slave) by extensions ['colcon_pkg']
[0.354s] Level 1:colcon.colcon_core.package_identification:_identify(src/mirobot_master_slave) by extension 'colcon_pkg'
[0.354s] Level 1:colcon.colcon_core.package_identification:_identify(src/mirobot_master_slave) by extensions ['colcon_meta']
[0.354s] Level 1:colcon.colcon_core.package_identification:_identify(src/mirobot_master_slave) by extension 'colcon_meta'
[0.354s] Level 1:colcon.colcon_core.package_identification:_identify(src/mirobot_master_slave) by extensions ['ros']
[0.354s] Level 1:colcon.colcon_core.package_identification:_identify(src/mirobot_master_slave) by extension 'ros'
[0.355s] DEBUG:colcon.colcon_core.package_identification:Package 'src/mirobot_master_slave' with type 'ros.ament_python' and name 'mirobot_master_slave'
[0.355s] Level 1:colcon.colcon_core.package_identification:_identify(src/vision_robot) by extensions ['ignore', 'ignore_ament_install']
[0.355s] Level 1:colcon.colcon_core.package_identification:_identify(src/vision_robot) by extension 'ignore'
[0.355s] Level 1:colcon.colcon_core.package_identification:_identify(src/vision_robot) by extension 'ignore_ament_install'
[0.355s] Level 1:colcon.colcon_core.package_identification:_identify(src/vision_robot) by extensions ['colcon_pkg']
[0.355s] Level 1:colcon.colcon_core.package_identification:_identify(src/vision_robot) by extension 'colcon_pkg'
[0.355s] Level 1:colcon.colcon_core.package_identification:_identify(src/vision_robot) by extensions ['colcon_meta']
[0.355s] Level 1:colcon.colcon_core.package_identification:_identify(src/vision_robot) by extension 'colcon_meta'
[0.355s] Level 1:colcon.colcon_core.package_identification:_identify(src/vision_robot) by extensions ['ros']
[0.355s] Level 1:colcon.colcon_core.package_identification:_identify(src/vision_robot) by extension 'ros'
[0.356s] DEBUG:colcon.colcon_core.package_identification:Package 'src/vision_robot' with type 'ros.ament_python' and name 'vision_robot'
[0.356s] Level 1:colcon.colcon_core.package_discovery:discover_packages(recursive) using defaults
[0.356s] Level 1:colcon.colcon_core.package_discovery:discover_packages(ignore) discover
[0.356s] Level 1:colcon.colcon_core.package_discovery:discover_packages(ignore) using defaults
[0.356s] Level 1:colcon.colcon_core.package_discovery:discover_packages(path) discover
[0.356s] Level 1:colcon.colcon_core.package_discovery:discover_packages(path) using defaults
[0.379s] Level 1:colcon.colcon_core.package_discovery:discover_packages(prefix_path) check parameters
[0.379s] Level 1:colcon.colcon_core.package_discovery:discover_packages(prefix_path) discover
[0.381s] DEBUG:colcon.colcon_installed_package_information.package_discovery:Found 4 installed packages in /home/kjy/Mirobot_ros2/install
[0.383s] DEBUG:colcon.colcon_installed_package_information.package_discovery:Found 333 installed packages in /opt/ros/humble
[0.385s] Level 1:colcon.colcon_core.package_discovery:discover_packages(prefix_path) using defaults
[0.416s] Level 5:colcon.colcon_core.verb:set package 'mirobot_description' build argument 'cmake_args' from command line to 'None'
[0.416s] Level 5:colcon.colcon_core.verb:set package 'mirobot_description' build argument 'cmake_target' from command line to 'None'
[0.417s] Level 5:colcon.colcon_core.verb:set package 'mirobot_description' build argument 'cmake_target_skip_unavailable' from command line to 'False'
[0.417s] Level 5:colcon.colcon_core.verb:set package 'mirobot_description' build argument 'cmake_clean_cache' from command line to 'False'
[0.417s] Level 5:colcon.colcon_core.verb:set package 'mirobot_description' build argument 'cmake_clean_first' from command line to 'False'
[0.417s] Level 5:colcon.colcon_core.verb:set package 'mirobot_description' build argument 'cmake_force_configure' from command line to 'False'
[0.417s] Level 5:colcon.colcon_core.verb:set package 'mirobot_description' build argument 'ament_cmake_args' from command line to 'None'
[0.417s] Level 5:colcon.colcon_core.verb:set package 'mirobot_description' build argument 'catkin_cmake_args' from command line to 'None'
[0.417s] Level 5:colcon.colcon_core.verb:set package 'mirobot_description' build argument 'catkin_skip_building_tests' from command line to 'False'
[0.417s] DEBUG:colcon.colcon_core.verb:Building package 'mirobot_description' with the following arguments: {'ament_cmake_args': None, 'build_base': '/home/kjy/Mirobot_ros2/build/mirobot_description', 'catkin_cmake_args': None, 'catkin_skip_building_tests': False, 'cmake_args': None, 'cmake_clean_cache': False, 'cmake_clean_first': False, 'cmake_force_configure': False, 'cmake_target': None, 'cmake_target_skip_unavailable': False, 'install_base': '/home/kjy/Mirobot_ros2/install/mirobot_description', 'merge_install': False, 'path': '/home/kjy/Mirobot_ros2/src/mirobot_description', 'symlink_install': True, 'test_result_base': None}
[0.417s] Level 5:colcon.colcon_core.verb:set package 'mirobot_driver' build argument 'cmake_args' from command line to 'None'
[0.417s] Level 5:colcon.colcon_core.verb:set package 'mirobot_driver' build argument 'cmake_target' from command line to 'None'
[0.417s] Level 5:colcon.colcon_core.verb:set package 'mirobot_driver' build argument 'cmake_target_skip_unavailable' from command line to 'False'
[0.417s] Level 5:colcon.colcon_core.verb:set package 'mirobot_driver' build argument 'cmake_clean_cache' from command line to 'False'
[0.417s] Level 5:colcon.colcon_core.verb:set package 'mirobot_driver' build argument 'cmake_clean_first' from command line to 'False'
[0.417s] Level 5:colcon.colcon_core.verb:set package 'mirobot_driver' build argument 'cmake_force_configure' from command line to 'False'
[0.417s] Level 5:colcon.colcon_core.verb:set package 'mirobot_driver' build argument 'ament_cmake_args' from command line to 'None'
[0.417s] Level 5:colcon.colcon_core.verb:set package 'mirobot_driver' build argument 'catkin_cmake_args' from command line to 'None'
[0.417s] Level 5:colcon.colcon_core.verb:set package 'mirobot_driver' build argument 'catkin_skip_building_tests' from command line to 'False'
[0.417s] DEBUG:colcon.colcon_core.verb:Building package 'mirobot_driver' with the following arguments: {'ament_cmake_args': None, 'build_base': '/home/kjy/Mirobot_ros2/build/mirobot_driver', 'catkin_cmake_args': None, 'catkin_skip_building_tests': False, 'cmake_args': None, 'cmake_clean_cache': False, 'cmake_clean_first': False, 'cmake_force_configure': False, 'cmake_target': None, 'cmake_target_skip_unavailable': False, 'install_base': '/home/kjy/Mirobot_ros2/install/mirobot_driver', 'merge_install': False, 'path': '/home/kjy/Mirobot_ros2/src/mirobot_driver', 'symlink_install': True, 'test_result_base': None}
[0.417s] Level 5:colcon.colcon_core.verb:set package 'vision_robot' build argument 'cmake_args' from command line to 'None'
[0.417s] Level 5:colcon.colcon_core.verb:set package 'vision_robot' build argument 'cmake_target' from command line to 'None'
[0.417s] Level 5:colcon.colcon_core.verb:set package 'vision_robot' build argument 'cmake_target_skip_unavailable' from command line to 'False'
[0.417s] Level 5:colcon.colcon_core.verb:set package 'vision_robot' build argument 'cmake_clean_cache' from command line to 'False'
[0.417s] Level 5:colcon.colcon_core.verb:set package 'vision_robot' build argument 'cmake_clean_first' from command line to 'False'
[0.417s] Level 5:colcon.colcon_core.verb:set package 'vision_robot' build argument 'cmake_force_configure' from command line to 'False'
[0.417s] Level 5:colcon.colcon_core.verb:set package 'vision_robot' build argument 'ament_cmake_args' from command line to 'None'
[0.417s] Level 5:colcon.colcon_core.verb:set package 'vision_robot' build argument 'catkin_cmake_args' from command line to 'None'
[0.417s] Level 5:colcon.colcon_core.verb:set package 'vision_robot' build argument 'catkin_skip_building_tests' from command line to 'False'
[0.417s] DEBUG:colcon.colcon_core.verb:Building package 'vision_robot' with the following arguments: {'ament_cmake_args': None, 'build_base': '/home/kjy/Mirobot_ros2/build/vision_robot', 'catkin_cmake_args': None, 'catkin_skip_building_tests': False, 'cmake_args': None, 'cmake_clean_cache': False, 'cmake_clean_first': False, 'cmake_force_configure': False, 'cmake_target': None, 'cmake_target_skip_unavailable': False, 'install_base': '/home/kjy/Mirobot_ros2/install/vision_robot', 'merge_install': False, 'path': '/home/kjy/Mirobot_ros2/src/vision_robot', 'symlink_install': True, 'test_result_base': None}
[0.418s] Level 5:colcon.colcon_core.verb:set package 'mirobot_master_slave' build argument 'cmake_args' from command line to 'None'
[0.418s] Level 5:colcon.colcon_core.verb:set package 'mirobot_master_slave' build argument 'cmake_target' from command line to 'None'
[0.418s] Level 5:colcon.colcon_core.verb:set package 'mirobot_master_slave' build argument 'cmake_target_skip_unavailable' from command line to 'False'
[0.418s] Level 5:colcon.colcon_core.verb:set package 'mirobot_master_slave' build argument 'cmake_clean_cache' from command line to 'False'
[0.418s] Level 5:colcon.colcon_core.verb:set package 'mirobot_master_slave' build argument 'cmake_clean_first' from command line to 'False'
[0.418s] Level 5:colcon.colcon_core.verb:set package 'mirobot_master_slave' build argument 'cmake_force_configure' from command line to 'False'
[0.418s] Level 5:colcon.colcon_core.verb:set package 'mirobot_master_slave' build argument 'ament_cmake_args' from command line to 'None'
[0.418s] Level 5:colcon.colcon_core.verb:set package 'mirobot_master_slave' build argument 'catkin_cmake_args' from command line to 'None'
[0.418s] Level 5:colcon.colcon_core.verb:set package 'mirobot_master_slave' build argument 'catkin_skip_building_tests' from command line to 'False'
[0.418s] DEBUG:colcon.colcon_core.verb:Building package 'mirobot_master_slave' with the following arguments: {'ament_cmake_args': None, 'build_base': '/home/kjy/Mirobot_ros2/build/mirobot_master_slave', 'catkin_cmake_args': None, 'catkin_skip_building_tests': False, 'cmake_args': None, 'cmake_clean_cache': False, 'cmake_clean_first': False, 'cmake_force_configure': False, 'cmake_target': None, 'cmake_target_skip_unavailable': False, 'install_base': '/home/kjy/Mirobot_ros2/install/mirobot_master_slave', 'merge_install': False, 'path': '/home/kjy/Mirobot_ros2/src/mirobot_master_slave', 'symlink_install': True, 'test_result_base': None}
[0.418s] INFO:colcon.colcon_core.executor:Executing jobs using 'parallel' executor
[0.419s] DEBUG:colcon.colcon_parallel_executor.executor.parallel:run_until_complete
[0.419s] INFO:colcon.colcon_ros.task.ament_cmake.build:Building ROS package in '/home/kjy/Mirobot_ros2/src/mirobot_description' with build type 'ament_cmake'
[0.419s] INFO:colcon.colcon_cmake.task.cmake.build:Building CMake package in '/home/kjy/Mirobot_ros2/src/mirobot_description'
[0.423s] INFO:colcon.colcon_core.plugin_system:Skipping extension 'colcon_core.shell.bat': Not used on non-Windows systems
[0.423s] INFO:colcon.colcon_core.shell:Skip shell extension 'powershell' for command environment: Not usable outside of PowerShell
[0.423s] DEBUG:colcon.colcon_core.shell:Skip shell extension 'dsv' for command environment
[0.427s] INFO:colcon.colcon_ros.task.ament_python.build:Building ROS package in '/home/kjy/Mirobot_ros2/src/mirobot_driver' with build type 'ament_python'
[0.427s] Level 1:colcon.colcon_core.shell:create_environment_hook('mirobot_driver', 'ament_prefix_path')
[0.427s] INFO:colcon.colcon_core.shell:Creating environment hook '/home/kjy/Mirobot_ros2/install/mirobot_driver/share/mirobot_driver/hook/ament_prefix_path.ps1'
[0.428s] INFO:colcon.colcon_core.shell:Creating environment descriptor '/home/kjy/Mirobot_ros2/install/mirobot_driver/share/mirobot_driver/hook/ament_prefix_path.dsv'
[0.428s] INFO:colcon.colcon_core.shell:Creating environment hook '/home/kjy/Mirobot_ros2/install/mirobot_driver/share/mirobot_driver/hook/ament_prefix_path.sh'
[0.429s] INFO:colcon.colcon_core.shell:Skip shell extension 'powershell' for command environment: Not usable outside of PowerShell
[0.429s] DEBUG:colcon.colcon_core.shell:Skip shell extension 'dsv' for command environment
[0.432s] INFO:colcon.colcon_ros.task.ament_python.build:Building ROS package in '/home/kjy/Mirobot_ros2/src/vision_robot' with build type 'ament_python'
[0.432s] Level 1:colcon.colcon_core.shell:create_environment_hook('vision_robot', 'ament_prefix_path')
[0.433s] INFO:colcon.colcon_core.shell:Creating environment hook '/home/kjy/Mirobot_ros2/install/vision_robot/share/vision_robot/hook/ament_prefix_path.ps1'
[0.433s] INFO:colcon.colcon_core.shell:Creating environment descriptor '/home/kjy/Mirobot_ros2/install/vision_robot/share/vision_robot/hook/ament_prefix_path.dsv'
[0.435s] INFO:colcon.colcon_core.shell:Creating environment hook '/home/kjy/Mirobot_ros2/install/vision_robot/share/vision_robot/hook/ament_prefix_path.sh'
[0.435s] INFO:colcon.colcon_core.shell:Skip shell extension 'powershell' for command environment: Not usable outside of PowerShell
[0.436s] DEBUG:colcon.colcon_core.shell:Skip shell extension 'dsv' for command environment
[0.444s] DEBUG:colcon.colcon_core.event_handler.log_command:Invoking command in '/home/kjy/Mirobot_ros2/build/mirobot_description': CMAKE_PREFIX_PATH=${CMAKE_PREFIX_PATH}:/home/kjy/Mirobot_ros2/install/vision_robot:/home/kjy/Mirobot_ros2/install/mirobot_master_slave:/home/kjy/Mirobot_ros2/install/mirobot_driver:/opt/ros/humble /usr/bin/cmake --build /home/kjy/Mirobot_ros2/build/mirobot_description -- -j16 -l16
[0.639s] INFO:colcon.colcon_core.task.python.build:Building Python package in '/home/kjy/Mirobot_ros2/src/mirobot_driver'
[0.640s] INFO:colcon.colcon_core.shell:Skip shell extension 'powershell' for command environment: Not usable outside of PowerShell
[0.640s] DEBUG:colcon.colcon_core.shell:Skip shell extension 'dsv' for command environment
[0.843s] INFO:colcon.colcon_core.task.python.build:Building Python package in '/home/kjy/Mirobot_ros2/src/vision_robot'
[0.843s] INFO:colcon.colcon_core.shell:Skip shell extension 'powershell' for command environment: Not usable outside of PowerShell
[0.843s] DEBUG:colcon.colcon_core.shell:Skip shell extension 'dsv' for command environment
[0.849s] DEBUG:colcon.colcon_core.event_handler.log_command:Invoked command in '/home/kjy/Mirobot_ros2/build/mirobot_description' returned '0': CMAKE_PREFIX_PATH=${CMAKE_PREFIX_PATH}:/home/kjy/Mirobot_ros2/install/vision_robot:/home/kjy/Mirobot_ros2/install/mirobot_master_slave:/home/kjy/Mirobot_ros2/install/mirobot_driver:/opt/ros/humble /usr/bin/cmake --build /home/kjy/Mirobot_ros2/build/mirobot_description -- -j16 -l16
[0.861s] DEBUG:colcon.colcon_core.event_handler.log_command:Invoking command in '/home/kjy/Mirobot_ros2/build/mirobot_description': CMAKE_PREFIX_PATH=${CMAKE_PREFIX_PATH}:/home/kjy/Mirobot_ros2/install/vision_robot:/home/kjy/Mirobot_ros2/install/mirobot_master_slave:/home/kjy/Mirobot_ros2/install/mirobot_driver:/opt/ros/humble /usr/bin/cmake --install /home/kjy/Mirobot_ros2/build/mirobot_description
[0.889s] Level 1:colcon.colcon_core.environment:create_environment_scripts_only(mirobot_description)
[0.890s] DEBUG:colcon.colcon_core.event_handler.log_command:Invoked command in '/home/kjy/Mirobot_ros2/build/mirobot_description' returned '0': CMAKE_PREFIX_PATH=${CMAKE_PREFIX_PATH}:/home/kjy/Mirobot_ros2/install/vision_robot:/home/kjy/Mirobot_ros2/install/mirobot_master_slave:/home/kjy/Mirobot_ros2/install/mirobot_driver:/opt/ros/humble /usr/bin/cmake --install /home/kjy/Mirobot_ros2/build/mirobot_description
[0.894s] Level 1:colcon.colcon_core.environment:checking '/home/kjy/Mirobot_ros2/install/mirobot_description' for CMake module files
[0.894s] Level 1:colcon.colcon_core.environment:checking '/home/kjy/Mirobot_ros2/install/mirobot_description' for CMake config files
[0.894s] Level 1:colcon.colcon_core.shell:create_environment_hook('mirobot_description', 'cmake_prefix_path')
[0.894s] INFO:colcon.colcon_core.shell:Creating environment hook '/home/kjy/Mirobot_ros2/install/mirobot_description/share/mirobot_description/hook/cmake_prefix_path.ps1'
[0.895s] INFO:colcon.colcon_core.shell:Creating environment descriptor '/home/kjy/Mirobot_ros2/install/mirobot_description/share/mirobot_description/hook/cmake_prefix_path.dsv'
[0.895s] INFO:colcon.colcon_core.shell:Creating environment hook '/home/kjy/Mirobot_ros2/install/mirobot_description/share/mirobot_description/hook/cmake_prefix_path.sh'
[0.896s] Level 1:colcon.colcon_core.environment:checking '/home/kjy/Mirobot_ros2/install/mirobot_description/bin'
[0.896s] Level 1:colcon.colcon_core.environment:checking '/home/kjy/Mirobot_ros2/install/mirobot_description/lib/pkgconfig/mirobot_description.pc'
[0.896s] Level 1:colcon.colcon_core.environment:checking '/home/kjy/Mirobot_ros2/install/mirobot_description/lib/python3.10/site-packages'
[0.897s] Level 1:colcon.colcon_core.environment:checking '/home/kjy/Mirobot_ros2/install/mirobot_description/bin'
[0.897s] INFO:colcon.colcon_core.shell:Creating package script '/home/kjy/Mirobot_ros2/install/mirobot_description/share/mirobot_description/package.ps1'
[0.897s] INFO:colcon.colcon_core.shell:Creating package descriptor '/home/kjy/Mirobot_ros2/install/mirobot_description/share/mirobot_description/package.dsv'
[0.898s] INFO:colcon.colcon_core.shell:Creating package script '/home/kjy/Mirobot_ros2/install/mirobot_description/share/mirobot_description/package.sh'
[0.899s] INFO:colcon.colcon_core.shell:Creating package script '/home/kjy/Mirobot_ros2/install/mirobot_description/share/mirobot_description/package.bash'
[0.899s] INFO:colcon.colcon_core.shell:Creating package script '/home/kjy/Mirobot_ros2/install/mirobot_description/share/mirobot_description/package.zsh'
[0.900s] Level 1:colcon.colcon_core.environment:create_file_with_runtime_dependencies(/home/kjy/Mirobot_ros2/install/mirobot_description/share/colcon-core/packages/mirobot_description)
[0.901s] Level 1:colcon.colcon_core.environment:create_environment_scripts_only(mirobot_description)
[0.901s] Level 1:colcon.colcon_core.environment:checking '/home/kjy/Mirobot_ros2/install/mirobot_description' for CMake module files
[0.901s] Level 1:colcon.colcon_core.environment:checking '/home/kjy/Mirobot_ros2/install/mirobot_description' for CMake config files
[0.901s] Level 1:colcon.colcon_core.shell:create_environment_hook('mirobot_description', 'cmake_prefix_path')
[0.901s] INFO:colcon.colcon_core.shell:Creating environment hook '/home/kjy/Mirobot_ros2/install/mirobot_description/share/mirobot_description/hook/cmake_prefix_path.ps1'
[0.902s] INFO:colcon.colcon_core.shell:Creating environment descriptor '/home/kjy/Mirobot_ros2/install/mirobot_description/share/mirobot_description/hook/cmake_prefix_path.dsv'
[0.902s] INFO:colcon.colcon_core.shell:Creating environment hook '/home/kjy/Mirobot_ros2/install/mirobot_description/share/mirobot_description/hook/cmake_prefix_path.sh'
[0.902s] Level 1:colcon.colcon_core.environment:checking '/home/kjy/Mirobot_ros2/install/mirobot_description/bin'
[0.902s] Level 1:colcon.colcon_core.environment:checking '/home/kjy/Mirobot_ros2/install/mirobot_description/lib/pkgconfig/mirobot_description.pc'
[0.903s] Level 1:colcon.colcon_core.environment:checking '/home/kjy/Mirobot_ros2/install/mirobot_description/lib/python3.10/site-packages'
[0.903s] Level 1:colcon.colcon_core.environment:checking '/home/kjy/Mirobot_ros2/install/mirobot_description/bin'
[0.903s] INFO:colcon.colcon_core.shell:Creating package script '/home/kjy/Mirobot_ros2/install/mirobot_description/share/mirobot_description/package.ps1'
[0.903s] INFO:colcon.colcon_core.shell:Creating package descriptor '/home/kjy/Mirobot_ros2/install/mirobot_description/share/mirobot_description/package.dsv'
[0.904s] INFO:colcon.colcon_core.shell:Creating package script '/home/kjy/Mirobot_ros2/install/mirobot_description/share/mirobot_description/package.sh'
[0.904s] INFO:colcon.colcon_core.shell:Creating package script '/home/kjy/Mirobot_ros2/install/mirobot_description/share/mirobot_description/package.bash'
[0.904s] INFO:colcon.colcon_core.shell:Creating package script '/home/kjy/Mirobot_ros2/install/mirobot_description/share/mirobot_description/package.zsh'
[0.905s] Level 1:colcon.colcon_core.environment:create_file_with_runtime_dependencies(/home/kjy/Mirobot_ros2/install/mirobot_description/share/colcon-core/packages/mirobot_description)
[1.212s] DEBUG:colcon.colcon_core.event_handler.log_command:Invoking command in '/home/kjy/Mirobot_ros2/build/vision_robot': PYTHONPATH=/home/kjy/Mirobot_ros2/build/vision_robot/prefix_override:/usr/lib/python3/dist-packages/colcon_core/task/python/colcon_distutils_commands:/home/kjy/Mirobot_ros2/install/vision_robot/lib/python3.10/site-packages:${PYTHONPATH} /usr/bin/python3 -W ignore:setup.py install is deprecated -W ignore:easy_install command is deprecated setup.py develop --editable --build-directory /home/kjy/Mirobot_ros2/build/vision_robot/build --no-deps symlink_data
[1.215s] DEBUG:colcon.colcon_core.event_handler.log_command:Invoking command in '/home/kjy/Mirobot_ros2/build/mirobot_driver': PYTHONPATH=/home/kjy/Mirobot_ros2/build/mirobot_driver/prefix_override:/usr/lib/python3/dist-packages/colcon_core/task/python/colcon_distutils_commands:/home/kjy/Mirobot_ros2/install/mirobot_driver/lib/python3.10/site-packages:${PYTHONPATH} /usr/bin/python3 -W ignore:setup.py install is deprecated -W ignore:easy_install command is deprecated setup.py develop --editable --build-directory /home/kjy/Mirobot_ros2/build/mirobot_driver/build --no-deps symlink_data
[1.472s] Level 1:colcon.colcon_core.shell:create_environment_hook('mirobot_driver', 'pythonpath_develop')
[1.472s] INFO:colcon.colcon_core.shell:Creating environment hook '/home/kjy/Mirobot_ros2/build/mirobot_driver/share/mirobot_driver/hook/pythonpath_develop.ps1'
[1.472s] DEBUG:colcon.colcon_core.event_handler.log_command:Invoked command in '/home/kjy/Mirobot_ros2/build/mirobot_driver' returned '0': PYTHONPATH=/home/kjy/Mirobot_ros2/build/mirobot_driver/prefix_override:/usr/lib/python3/dist-packages/colcon_core/task/python/colcon_distutils_commands:/home/kjy/Mirobot_ros2/install/mirobot_driver/lib/python3.10/site-packages:${PYTHONPATH} /usr/bin/python3 -W ignore:setup.py install is deprecated -W ignore:easy_install command is deprecated setup.py develop --editable --build-directory /home/kjy/Mirobot_ros2/build/mirobot_driver/build --no-deps symlink_data
[1.473s] INFO:colcon.colcon_core.shell:Creating environment descriptor '/home/kjy/Mirobot_ros2/build/mirobot_driver/share/mirobot_driver/hook/pythonpath_develop.dsv'
[1.473s] INFO:colcon.colcon_core.shell:Creating environment hook '/home/kjy/Mirobot_ros2/build/mirobot_driver/share/mirobot_driver/hook/pythonpath_develop.sh'
[1.473s] Level 1:colcon.colcon_core.environment:checking '/home/kjy/Mirobot_ros2/install/mirobot_driver' for CMake module files
[1.474s] Level 1:colcon.colcon_core.environment:checking '/home/kjy/Mirobot_ros2/install/mirobot_driver' for CMake config files
[1.474s] Level 1:colcon.colcon_core.environment:checking '/home/kjy/Mirobot_ros2/install/mirobot_driver/lib'
[1.474s] Level 1:colcon.colcon_core.environment:checking '/home/kjy/Mirobot_ros2/install/mirobot_driver/bin'
[1.474s] Level 1:colcon.colcon_core.environment:checking '/home/kjy/Mirobot_ros2/install/mirobot_driver/lib/pkgconfig/mirobot_driver.pc'
[1.474s] Level 1:colcon.colcon_core.environment:checking '/home/kjy/Mirobot_ros2/install/mirobot_driver/lib/python3.10/site-packages'
[1.474s] Level 1:colcon.colcon_core.shell:create_environment_hook('mirobot_driver', 'pythonpath')
[1.475s] INFO:colcon.colcon_core.shell:Creating environment hook '/home/kjy/Mirobot_ros2/install/mirobot_driver/share/mirobot_driver/hook/pythonpath.ps1'
[1.475s] INFO:colcon.colcon_core.shell:Creating environment descriptor '/home/kjy/Mirobot_ros2/install/mirobot_driver/share/mirobot_driver/hook/pythonpath.dsv'
[1.475s] INFO:colcon.colcon_core.shell:Creating environment hook '/home/kjy/Mirobot_ros2/install/mirobot_driver/share/mirobot_driver/hook/pythonpath.sh'
[1.475s] Level 1:colcon.colcon_core.environment:checking '/home/kjy/Mirobot_ros2/install/mirobot_driver/bin'
[1.475s] Level 1:colcon.colcon_core.environment:create_environment_scripts_only(mirobot_driver)
[1.476s] INFO:colcon.colcon_core.shell:Creating package script '/home/kjy/Mirobot_ros2/install/mirobot_driver/share/mirobot_driver/package.ps1'
[1.476s] INFO:colcon.colcon_core.shell:Creating package descriptor '/home/kjy/Mirobot_ros2/install/mirobot_driver/share/mirobot_driver/package.dsv'
[1.476s] INFO:colcon.colcon_core.shell:Creating package script '/home/kjy/Mirobot_ros2/install/mirobot_driver/share/mirobot_driver/package.sh'
[1.476s] INFO:colcon.colcon_core.shell:Creating package script '/home/kjy/Mirobot_ros2/install/mirobot_driver/share/mirobot_driver/package.bash'
[1.477s] INFO:colcon.colcon_core.shell:Creating package script '/home/kjy/Mirobot_ros2/install/mirobot_driver/share/mirobot_driver/package.zsh'
[1.477s] Level 1:colcon.colcon_core.environment:create_file_with_runtime_dependencies(/home/kjy/Mirobot_ros2/install/mirobot_driver/share/colcon-core/packages/mirobot_driver)
[1.477s] INFO:colcon.colcon_ros.task.ament_python.build:Building ROS package in '/home/kjy/Mirobot_ros2/src/mirobot_master_slave' with build type 'ament_python'
[1.477s] Level 1:colcon.colcon_core.shell:create_environment_hook('mirobot_master_slave', 'ament_prefix_path')
[1.477s] INFO:colcon.colcon_core.shell:Creating environment hook '/home/kjy/Mirobot_ros2/install/mirobot_master_slave/share/mirobot_master_slave/hook/ament_prefix_path.ps1'
[1.478s] INFO:colcon.colcon_core.shell:Creating environment descriptor '/home/kjy/Mirobot_ros2/install/mirobot_master_slave/share/mirobot_master_slave/hook/ament_prefix_path.dsv'
[1.478s] INFO:colcon.colcon_core.shell:Creating environment hook '/home/kjy/Mirobot_ros2/install/mirobot_master_slave/share/mirobot_master_slave/hook/ament_prefix_path.sh'
[1.478s] INFO:colcon.colcon_core.shell:Skip shell extension 'powershell' for command environment: Not usable outside of PowerShell
[1.478s] DEBUG:colcon.colcon_core.shell:Skip shell extension 'dsv' for command environment
[1.481s] Level 1:colcon.colcon_core.shell:create_environment_hook('vision_robot', 'pythonpath_develop')
[1.482s] INFO:colcon.colcon_core.shell:Creating environment hook '/home/kjy/Mirobot_ros2/build/vision_robot/share/vision_robot/hook/pythonpath_develop.ps1'
[1.482s] DEBUG:colcon.colcon_core.event_handler.log_command:Invoked command in '/home/kjy/Mirobot_ros2/build/vision_robot' returned '0': PYTHONPATH=/home/kjy/Mirobot_ros2/build/vision_robot/prefix_override:/usr/lib/python3/dist-packages/colcon_core/task/python/colcon_distutils_commands:/home/kjy/Mirobot_ros2/install/vision_robot/lib/python3.10/site-packages:${PYTHONPATH} /usr/bin/python3 -W ignore:setup.py install is deprecated -W ignore:easy_install command is deprecated setup.py develop --editable --build-directory /home/kjy/Mirobot_ros2/build/vision_robot/build --no-deps symlink_data
[1.482s] INFO:colcon.colcon_core.shell:Creating environment descriptor '/home/kjy/Mirobot_ros2/build/vision_robot/share/vision_robot/hook/pythonpath_develop.dsv'
[1.483s] INFO:colcon.colcon_core.shell:Creating environment hook '/home/kjy/Mirobot_ros2/build/vision_robot/share/vision_robot/hook/pythonpath_develop.sh'
[1.483s] Level 1:colcon.colcon_core.environment:checking '/home/kjy/Mirobot_ros2/install/vision_robot' for CMake module files
[1.483s] Level 1:colcon.colcon_core.environment:checking '/home/kjy/Mirobot_ros2/install/vision_robot' for CMake config files
[1.484s] Level 1:colcon.colcon_core.environment:checking '/home/kjy/Mirobot_ros2/install/vision_robot/lib'
[1.484s] Level 1:colcon.colcon_core.environment:checking '/home/kjy/Mirobot_ros2/install/vision_robot/bin'
[1.484s] Level 1:colcon.colcon_core.environment:checking '/home/kjy/Mirobot_ros2/install/vision_robot/lib/pkgconfig/vision_robot.pc'
[1.484s] Level 1:colcon.colcon_core.environment:checking '/home/kjy/Mirobot_ros2/install/vision_robot/lib/python3.10/site-packages'
[1.484s] Level 1:colcon.colcon_core.shell:create_environment_hook('vision_robot', 'pythonpath')
[1.484s] INFO:colcon.colcon_core.shell:Creating environment hook '/home/kjy/Mirobot_ros2/install/vision_robot/share/vision_robot/hook/pythonpath.ps1'
[1.484s] INFO:colcon.colcon_core.shell:Creating environment descriptor '/home/kjy/Mirobot_ros2/install/vision_robot/share/vision_robot/hook/pythonpath.dsv'
[1.485s] INFO:colcon.colcon_core.shell:Creating environment hook '/home/kjy/Mirobot_ros2/install/vision_robot/share/vision_robot/hook/pythonpath.sh'
[1.485s] Level 1:colcon.colcon_core.environment:checking '/home/kjy/Mirobot_ros2/install/vision_robot/bin'
[1.485s] Level 1:colcon.colcon_core.environment:create_environment_scripts_only(vision_robot)
[1.485s] INFO:colcon.colcon_core.shell:Creating package script '/home/kjy/Mirobot_ros2/install/vision_robot/share/vision_robot/package.ps1'
[1.486s] INFO:colcon.colcon_core.shell:Creating package descriptor '/home/kjy/Mirobot_ros2/install/vision_robot/share/vision_robot/package.dsv'
[1.486s] INFO:colcon.colcon_core.shell:Creating package script '/home/kjy/Mirobot_ros2/install/vision_robot/share/vision_robot/package.sh'
[1.486s] INFO:colcon.colcon_core.shell:Creating package script '/home/kjy/Mirobot_ros2/install/vision_robot/share/vision_robot/package.bash'
[1.486s] INFO:colcon.colcon_core.shell:Creating package script '/home/kjy/Mirobot_ros2/install/vision_robot/share/vision_robot/package.zsh'
[1.487s] Level 1:colcon.colcon_core.environment:create_file_with_runtime_dependencies(/home/kjy/Mirobot_ros2/install/vision_robot/share/colcon-core/packages/vision_robot)
[1.634s] INFO:colcon.colcon_core.task.python.build:Building Python package in '/home/kjy/Mirobot_ros2/src/mirobot_master_slave'
[1.634s] INFO:colcon.colcon_core.shell:Skip shell extension 'powershell' for command environment: Not usable outside of PowerShell
[1.634s] DEBUG:colcon.colcon_core.shell:Skip shell extension 'dsv' for command environment
[1.843s] DEBUG:colcon.colcon_core.event_handler.log_command:Invoking command in '/home/kjy/Mirobot_ros2/build/mirobot_master_slave': AMENT_PREFIX_PATH=/home/kjy/Mirobot_ros2/install/mirobot_driver:/home/kjy/Mirobot_ros2/install/vision_robot:/home/kjy/Mirobot_ros2/install/mirobot_master_slave:/home/kjy/Mirobot_ros2/install/mirobot_description:/opt/ros/humble PYTHONPATH=/home/kjy/Mirobot_ros2/build/mirobot_master_slave/prefix_override:/usr/lib/python3/dist-packages/colcon_core/task/python/colcon_distutils_commands:/home/kjy/Mirobot_ros2/install/mirobot_master_slave/lib/python3.10/site-packages:/home/kjy/Mirobot_ros2/build/mirobot_driver:/home/kjy/Mirobot_ros2/install/mirobot_driver/lib/python3.10/site-packages:/home/kjy/Mirobot_ros2/build/vision_robot:/home/kjy/Mirobot_ros2/install/vision_robot/lib/python3.10/site-packages:/home/kjy/Mirobot_ros2/build/mirobot_master_slave:/home/kjy/Mirobot_ros2/install/mirobot_master_slave/lib/python3.10/site-packages:/opt/ros/humble/lib/python3.10/site-packages:/opt/ros/humble/local/lib/python3.10/dist-packages /usr/bin/python3 -W ignore:setup.py install is deprecated -W ignore:easy_install command is deprecated setup.py develop --editable --build-directory /home/kjy/Mirobot_ros2/build/mirobot_master_slave/build --no-deps symlink_data
[2.092s] Level 1:colcon.colcon_core.shell:create_environment_hook('mirobot_master_slave', 'pythonpath_develop')
[2.093s] INFO:colcon.colcon_core.shell:Creating environment hook '/home/kjy/Mirobot_ros2/build/mirobot_master_slave/share/mirobot_master_slave/hook/pythonpath_develop.ps1'
[2.093s] DEBUG:colcon.colcon_core.event_handler.log_command:Invoked command in '/home/kjy/Mirobot_ros2/build/mirobot_master_slave' returned '0': AMENT_PREFIX_PATH=/home/kjy/Mirobot_ros2/install/mirobot_driver:/home/kjy/Mirobot_ros2/install/vision_robot:/home/kjy/Mirobot_ros2/install/mirobot_master_slave:/home/kjy/Mirobot_ros2/install/mirobot_description:/opt/ros/humble PYTHONPATH=/home/kjy/Mirobot_ros2/build/mirobot_master_slave/prefix_override:/usr/lib/python3/dist-packages/colcon_core/task/python/colcon_distutils_commands:/home/kjy/Mirobot_ros2/install/mirobot_master_slave/lib/python3.10/site-packages:/home/kjy/Mirobot_ros2/build/mirobot_driver:/home/kjy/Mirobot_ros2/install/mirobot_driver/lib/python3.10/site-packages:/home/kjy/Mirobot_ros2/build/vision_robot:/home/kjy/Mirobot_ros2/install/vision_robot/lib/python3.10/site-packages:/home/kjy/Mirobot_ros2/build/mirobot_master_slave:/home/kjy/Mirobot_ros2/install/mirobot_master_slave/lib/python3.10/site-packages:/opt/ros/humble/lib/python3.10/site-packages:/opt/ros/humble/local/lib/python3.10/dist-packages /usr/bin/python3 -W ignore:setup.py install is deprecated -W ignore:easy_install command is deprecated setup.py develop --editable --build-directory /home/kjy/Mirobot_ros2/build/mirobot_master_slave/build --no-deps symlink_data
[2.093s] INFO:colcon.colcon_core.shell:Creating environment descriptor '/home/kjy/Mirobot_ros2/build/mirobot_master_slave/share/mirobot_master_slave/hook/pythonpath_develop.dsv'
[2.093s] INFO:colcon.colcon_core.shell:Creating environment hook '/home/kjy/Mirobot_ros2/build/mirobot_master_slave/share/mirobot_master_slave/hook/pythonpath_develop.sh'
[2.094s] Level 1:colcon.colcon_core.environment:checking '/home/kjy/Mirobot_ros2/install/mirobot_master_slave' for CMake module files
[2.094s] Level 1:colcon.colcon_core.environment:checking '/home/kjy/Mirobot_ros2/install/mirobot_master_slave' for CMake config files
[2.094s] Level 1:colcon.colcon_core.environment:checking '/home/kjy/Mirobot_ros2/install/mirobot_master_slave/lib'
[2.095s] Level 1:colcon.colcon_core.environment:checking '/home/kjy/Mirobot_ros2/install/mirobot_master_slave/bin'
[2.095s] Level 1:colcon.colcon_core.environment:checking '/home/kjy/Mirobot_ros2/install/mirobot_master_slave/lib/pkgconfig/mirobot_master_slave.pc'
[2.095s] Level 1:colcon.colcon_core.environment:checking '/home/kjy/Mirobot_ros2/install/mirobot_master_slave/lib/python3.10/site-packages'
[2.095s] Level 1:colcon.colcon_core.shell:create_environment_hook('mirobot_master_slave', 'pythonpath')
[2.095s] INFO:colcon.colcon_core.shell:Creating environment hook '/home/kjy/Mirobot_ros2/install/mirobot_master_slave/share/mirobot_master_slave/hook/pythonpath.ps1'
[2.095s] INFO:colcon.colcon_core.shell:Creating environment descriptor '/home/kjy/Mirobot_ros2/install/mirobot_master_slave/share/mirobot_master_slave/hook/pythonpath.dsv'
[2.095s] INFO:colcon.colcon_core.shell:Creating environment hook '/home/kjy/Mirobot_ros2/install/mirobot_master_slave/share/mirobot_master_slave/hook/pythonpath.sh'
[2.096s] Level 1:colcon.colcon_core.environment:checking '/home/kjy/Mirobot_ros2/install/mirobot_master_slave/bin'
[2.096s] Level 1:colcon.colcon_core.environment:create_environment_scripts_only(mirobot_master_slave)
[2.096s] INFO:colcon.colcon_core.shell:Creating package script '/home/kjy/Mirobot_ros2/install/mirobot_master_slave/share/mirobot_master_slave/package.ps1'
[2.096s] INFO:colcon.colcon_core.shell:Creating package descriptor '/home/kjy/Mirobot_ros2/install/mirobot_master_slave/share/mirobot_master_slave/package.dsv'
[2.096s] INFO:colcon.colcon_core.shell:Creating package script '/home/kjy/Mirobot_ros2/install/mirobot_master_slave/share/mirobot_master_slave/package.sh'
[2.097s] INFO:colcon.colcon_core.shell:Creating package script '/home/kjy/Mirobot_ros2/install/mirobot_master_slave/share/mirobot_master_slave/package.bash'
[2.097s] INFO:colcon.colcon_core.shell:Creating package script '/home/kjy/Mirobot_ros2/install/mirobot_master_slave/share/mirobot_master_slave/package.zsh'
[2.097s] Level 1:colcon.colcon_core.environment:create_file_with_runtime_dependencies(/home/kjy/Mirobot_ros2/install/mirobot_master_slave/share/colcon-core/packages/mirobot_master_slave)
[2.097s] DEBUG:colcon.colcon_parallel_executor.executor.parallel:closing loop
[2.097s] DEBUG:colcon.colcon_parallel_executor.executor.parallel:loop closed
[2.098s] DEBUG:colcon.colcon_parallel_executor.executor.parallel:run_until_complete finished with '0'
[2.098s] DEBUG:colcon.colcon_core.event_reactor:joining thread
[2.102s] INFO:colcon.colcon_core.plugin_system:Skipping extension 'colcon_notification.desktop_notification.terminal_notifier': Not used on non-Darwin systems
[2.102s] INFO:colcon.colcon_core.plugin_system:Skipping extension 'colcon_notification.desktop_notification.win32': Not used on non-Windows systems
[2.102s] INFO:colcon.colcon_notification.desktop_notification:Sending desktop notification using 'notify2'
[2.111s] DEBUG:colcon.colcon_core.event_reactor:joined thread
[2.111s] INFO:colcon.colcon_core.shell:Creating prefix script '/home/kjy/Mirobot_ros2/install/local_setup.ps1'
[2.113s] INFO:colcon.colcon_core.shell:Creating prefix util module '/home/kjy/Mirobot_ros2/install/_local_setup_util_ps1.py'
[2.114s] INFO:colcon.colcon_core.shell:Creating prefix chain script '/home/kjy/Mirobot_ros2/install/setup.ps1'
[2.115s] INFO:colcon.colcon_core.shell:Creating prefix script '/home/kjy/Mirobot_ros2/install/local_setup.sh'
[2.116s] INFO:colcon.colcon_core.shell:Creating prefix util module '/home/kjy/Mirobot_ros2/install/_local_setup_util_sh.py'
[2.116s] INFO:colcon.colcon_core.shell:Creating prefix chain script '/home/kjy/Mirobot_ros2/install/setup.sh'
[2.117s] INFO:colcon.colcon_core.shell:Creating prefix script '/home/kjy/Mirobot_ros2/install/local_setup.bash'
[2.117s] INFO:colcon.colcon_core.shell:Creating prefix chain script '/home/kjy/Mirobot_ros2/install/setup.bash'
[2.118s] INFO:colcon.colcon_core.shell:Creating prefix script '/home/kjy/Mirobot_ros2/install/local_setup.zsh'
[2.118s] INFO:colcon.colcon_core.shell:Creating prefix chain script '/home/kjy/Mirobot_ros2/install/setup.zsh'
