running egg_info
writing ../../build/mirobot_order_delivery/mirobot_order_delivery.egg-info/PKG-INFO
writing dependency_links to ../../build/mirobot_order_delivery/mirobot_order_delivery.egg-info/dependency_links.txt
writing entry points to ../../build/mirobot_order_delivery/mirobot_order_delivery.egg-info/entry_points.txt
writing requirements to ../../build/mirobot_order_delivery/mirobot_order_delivery.egg-info/requires.txt
writing top-level names to ../../build/mirobot_order_delivery/mirobot_order_delivery.egg-info/top_level.txt
reading manifest file '../../build/mirobot_order_delivery/mirobot_order_delivery.egg-info/SOURCES.txt'
writing manifest file '../../build/mirobot_order_delivery/mirobot_order_delivery.egg-info/SOURCES.txt'
running build
running build_py
running install
running install_lib
running install_data
running install_egg_info
removing '/home/kjy/Mirobot_ros2/install/mirobot_order_delivery/lib/python3.10/site-packages/mirobot_order_delivery-0.2.0-py3.10.egg-info' (and everything under it)
Copying ../../build/mirobot_order_delivery/mirobot_order_delivery.egg-info to /home/kjy/Mirobot_ros2/install/mirobot_order_delivery/lib/python3.10/site-packages/mirobot_order_delivery-0.2.0-py3.10.egg-info
running install_scripts
Installing delivery_node script to /home/kjy/Mirobot_ros2/install/mirobot_order_delivery/lib/mirobot_order_delivery
Installing simulate_order script to /home/kjy/Mirobot_ros2/install/mirobot_order_delivery/lib/mirobot_order_delivery
writing list of installed files to '/home/kjy/Mirobot_ros2/build/mirobot_order_delivery/install.log'
