[0.822s] Invoking command in '/home/kjy/Mirobot_ros2/src/mirobot_driver': PS1=(yolov5_env) \[\e]0;\u@\h: \w\a\]${debian_chroot:+($debian_chroot)}\[\033[01;32m\]\u@\h\[\033[00m\]:\[\033[01;34m\]\w\[\033[00m\]\$ PYTHONPATH=/home/kjy/Mirobot_ros2/build/mirobot_driver/prefix_override:/usr/lib/python3/dist-packages/colcon_core/task/python/colcon_distutils_commands:/home/kjy/Mirobot_ros2/install/mirobot_driver/lib/python3.10/site-packages:${PYTHONPATH} VIRTUAL_ENV_PROMPT=(yolov5_env) /usr/bin/python3 -W ignore:setup.py install is deprecated -W ignore:easy_install command is deprecated setup.py egg_info --egg-base ../../build/mirobot_driver build --build-base /home/kjy/Mirobot_ros2/build/mirobot_driver/build install --record /home/kjy/Mirobot_ros2/build/mirobot_driver/install.log --single-version-externally-managed install_data
[0.945s] running egg_info
[0.945s] writing ../../build/mirobot_driver/mirobot_driver.egg-info/PKG-INFO
[0.945s] writing dependency_links to ../../build/mirobot_driver/mirobot_driver.egg-info/dependency_links.txt
[0.945s] writing entry points to ../../build/mirobot_driver/mirobot_driver.egg-info/entry_points.txt
[0.946s] writing requirements to ../../build/mirobot_driver/mirobot_driver.egg-info/requires.txt
[0.946s] writing top-level names to ../../build/mirobot_driver/mirobot_driver.egg-info/top_level.txt
[0.946s] reading manifest file '../../build/mirobot_driver/mirobot_driver.egg-info/SOURCES.txt'
[0.947s] writing manifest file '../../build/mirobot_driver/mirobot_driver.egg-info/SOURCES.txt'
[0.947s] running build
[0.947s] running build_py
[0.947s] running install
[0.947s] running install_lib
[0.948s] running install_data
[0.948s] running install_egg_info
[0.949s] removing '/home/kjy/Mirobot_ros2/install/mirobot_driver/lib/python3.10/site-packages/mirobot_driver-0.0.0-py3.10.egg-info' (and everything under it)
[0.949s] Copying ../../build/mirobot_driver/mirobot_driver.egg-info to /home/kjy/Mirobot_ros2/install/mirobot_driver/lib/python3.10/site-packages/mirobot_driver-0.0.0-py3.10.egg-info
[0.949s] running install_scripts
[0.961s] Installing serial_bridge script to /home/kjy/Mirobot_ros2/install/mirobot_driver/lib/mirobot_driver
[0.961s] writing list of installed files to '/home/kjy/Mirobot_ros2/build/mirobot_driver/install.log'
[0.978s] Invoked command in '/home/kjy/Mirobot_ros2/src/mirobot_driver' returned '0': PS1=(yolov5_env) \[\e]0;\u@\h: \w\a\]${debian_chroot:+($debian_chroot)}\[\033[01;32m\]\u@\h\[\033[00m\]:\[\033[01;34m\]\w\[\033[00m\]\$ PYTHONPATH=/home/kjy/Mirobot_ros2/build/mirobot_driver/prefix_override:/usr/lib/python3/dist-packages/colcon_core/task/python/colcon_distutils_commands:/home/kjy/Mirobot_ros2/install/mirobot_driver/lib/python3.10/site-packages:${PYTHONPATH} VIRTUAL_ENV_PROMPT=(yolov5_env) /usr/bin/python3 -W ignore:setup.py install is deprecated -W ignore:easy_install command is deprecated setup.py egg_info --egg-base ../../build/mirobot_driver build --build-base /home/kjy/Mirobot_ros2/build/mirobot_driver/build install --record /home/kjy/Mirobot_ros2/build/mirobot_driver/install.log --single-version-externally-managed install_data
