[0.912s] Invoking command in '/home/kjy/Mirobot_ros2/src/mirobot_driver': PS1=(yolov5_env) \[\e]0;\u@\h: \w\a\]${debian_chroot:+($debian_chroot)}\[\033[01;32m\]\u@\h\[\033[00m\]:\[\033[01;34m\]\w\[\033[00m\]\$ PYTHONPATH=/home/kjy/Mirobot_ros2/build/mirobot_driver/prefix_override:/usr/lib/python3/dist-packages/colcon_core/task/python/colcon_distutils_commands:/home/kjy/Mirobot_ros2/install/mirobot_driver/lib/python3.10/site-packages:${PYTHONPATH} VIRTUAL_ENV_PROMPT=(yolov5_env) /usr/bin/python3 -W ignore:setup.py install is deprecated -W ignore:easy_install command is deprecated setup.py egg_info --egg-base ../../build/mirobot_driver build --build-base /home/kjy/Mirobot_ros2/build/mirobot_driver/build install --record /home/kjy/Mirobot_ros2/build/mirobot_driver/install.log --single-version-externally-managed install_data
[1.032s] running egg_info
[1.032s] writing ../../build/mirobot_driver/mirobot_driver.egg-info/PKG-INFO
[1.035s] writing dependency_links to ../../build/mirobot_driver/mirobot_driver.egg-info/dependency_links.txt
[1.035s] writing entry points to ../../build/mirobot_driver/mirobot_driver.egg-info/entry_points.txt
[1.035s] writing requirements to ../../build/mirobot_driver/mirobot_driver.egg-info/requires.txt
[1.036s] writing top-level names to ../../build/mirobot_driver/mirobot_driver.egg-info/top_level.txt
[1.037s] reading manifest file '../../build/mirobot_driver/mirobot_driver.egg-info/SOURCES.txt'
[1.037s] writing manifest file '../../build/mirobot_driver/mirobot_driver.egg-info/SOURCES.txt'
[1.037s] running build
[1.037s] running build_py
[1.038s] running install
[1.038s] running install_lib
[1.038s] running install_data
[1.039s] copying launch/mirobot_full_control.launch.py -> /home/kjy/Mirobot_ros2/install/mirobot_driver/share/mirobot_driver/launch
[1.039s] running install_egg_info
[1.039s] removing '/home/kjy/Mirobot_ros2/install/mirobot_driver/lib/python3.10/site-packages/mirobot_driver-0.0.0-py3.10.egg-info' (and everything under it)
[1.040s] Copying ../../build/mirobot_driver/mirobot_driver.egg-info to /home/kjy/Mirobot_ros2/install/mirobot_driver/lib/python3.10/site-packages/mirobot_driver-0.0.0-py3.10.egg-info
[1.041s] running install_scripts
[1.052s] Installing serial_bridge script to /home/kjy/Mirobot_ros2/install/mirobot_driver/lib/mirobot_driver
[1.052s] writing list of installed files to '/home/kjy/Mirobot_ros2/build/mirobot_driver/install.log'
[1.071s] Invoked command in '/home/kjy/Mirobot_ros2/src/mirobot_driver' returned '0': PS1=(yolov5_env) \[\e]0;\u@\h: \w\a\]${debian_chroot:+($debian_chroot)}\[\033[01;32m\]\u@\h\[\033[00m\]:\[\033[01;34m\]\w\[\033[00m\]\$ PYTHONPATH=/home/kjy/Mirobot_ros2/build/mirobot_driver/prefix_override:/usr/lib/python3/dist-packages/colcon_core/task/python/colcon_distutils_commands:/home/kjy/Mirobot_ros2/install/mirobot_driver/lib/python3.10/site-packages:${PYTHONPATH} VIRTUAL_ENV_PROMPT=(yolov5_env) /usr/bin/python3 -W ignore:setup.py install is deprecated -W ignore:easy_install command is deprecated setup.py egg_info --egg-base ../../build/mirobot_driver build --build-base /home/kjy/Mirobot_ros2/build/mirobot_driver/build install --record /home/kjy/Mirobot_ros2/build/mirobot_driver/install.log --single-version-externally-managed install_data
