running egg_info
creating ../../build/mirobot_order_delivery/mirobot_order_delivery.egg-info
writing ../../build/mirobot_order_delivery/mirobot_order_delivery.egg-info/PKG-INFO
writing dependency_links to ../../build/mirobot_order_delivery/mirobot_order_delivery.egg-info/dependency_links.txt
writing entry points to ../../build/mirobot_order_delivery/mirobot_order_delivery.egg-info/entry_points.txt
writing requirements to ../../build/mirobot_order_delivery/mirobot_order_delivery.egg-info/requires.txt
writing top-level names to ../../build/mirobot_order_delivery/mirobot_order_delivery.egg-info/top_level.txt
writing manifest file '../../build/mirobot_order_delivery/mirobot_order_delivery.egg-info/SOURCES.txt'
reading manifest file '../../build/mirobot_order_delivery/mirobot_order_delivery.egg-info/SOURCES.txt'
writing manifest file '../../build/mirobot_order_delivery/mirobot_order_delivery.egg-info/SOURCES.txt'
running build
running build_py
creating /home/kjy/Mirobot_ros2/build/mirobot_order_delivery/build
creating /home/kjy/Mirobot_ros2/build/mirobot_order_delivery/build/lib
creating /home/kjy/Mirobot_ros2/build/mirobot_order_delivery/build/lib/mirobot_order_delivery
copying mirobot_order_delivery/delivery_node.py -> /home/kjy/Mirobot_ros2/build/mirobot_order_delivery/build/lib/mirobot_order_delivery
copying mirobot_order_delivery/simulate_order.py -> /home/kjy/Mirobot_ros2/build/mirobot_order_delivery/build/lib/mirobot_order_delivery
copying mirobot_order_delivery/__init__.py -> /home/kjy/Mirobot_ros2/build/mirobot_order_delivery/build/lib/mirobot_order_delivery
copying mirobot_order_delivery/calibration.py -> /home/kjy/Mirobot_ros2/build/mirobot_order_delivery/build/lib/mirobot_order_delivery
copying mirobot_order_delivery/robot_gcode.py -> /home/kjy/Mirobot_ros2/build/mirobot_order_delivery/build/lib/mirobot_order_delivery
copying mirobot_order_delivery/geometry.py -> /home/kjy/Mirobot_ros2/build/mirobot_order_delivery/build/lib/mirobot_order_delivery
copying mirobot_order_delivery/vision.py -> /home/kjy/Mirobot_ros2/build/mirobot_order_delivery/build/lib/mirobot_order_delivery
running install
running install_lib
creating /home/kjy/Mirobot_ros2/install/mirobot_order_delivery/lib/python3.10/site-packages/mirobot_order_delivery
copying /home/kjy/Mirobot_ros2/build/mirobot_order_delivery/build/lib/mirobot_order_delivery/delivery_node.py -> /home/kjy/Mirobot_ros2/install/mirobot_order_delivery/lib/python3.10/site-packages/mirobot_order_delivery
copying /home/kjy/Mirobot_ros2/build/mirobot_order_delivery/build/lib/mirobot_order_delivery/simulate_order.py -> /home/kjy/Mirobot_ros2/install/mirobot_order_delivery/lib/python3.10/site-packages/mirobot_order_delivery
copying /home/kjy/Mirobot_ros2/build/mirobot_order_delivery/build/lib/mirobot_order_delivery/__init__.py -> /home/kjy/Mirobot_ros2/install/mirobot_order_delivery/lib/python3.10/site-packages/mirobot_order_delivery
copying /home/kjy/Mirobot_ros2/build/mirobot_order_delivery/build/lib/mirobot_order_delivery/calibration.py -> /home/kjy/Mirobot_ros2/install/mirobot_order_delivery/lib/python3.10/site-packages/mirobot_order_delivery
copying /home/kjy/Mirobot_ros2/build/mirobot_order_delivery/build/lib/mirobot_order_delivery/robot_gcode.py -> /home/kjy/Mirobot_ros2/install/mirobot_order_delivery/lib/python3.10/site-packages/mirobot_order_delivery
copying /home/kjy/Mirobot_ros2/build/mirobot_order_delivery/build/lib/mirobot_order_delivery/geometry.py -> /home/kjy/Mirobot_ros2/install/mirobot_order_delivery/lib/python3.10/site-packages/mirobot_order_delivery
copying /home/kjy/Mirobot_ros2/build/mirobot_order_delivery/build/lib/mirobot_order_delivery/vision.py -> /home/kjy/Mirobot_ros2/install/mirobot_order_delivery/lib/python3.10/site-packages/mirobot_order_delivery
byte-compiling /home/kjy/Mirobot_ros2/install/mirobot_order_delivery/lib/python3.10/site-packages/mirobot_order_delivery/delivery_node.py to delivery_node.cpython-310.pyc
byte-compiling /home/kjy/Mirobot_ros2/install/mirobot_order_delivery/lib/python3.10/site-packages/mirobot_order_delivery/simulate_order.py to simulate_order.cpython-310.pyc
byte-compiling /home/kjy/Mirobot_ros2/install/mirobot_order_delivery/lib/python3.10/site-packages/mirobot_order_delivery/__init__.py to __init__.cpython-310.pyc
byte-compiling /home/kjy/Mirobot_ros2/install/mirobot_order_delivery/lib/python3.10/site-packages/mirobot_order_delivery/calibration.py to calibration.cpython-310.pyc
byte-compiling /home/kjy/Mirobot_ros2/install/mirobot_order_delivery/lib/python3.10/site-packages/mirobot_order_delivery/robot_gcode.py to robot_gcode.cpython-310.pyc
byte-compiling /home/kjy/Mirobot_ros2/install/mirobot_order_delivery/lib/python3.10/site-packages/mirobot_order_delivery/geometry.py to geometry.cpython-310.pyc
byte-compiling /home/kjy/Mirobot_ros2/install/mirobot_order_delivery/lib/python3.10/site-packages/mirobot_order_delivery/vision.py to vision.cpython-310.pyc
running install_data
creating /home/kjy/Mirobot_ros2/install/mirobot_order_delivery/share/ament_index
creating /home/kjy/Mirobot_ros2/install/mirobot_order_delivery/share/ament_index/resource_index
creating /home/kjy/Mirobot_ros2/install/mirobot_order_delivery/share/ament_index/resource_index/packages
copying resource/mirobot_order_delivery -> /home/kjy/Mirobot_ros2/install/mirobot_order_delivery/share/ament_index/resource_index/packages
copying package.xml -> /home/kjy/Mirobot_ros2/install/mirobot_order_delivery/share/mirobot_order_delivery
copying README.md -> /home/kjy/Mirobot_ros2/install/mirobot_order_delivery/share/mirobot_order_delivery
copying requirements.txt -> /home/kjy/Mirobot_ros2/install/mirobot_order_delivery/share/mirobot_order_delivery
creating /home/kjy/Mirobot_ros2/install/mirobot_order_delivery/share/mirobot_order_delivery/config
copying /home/kjy/Mirobot_ros2/src/mirobot_order_delivery/config/order_delivery.yaml -> /home/kjy/Mirobot_ros2/install/mirobot_order_delivery/share/mirobot_order_delivery/config
copying /home/kjy/Mirobot_ros2/src/mirobot_order_delivery/config/mirobot_domain_bridge.yaml -> /home/kjy/Mirobot_ros2/install/mirobot_order_delivery/share/mirobot_order_delivery/config
creating /home/kjy/Mirobot_ros2/install/mirobot_order_delivery/share/mirobot_order_delivery/launch
copying /home/kjy/Mirobot_ros2/src/mirobot_order_delivery/launch/robot_only.launch.py -> /home/kjy/Mirobot_ros2/install/mirobot_order_delivery/share/mirobot_order_delivery/launch
copying /home/kjy/Mirobot_ros2/src/mirobot_order_delivery/launch/robot_with_bridge.launch.py -> /home/kjy/Mirobot_ros2/install/mirobot_order_delivery/share/mirobot_order_delivery/launch
copying /home/kjy/Mirobot_ros2/src/mirobot_order_delivery/launch/delivery_only.launch.py -> /home/kjy/Mirobot_ros2/install/mirobot_order_delivery/share/mirobot_order_delivery/launch
copying /home/kjy/Mirobot_ros2/src/mirobot_order_delivery/launch/bridge_only.launch.py -> /home/kjy/Mirobot_ros2/install/mirobot_order_delivery/share/mirobot_order_delivery/launch
creating /home/kjy/Mirobot_ros2/install/mirobot_order_delivery/share/mirobot_order_delivery/data
copying /home/kjy/Mirobot_ros2/src/mirobot_order_delivery/data/README.md -> /home/kjy/Mirobot_ros2/install/mirobot_order_delivery/share/mirobot_order_delivery/data
running install_egg_info
Copying ../../build/mirobot_order_delivery/mirobot_order_delivery.egg-info to /home/kjy/Mirobot_ros2/install/mirobot_order_delivery/lib/python3.10/site-packages/mirobot_order_delivery-0.2.0-py3.10.egg-info
running install_scripts
Installing delivery_node script to /home/kjy/Mirobot_ros2/install/mirobot_order_delivery/lib/mirobot_order_delivery
Installing simulate_order script to /home/kjy/Mirobot_ros2/install/mirobot_order_delivery/lib/mirobot_order_delivery
writing list of installed files to '/home/kjy/Mirobot_ros2/build/mirobot_order_delivery/install.log'
