[0.744s] Invoking command in '/home/kjy/Mirobot_ros2/src/mirobot_order_delivery': PS1=(yolov5_env) \[\e]0;\u@\h: \w\a\]${debian_chroot:+($debian_chroot)}\[\033[01;32m\]\u@\h\[\033[00m\]:\[\033[01;34m\]\w\[\033[00m\]\$ PYTHONPATH=/home/kjy/Mirobot_ros2/build/mirobot_order_delivery/prefix_override:/usr/lib/python3/dist-packages/colcon_core/task/python/colcon_distutils_commands:/home/kjy/Mirobot_ros2/install/mirobot_order_delivery/lib/python3.10/site-packages:${PYTHONPATH} VIRTUAL_ENV_PROMPT=(yolov5_env) /usr/bin/python3 -W ignore:setup.py install is deprecated -W ignore:easy_install command is deprecated setup.py egg_info --egg-base ../../build/mirobot_order_delivery build --build-base /home/kjy/Mirobot_ros2/build/mirobot_order_delivery/build install --record /home/kjy/Mirobot_ros2/build/mirobot_order_delivery/install.log --single-version-externally-managed install_data
[0.877s] running egg_info
[0.877s] creating ../../build/mirobot_order_delivery/mirobot_order_delivery.egg-info
[0.877s] writing ../../build/mirobot_order_delivery/mirobot_order_delivery.egg-info/PKG-INFO
[0.877s] writing dependency_links to ../../build/mirobot_order_delivery/mirobot_order_delivery.egg-info/dependency_links.txt
[0.877s] writing entry points to ../../build/mirobot_order_delivery/mirobot_order_delivery.egg-info/entry_points.txt
[0.877s] writing requirements to ../../build/mirobot_order_delivery/mirobot_order_delivery.egg-info/requires.txt
[0.877s] writing top-level names to ../../build/mirobot_order_delivery/mirobot_order_delivery.egg-info/top_level.txt
[0.877s] writing manifest file '../../build/mirobot_order_delivery/mirobot_order_delivery.egg-info/SOURCES.txt'
[0.878s] reading manifest file '../../build/mirobot_order_delivery/mirobot_order_delivery.egg-info/SOURCES.txt'
[0.879s] writing manifest file '../../build/mirobot_order_delivery/mirobot_order_delivery.egg-info/SOURCES.txt'
[0.879s] running build
[0.879s] running build_py
[0.879s] creating /home/kjy/Mirobot_ros2/build/mirobot_order_delivery/build
[0.879s] creating /home/kjy/Mirobot_ros2/build/mirobot_order_delivery/build/lib
[0.879s] creating /home/kjy/Mirobot_ros2/build/mirobot_order_delivery/build/lib/mirobot_order_delivery
[0.879s] copying mirobot_order_delivery/delivery_node.py -> /home/kjy/Mirobot_ros2/build/mirobot_order_delivery/build/lib/mirobot_order_delivery
[0.879s] copying mirobot_order_delivery/simulate_order.py -> /home/kjy/Mirobot_ros2/build/mirobot_order_delivery/build/lib/mirobot_order_delivery
[0.879s] copying mirobot_order_delivery/__init__.py -> /home/kjy/Mirobot_ros2/build/mirobot_order_delivery/build/lib/mirobot_order_delivery
[0.879s] copying mirobot_order_delivery/calibration.py -> /home/kjy/Mirobot_ros2/build/mirobot_order_delivery/build/lib/mirobot_order_delivery
[0.879s] copying mirobot_order_delivery/robot_gcode.py -> /home/kjy/Mirobot_ros2/build/mirobot_order_delivery/build/lib/mirobot_order_delivery
[0.879s] copying mirobot_order_delivery/geometry.py -> /home/kjy/Mirobot_ros2/build/mirobot_order_delivery/build/lib/mirobot_order_delivery
[0.879s] copying mirobot_order_delivery/vision.py -> /home/kjy/Mirobot_ros2/build/mirobot_order_delivery/build/lib/mirobot_order_delivery
[0.879s] running install
[0.880s] running install_lib
[0.880s] creating /home/kjy/Mirobot_ros2/install/mirobot_order_delivery/lib/python3.10/site-packages/mirobot_order_delivery
[0.880s] copying /home/kjy/Mirobot_ros2/build/mirobot_order_delivery/build/lib/mirobot_order_delivery/delivery_node.py -> /home/kjy/Mirobot_ros2/install/mirobot_order_delivery/lib/python3.10/site-packages/mirobot_order_delivery
[0.880s] copying /home/kjy/Mirobot_ros2/build/mirobot_order_delivery/build/lib/mirobot_order_delivery/simulate_order.py -> /home/kjy/Mirobot_ros2/install/mirobot_order_delivery/lib/python3.10/site-packages/mirobot_order_delivery
[0.880s] copying /home/kjy/Mirobot_ros2/build/mirobot_order_delivery/build/lib/mirobot_order_delivery/__init__.py -> /home/kjy/Mirobot_ros2/install/mirobot_order_delivery/lib/python3.10/site-packages/mirobot_order_delivery
[0.880s] copying /home/kjy/Mirobot_ros2/build/mirobot_order_delivery/build/lib/mirobot_order_delivery/calibration.py -> /home/kjy/Mirobot_ros2/install/mirobot_order_delivery/lib/python3.10/site-packages/mirobot_order_delivery
[0.880s] copying /home/kjy/Mirobot_ros2/build/mirobot_order_delivery/build/lib/mirobot_order_delivery/robot_gcode.py -> /home/kjy/Mirobot_ros2/install/mirobot_order_delivery/lib/python3.10/site-packages/mirobot_order_delivery
[0.880s] copying /home/kjy/Mirobot_ros2/build/mirobot_order_delivery/build/lib/mirobot_order_delivery/geometry.py -> /home/kjy/Mirobot_ros2/install/mirobot_order_delivery/lib/python3.10/site-packages/mirobot_order_delivery
[0.880s] copying /home/kjy/Mirobot_ros2/build/mirobot_order_delivery/build/lib/mirobot_order_delivery/vision.py -> /home/kjy/Mirobot_ros2/install/mirobot_order_delivery/lib/python3.10/site-packages/mirobot_order_delivery
[0.881s] byte-compiling /home/kjy/Mirobot_ros2/install/mirobot_order_delivery/lib/python3.10/site-packages/mirobot_order_delivery/delivery_node.py to delivery_node.cpython-310.pyc
[0.884s] byte-compiling /home/kjy/Mirobot_ros2/install/mirobot_order_delivery/lib/python3.10/site-packages/mirobot_order_delivery/simulate_order.py to simulate_order.cpython-310.pyc
[0.885s] byte-compiling /home/kjy/Mirobot_ros2/install/mirobot_order_delivery/lib/python3.10/site-packages/mirobot_order_delivery/__init__.py to __init__.cpython-310.pyc
[0.885s] byte-compiling /home/kjy/Mirobot_ros2/install/mirobot_order_delivery/lib/python3.10/site-packages/mirobot_order_delivery/calibration.py to calibration.cpython-310.pyc
[0.885s] byte-compiling /home/kjy/Mirobot_ros2/install/mirobot_order_delivery/lib/python3.10/site-packages/mirobot_order_delivery/robot_gcode.py to robot_gcode.cpython-310.pyc
[0.886s] byte-compiling /home/kjy/Mirobot_ros2/install/mirobot_order_delivery/lib/python3.10/site-packages/mirobot_order_delivery/geometry.py to geometry.cpython-310.pyc
[0.887s] byte-compiling /home/kjy/Mirobot_ros2/install/mirobot_order_delivery/lib/python3.10/site-packages/mirobot_order_delivery/vision.py to vision.cpython-310.pyc
[0.888s] running install_data
[0.888s] creating /home/kjy/Mirobot_ros2/install/mirobot_order_delivery/share/ament_index
[0.888s] creating /home/kjy/Mirobot_ros2/install/mirobot_order_delivery/share/ament_index/resource_index
[0.888s] creating /home/kjy/Mirobot_ros2/install/mirobot_order_delivery/share/ament_index/resource_index/packages
[0.888s] copying resource/mirobot_order_delivery -> /home/kjy/Mirobot_ros2/install/mirobot_order_delivery/share/ament_index/resource_index/packages
[0.888s] copying package.xml -> /home/kjy/Mirobot_ros2/install/mirobot_order_delivery/share/mirobot_order_delivery
[0.888s] copying README.md -> /home/kjy/Mirobot_ros2/install/mirobot_order_delivery/share/mirobot_order_delivery
[0.888s] copying requirements.txt -> /home/kjy/Mirobot_ros2/install/mirobot_order_delivery/share/mirobot_order_delivery
[0.888s] creating /home/kjy/Mirobot_ros2/install/mirobot_order_delivery/share/mirobot_order_delivery/config
[0.888s] copying /home/kjy/Mirobot_ros2/src/mirobot_order_delivery/config/order_delivery.yaml -> /home/kjy/Mirobot_ros2/install/mirobot_order_delivery/share/mirobot_order_delivery/config
[0.888s] copying /home/kjy/Mirobot_ros2/src/mirobot_order_delivery/config/mirobot_domain_bridge.yaml -> /home/kjy/Mirobot_ros2/install/mirobot_order_delivery/share/mirobot_order_delivery/config
[0.888s] creating /home/kjy/Mirobot_ros2/install/mirobot_order_delivery/share/mirobot_order_delivery/launch
[0.888s] copying /home/kjy/Mirobot_ros2/src/mirobot_order_delivery/launch/robot_only.launch.py -> /home/kjy/Mirobot_ros2/install/mirobot_order_delivery/share/mirobot_order_delivery/launch
[0.888s] copying /home/kjy/Mirobot_ros2/src/mirobot_order_delivery/launch/robot_with_bridge.launch.py -> /home/kjy/Mirobot_ros2/install/mirobot_order_delivery/share/mirobot_order_delivery/launch
[0.888s] copying /home/kjy/Mirobot_ros2/src/mirobot_order_delivery/launch/delivery_only.launch.py -> /home/kjy/Mirobot_ros2/install/mirobot_order_delivery/share/mirobot_order_delivery/launch
[0.888s] copying /home/kjy/Mirobot_ros2/src/mirobot_order_delivery/launch/bridge_only.launch.py -> /home/kjy/Mirobot_ros2/install/mirobot_order_delivery/share/mirobot_order_delivery/launch
[0.888s] creating /home/kjy/Mirobot_ros2/install/mirobot_order_delivery/share/mirobot_order_delivery/data
[0.888s] copying /home/kjy/Mirobot_ros2/src/mirobot_order_delivery/data/README.md -> /home/kjy/Mirobot_ros2/install/mirobot_order_delivery/share/mirobot_order_delivery/data
[0.888s] running install_egg_info
[0.889s] Copying ../../build/mirobot_order_delivery/mirobot_order_delivery.egg-info to /home/kjy/Mirobot_ros2/install/mirobot_order_delivery/lib/python3.10/site-packages/mirobot_order_delivery-0.2.0-py3.10.egg-info
[0.890s] running install_scripts
[0.902s] Installing delivery_node script to /home/kjy/Mirobot_ros2/install/mirobot_order_delivery/lib/mirobot_order_delivery
[0.902s] Installing simulate_order script to /home/kjy/Mirobot_ros2/install/mirobot_order_delivery/lib/mirobot_order_delivery
[0.903s] writing list of installed files to '/home/kjy/Mirobot_ros2/build/mirobot_order_delivery/install.log'
[0.922s] Invoked command in '/home/kjy/Mirobot_ros2/src/mirobot_order_delivery' returned '0': PS1=(yolov5_env) \[\e]0;\u@\h: \w\a\]${debian_chroot:+($debian_chroot)}\[\033[01;32m\]\u@\h\[\033[00m\]:\[\033[01;34m\]\w\[\033[00m\]\$ PYTHONPATH=/home/kjy/Mirobot_ros2/build/mirobot_order_delivery/prefix_override:/usr/lib/python3/dist-packages/colcon_core/task/python/colcon_distutils_commands:/home/kjy/Mirobot_ros2/install/mirobot_order_delivery/lib/python3.10/site-packages:${PYTHONPATH} VIRTUAL_ENV_PROMPT=(yolov5_env) /usr/bin/python3 -W ignore:setup.py install is deprecated -W ignore:easy_install command is deprecated setup.py egg_info --egg-base ../../build/mirobot_order_delivery build --build-base /home/kjy/Mirobot_ros2/build/mirobot_order_delivery/build install --record /home/kjy/Mirobot_ros2/build/mirobot_order_delivery/install.log --single-version-externally-managed install_data
