[0.077s] DEBUG:colcon:Command line arguments: ['/usr/bin/colcon', 'build']
[0.077s] DEBUG:colcon:Parsed command line arguments: Namespace(log_base=None, log_level=None, verb_name='build', build_base='build', install_base='install', merge_install=False, symlink_install=False, test_result_base=None, continue_on_error=False, executor='parallel', parallel_workers=16, event_handlers=None, ignore_user_meta=False, metas=['./colcon.meta'], base_paths=['.'], packages_ignore=None, packages_ignore_regex=None, paths=None, packages_up_to=None, packages_up_to_regex=None, packages_above=None, packages_above_and_dependencies=None, packages_above_depth=None, packages_select_by_dep=None, packages_skip_by_dep=None, packages_skip_up_to=None, packages_select_build_failed=False, packages_skip_build_finished=False, packages_select_test_failures=False, packages_skip_test_passed=False, packages_select=None, packages_skip=None, packages_select_regex=None, packages_skip_regex=None, packages_start=None, packages_end=None, allow_overriding=[], cmake_args=None, cmake_target=None, cmake_target_skip_unavailable=False, cmake_clean_cache=False, cmake_clean_first=False, cmake_force_configure=False, ament_cmake_args=None, catkin_cmake_args=None, catkin_skip_building_tests=False, verb_parser=<colcon_defaults.argument_parser.defaults.DefaultArgumentsDecorator object at 0x753e84159fc0>, verb_extension=<colcon_core.verb.build.BuildVerb object at 0x753e84159a20>, main=<bound method BuildVerb.main of <colcon_core.verb.build.BuildVerb object at 0x753e84159a20>>)
[0.206s] Level 1:colcon.colcon_core.package_discovery:discover_packages(colcon_meta) check parameters
[0.206s] Level 1:colcon.colcon_core.package_discovery:discover_packages(recursive) check parameters
[0.206s] Level 1:colcon.colcon_core.package_discovery:discover_packages(ignore) check parameters
[0.206s] Level 1:colcon.colcon_core.package_discovery:discover_packages(path) check parameters
[0.206s] Level 1:colcon.colcon_core.package_discovery:discover_packages(colcon_meta) discover
[0.206s] Level 1:colcon.colcon_core.package_discovery:discover_packages(recursive) discover
[0.206s] INFO:colcon.colcon_core.package_discovery:Crawling recursively for packages in '/home/kjy/Mirobot_ros2'
[0.206s] Level 1:colcon.colcon_core.package_identification:_identify(.) by extensions ['ignore', 'ignore_ament_install']
[0.207s] Level 1:colcon.colcon_core.package_identification:_identify(.) by extension 'ignore'
[0.207s] Level 1:colcon.colcon_core.package_identification:_identify(.) by extension 'ignore_ament_install'
[0.207s] Level 1:colcon.colcon_core.package_identification:_identify(.) by extensions ['colcon_pkg']
[0.207s] Level 1:colcon.colcon_core.package_identification:_identify(.) by extension 'colcon_pkg'
[0.207s] Level 1:colcon.colcon_core.package_identification:_identify(.) by extensions ['colcon_meta']
[0.207s] Level 1:colcon.colcon_core.package_identification:_identify(.) by extension 'colcon_meta'
[0.207s] Level 1:colcon.colcon_core.package_identification:_identify(.) by extensions ['ros']
[0.207s] Level 1:colcon.colcon_core.package_identification:_identify(.) by extension 'ros'
[0.223s] Level 1:colcon.colcon_core.package_identification:_identify(.) by extensions ['cmake', 'python']
[0.223s] Level 1:colcon.colcon_core.package_identification:_identify(.) by extension 'cmake'
[0.223s] Level 1:colcon.colcon_core.package_identification:_identify(.) by extension 'python'
[0.223s] Level 1:colcon.colcon_core.package_identification:_identify(.) by extensions ['python_setup_py']
[0.223s] Level 1:colcon.colcon_core.package_identification:_identify(.) by extension 'python_setup_py'
[0.223s] Level 1:colcon.colcon_core.package_identification:_identify(build) by extensions ['ignore', 'ignore_ament_install']
[0.223s] Level 1:colcon.colcon_core.package_identification:_identify(build) by extension 'ignore'
[0.223s] Level 1:colcon.colcon_core.package_identification:_identify(build) ignored
[0.223s] Level 1:colcon.colcon_core.package_identification:_identify(install) by extensions ['ignore', 'ignore_ament_install']
[0.223s] Level 1:colcon.colcon_core.package_identification:_identify(install) by extension 'ignore'
[0.223s] Level 1:colcon.colcon_core.package_identification:_identify(install) ignored
[0.223s] Level 1:colcon.colcon_core.package_identification:_identify(log) by extensions ['ignore', 'ignore_ament_install']
[0.223s] Level 1:colcon.colcon_core.package_identification:_identify(log) by extension 'ignore'
[0.223s] Level 1:colcon.colcon_core.package_identification:_identify(log) ignored
[0.223s] Level 1:colcon.colcon_core.package_identification:_identify(src) by extensions ['ignore', 'ignore_ament_install']
[0.223s] Level 1:colcon.colcon_core.package_identification:_identify(src) by extension 'ignore'
[0.223s] Level 1:colcon.colcon_core.package_identification:_identify(src) by extension 'ignore_ament_install'
[0.223s] Level 1:colcon.colcon_core.package_identification:_identify(src) by extensions ['colcon_pkg']
[0.223s] Level 1:colcon.colcon_core.package_identification:_identify(src) by extension 'colcon_pkg'
[0.224s] Level 1:colcon.colcon_core.package_identification:_identify(src) by extensions ['colcon_meta']
[0.224s] Level 1:colcon.colcon_core.package_identification:_identify(src) by extension 'colcon_meta'
[0.224s] Level 1:colcon.colcon_core.package_identification:_identify(src) by extensions ['ros']
[0.224s] Level 1:colcon.colcon_core.package_identification:_identify(src) by extension 'ros'
[0.224s] Level 1:colcon.colcon_core.package_identification:_identify(src) by extensions ['cmake', 'python']
[0.224s] Level 1:colcon.colcon_core.package_identification:_identify(src) by extension 'cmake'
[0.224s] Level 1:colcon.colcon_core.package_identification:_identify(src) by extension 'python'
[0.224s] Level 1:colcon.colcon_core.package_identification:_identify(src) by extensions ['python_setup_py']
[0.224s] Level 1:colcon.colcon_core.package_identification:_identify(src) by extension 'python_setup_py'
[0.224s] Level 1:colcon.colcon_core.package_identification:_identify(src/mirobot_description) by extensions ['ignore', 'ignore_ament_install']
[0.224s] Level 1:colcon.colcon_core.package_identification:_identify(src/mirobot_description) by extension 'ignore'
[0.224s] Level 1:colcon.colcon_core.package_identification:_identify(src/mirobot_description) by extension 'ignore_ament_install'
[0.224s] Level 1:colcon.colcon_core.package_identification:_identify(src/mirobot_description) by extensions ['colcon_pkg']
[0.224s] Level 1:colcon.colcon_core.package_identification:_identify(src/mirobot_description) by extension 'colcon_pkg'
[0.224s] Level 1:colcon.colcon_core.package_identification:_identify(src/mirobot_description) by extensions ['colcon_meta']
[0.224s] Level 1:colcon.colcon_core.package_identification:_identify(src/mirobot_description) by extension 'colcon_meta'
[0.224s] Level 1:colcon.colcon_core.package_identification:_identify(src/mirobot_description) by extensions ['ros']
[0.224s] Level 1:colcon.colcon_core.package_identification:_identify(src/mirobot_description) by extension 'ros'
[0.226s] DEBUG:colcon.colcon_core.package_identification:Package 'src/mirobot_description' with type 'ros.ament_cmake' and name 'mirobot_description'
[0.226s] Level 1:colcon.colcon_core.package_identification:_identify(src/mirobot_driver) by extensions ['ignore', 'ignore_ament_install']
[0.226s] Level 1:colcon.colcon_core.package_identification:_identify(src/mirobot_driver) by extension 'ignore'
[0.226s] Level 1:colcon.colcon_core.package_identification:_identify(src/mirobot_driver) by extension 'ignore_ament_install'
[0.226s] Level 1:colcon.colcon_core.package_identification:_identify(src/mirobot_driver) by extensions ['colcon_pkg']
[0.226s] Level 1:colcon.colcon_core.package_identification:_identify(src/mirobot_driver) by extension 'colcon_pkg'
[0.226s] Level 1:colcon.colcon_core.package_identification:_identify(src/mirobot_driver) by extensions ['colcon_meta']
[0.226s] Level 1:colcon.colcon_core.package_identification:_identify(src/mirobot_driver) by extension 'colcon_meta'
[0.226s] Level 1:colcon.colcon_core.package_identification:_identify(src/mirobot_driver) by extensions ['ros']
[0.226s] Level 1:colcon.colcon_core.package_identification:_identify(src/mirobot_driver) by extension 'ros'
[0.227s] DEBUG:colcon.colcon_core.package_identification:Package 'src/mirobot_driver' with type 'ros.ament_python' and name 'mirobot_driver'
[0.227s] Level 1:colcon.colcon_core.package_identification:_identify(src/mirobot_master_slave) by extensions ['ignore', 'ignore_ament_install']
[0.227s] Level 1:colcon.colcon_core.package_identification:_identify(src/mirobot_master_slave) by extension 'ignore'
[0.227s] Level 1:colcon.colcon_core.package_identification:_identify(src/mirobot_master_slave) by extension 'ignore_ament_install'
[0.227s] Level 1:colcon.colcon_core.package_identification:_identify(src/mirobot_master_slave) by extensions ['colcon_pkg']
[0.227s] Level 1:colcon.colcon_core.package_identification:_identify(src/mirobot_master_slave) by extension 'colcon_pkg'
[0.227s] Level 1:colcon.colcon_core.package_identification:_identify(src/mirobot_master_slave) by extensions ['colcon_meta']
[0.227s] Level 1:colcon.colcon_core.package_identification:_identify(src/mirobot_master_slave) by extension 'colcon_meta'
[0.227s] Level 1:colcon.colcon_core.package_identification:_identify(src/mirobot_master_slave) by extensions ['ros']
[0.227s] Level 1:colcon.colcon_core.package_identification:_identify(src/mirobot_master_slave) by extension 'ros'
[0.227s] DEBUG:colcon.colcon_core.package_identification:Package 'src/mirobot_master_slave' with type 'ros.ament_python' and name 'mirobot_master_slave'
[0.227s] Level 1:colcon.colcon_core.package_identification:_identify(src/mirobot_order_delivery) by extensions ['ignore', 'ignore_ament_install']
[0.227s] Level 1:colcon.colcon_core.package_identification:_identify(src/mirobot_order_delivery) by extension 'ignore'
[0.227s] Level 1:colcon.colcon_core.package_identification:_identify(src/mirobot_order_delivery) by extension 'ignore_ament_install'
[0.228s] Level 1:colcon.colcon_core.package_identification:_identify(src/mirobot_order_delivery) by extensions ['colcon_pkg']
[0.228s] Level 1:colcon.colcon_core.package_identification:_identify(src/mirobot_order_delivery) by extension 'colcon_pkg'
[0.228s] Level 1:colcon.colcon_core.package_identification:_identify(src/mirobot_order_delivery) by extensions ['colcon_meta']
[0.228s] Level 1:colcon.colcon_core.package_identification:_identify(src/mirobot_order_delivery) by extension 'colcon_meta'
[0.228s] Level 1:colcon.colcon_core.package_identification:_identify(src/mirobot_order_delivery) by extensions ['ros']
[0.228s] Level 1:colcon.colcon_core.package_identification:_identify(src/mirobot_order_delivery) by extension 'ros'
[0.228s] DEBUG:colcon.colcon_core.package_identification:Package 'src/mirobot_order_delivery' with type 'ros.ament_python' and name 'mirobot_order_delivery'
[0.228s] Level 1:colcon.colcon_core.package_identification:_identify(src/vision_robot) by extensions ['ignore', 'ignore_ament_install']
[0.228s] Level 1:colcon.colcon_core.package_identification:_identify(src/vision_robot) by extension 'ignore'
[0.228s] Level 1:colcon.colcon_core.package_identification:_identify(src/vision_robot) by extension 'ignore_ament_install'
[0.228s] Level 1:colcon.colcon_core.package_identification:_identify(src/vision_robot) by extensions ['colcon_pkg']
[0.228s] Level 1:colcon.colcon_core.package_identification:_identify(src/vision_robot) by extension 'colcon_pkg'
[0.228s] Level 1:colcon.colcon_core.package_identification:_identify(src/vision_robot) by extensions ['colcon_meta']
[0.228s] Level 1:colcon.colcon_core.package_identification:_identify(src/vision_robot) by extension 'colcon_meta'
[0.228s] Level 1:colcon.colcon_core.package_identification:_identify(src/vision_robot) by extensions ['ros']
[0.228s] Level 1:colcon.colcon_core.package_identification:_identify(src/vision_robot) by extension 'ros'
[0.229s] DEBUG:colcon.colcon_core.package_identification:Package 'src/vision_robot' with type 'ros.ament_python' and name 'vision_robot'
[0.229s] Level 1:colcon.colcon_core.package_discovery:discover_packages(recursive) using defaults
[0.229s] Level 1:colcon.colcon_core.package_discovery:discover_packages(ignore) discover
[0.229s] Level 1:colcon.colcon_core.package_discovery:discover_packages(ignore) using defaults
[0.229s] Level 1:colcon.colcon_core.package_discovery:discover_packages(path) discover
[0.229s] Level 1:colcon.colcon_core.package_discovery:discover_packages(path) using defaults
[0.245s] Level 1:colcon.colcon_core.package_discovery:discover_packages(prefix_path) check parameters
[0.245s] Level 1:colcon.colcon_core.package_discovery:discover_packages(prefix_path) discover
[0.247s] DEBUG:colcon.colcon_installed_package_information.package_discovery:Found 336 installed packages in /opt/ros/humble
[0.248s] Level 1:colcon.colcon_core.package_discovery:discover_packages(prefix_path) using defaults
[0.279s] Level 5:colcon.colcon_core.verb:set package 'mirobot_description' build argument 'cmake_args' from command line to 'None'
[0.280s] Level 5:colcon.colcon_core.verb:set package 'mirobot_description' build argument 'cmake_target' from command line to 'None'
[0.280s] Level 5:colcon.colcon_core.verb:set package 'mirobot_description' build argument 'cmake_target_skip_unavailable' from command line to 'False'
[0.280s] Level 5:colcon.colcon_core.verb:set package 'mirobot_description' build argument 'cmake_clean_cache' from command line to 'False'
[0.280s] Level 5:colcon.colcon_core.verb:set package 'mirobot_description' build argument 'cmake_clean_first' from command line to 'False'
[0.280s] Level 5:colcon.colcon_core.verb:set package 'mirobot_description' build argument 'cmake_force_configure' from command line to 'False'
[0.280s] Level 5:colcon.colcon_core.verb:set package 'mirobot_description' build argument 'ament_cmake_args' from command line to 'None'
[0.280s] Level 5:colcon.colcon_core.verb:set package 'mirobot_description' build argument 'catkin_cmake_args' from command line to 'None'
[0.280s] Level 5:colcon.colcon_core.verb:set package 'mirobot_description' build argument 'catkin_skip_building_tests' from command line to 'False'
[0.280s] DEBUG:colcon.colcon_core.verb:Building package 'mirobot_description' with the following arguments: {'ament_cmake_args': None, 'build_base': '/home/kjy/Mirobot_ros2/build/mirobot_description', 'catkin_cmake_args': None, 'catkin_skip_building_tests': False, 'cmake_args': None, 'cmake_clean_cache': False, 'cmake_clean_first': False, 'cmake_force_configure': False, 'cmake_target': None, 'cmake_target_skip_unavailable': False, 'install_base': '/home/kjy/Mirobot_ros2/install/mirobot_description', 'merge_install': False, 'path': '/home/kjy/Mirobot_ros2/src/mirobot_description', 'symlink_install': False, 'test_result_base': None}
[0.280s] Level 5:colcon.colcon_core.verb:set package 'mirobot_driver' build argument 'cmake_args' from command line to 'None'
[0.280s] Level 5:colcon.colcon_core.verb:set package 'mirobot_driver' build argument 'cmake_target' from command line to 'None'
[0.280s] Level 5:colcon.colcon_core.verb:set package 'mirobot_driver' build argument 'cmake_target_skip_unavailable' from command line to 'False'
[0.280s] Level 5:colcon.colcon_core.verb:set package 'mirobot_driver' build argument 'cmake_clean_cache' from command line to 'False'
[0.280s] Level 5:colcon.colcon_core.verb:set package 'mirobot_driver' build argument 'cmake_clean_first' from command line to 'False'
[0.280s] Level 5:colcon.colcon_core.verb:set package 'mirobot_driver' build argument 'cmake_force_configure' from command line to 'False'
[0.280s] Level 5:colcon.colcon_core.verb:set package 'mirobot_driver' build argument 'ament_cmake_args' from command line to 'None'
[0.280s] Level 5:colcon.colcon_core.verb:set package 'mirobot_driver' build argument 'catkin_cmake_args' from command line to 'None'
[0.280s] Level 5:colcon.colcon_core.verb:set package 'mirobot_driver' build argument 'catkin_skip_building_tests' from command line to 'False'
[0.280s] DEBUG:colcon.colcon_core.verb:Building package 'mirobot_driver' with the following arguments: {'ament_cmake_args': None, 'build_base': '/home/kjy/Mirobot_ros2/build/mirobot_driver', 'catkin_cmake_args': None, 'catkin_skip_building_tests': False, 'cmake_args': None, 'cmake_clean_cache': False, 'cmake_clean_first': False, 'cmake_force_configure': False, 'cmake_target': None, 'cmake_target_skip_unavailable': False, 'install_base': '/home/kjy/Mirobot_ros2/install/mirobot_driver', 'merge_install': False, 'path': '/home/kjy/Mirobot_ros2/src/mirobot_driver', 'symlink_install': False, 'test_result_base': None}
[0.280s] Level 5:colcon.colcon_core.verb:set package 'mirobot_order_delivery' build argument 'cmake_args' from command line to 'None'
[0.280s] Level 5:colcon.colcon_core.verb:set package 'mirobot_order_delivery' build argument 'cmake_target' from command line to 'None'
[0.280s] Level 5:colcon.colcon_core.verb:set package 'mirobot_order_delivery' build argument 'cmake_target_skip_unavailable' from command line to 'False'
[0.280s] Level 5:colcon.colcon_core.verb:set package 'mirobot_order_delivery' build argument 'cmake_clean_cache' from command line to 'False'
[0.280s] Level 5:colcon.colcon_core.verb:set package 'mirobot_order_delivery' build argument 'cmake_clean_first' from command line to 'False'
[0.280s] Level 5:colcon.colcon_core.verb:set package 'mirobot_order_delivery' build argument 'cmake_force_configure' from command line to 'False'
[0.280s] Level 5:colcon.colcon_core.verb:set package 'mirobot_order_delivery' build argument 'ament_cmake_args' from command line to 'None'
[0.280s] Level 5:colcon.colcon_core.verb:set package 'mirobot_order_delivery' build argument 'catkin_cmake_args' from command line to 'None'
[0.280s] Level 5:colcon.colcon_core.verb:set package 'mirobot_order_delivery' build argument 'catkin_skip_building_tests' from command line to 'False'
[0.280s] DEBUG:colcon.colcon_core.verb:Building package 'mirobot_order_delivery' with the following arguments: {'ament_cmake_args': None, 'build_base': '/home/kjy/Mirobot_ros2/build/mirobot_order_delivery', 'catkin_cmake_args': None, 'catkin_skip_building_tests': False, 'cmake_args': None, 'cmake_clean_cache': False, 'cmake_clean_first': False, 'cmake_force_configure': False, 'cmake_target': None, 'cmake_target_skip_unavailable': False, 'install_base': '/home/kjy/Mirobot_ros2/install/mirobot_order_delivery', 'merge_install': False, 'path': '/home/kjy/Mirobot_ros2/src/mirobot_order_delivery', 'symlink_install': False, 'test_result_base': None}
[0.281s] Level 5:colcon.colcon_core.verb:set package 'vision_robot' build argument 'cmake_args' from command line to 'None'
[0.281s] Level 5:colcon.colcon_core.verb:set package 'vision_robot' build argument 'cmake_target' from command line to 'None'
[0.281s] Level 5:colcon.colcon_core.verb:set package 'vision_robot' build argument 'cmake_target_skip_unavailable' from command line to 'False'
[0.281s] Level 5:colcon.colcon_core.verb:set package 'vision_robot' build argument 'cmake_clean_cache' from command line to 'False'
[0.281s] Level 5:colcon.colcon_core.verb:set package 'vision_robot' build argument 'cmake_clean_first' from command line to 'False'
[0.281s] Level 5:colcon.colcon_core.verb:set package 'vision_robot' build argument 'cmake_force_configure' from command line to 'False'
[0.281s] Level 5:colcon.colcon_core.verb:set package 'vision_robot' build argument 'ament_cmake_args' from command line to 'None'
[0.281s] Level 5:colcon.colcon_core.verb:set package 'vision_robot' build argument 'catkin_cmake_args' from command line to 'None'
[0.281s] Level 5:colcon.colcon_core.verb:set package 'vision_robot' build argument 'catkin_skip_building_tests' from command line to 'False'
[0.281s] DEBUG:colcon.colcon_core.verb:Building package 'vision_robot' with the following arguments: {'ament_cmake_args': None, 'build_base': '/home/kjy/Mirobot_ros2/build/vision_robot', 'catkin_cmake_args': None, 'catkin_skip_building_tests': False, 'cmake_args': None, 'cmake_clean_cache': False, 'cmake_clean_first': False, 'cmake_force_configure': False, 'cmake_target': None, 'cmake_target_skip_unavailable': False, 'install_base': '/home/kjy/Mirobot_ros2/install/vision_robot', 'merge_install': False, 'path': '/home/kjy/Mirobot_ros2/src/vision_robot', 'symlink_install': False, 'test_result_base': None}
[0.281s] Level 5:colcon.colcon_core.verb:set package 'mirobot_master_slave' build argument 'cmake_args' from command line to 'None'
[0.281s] Level 5:colcon.colcon_core.verb:set package 'mirobot_master_slave' build argument 'cmake_target' from command line to 'None'
[0.281s] Level 5:colcon.colcon_core.verb:set package 'mirobot_master_slave' build argument 'cmake_target_skip_unavailable' from command line to 'False'
[0.281s] Level 5:colcon.colcon_core.verb:set package 'mirobot_master_slave' build argument 'cmake_clean_cache' from command line to 'False'
[0.281s] Level 5:colcon.colcon_core.verb:set package 'mirobot_master_slave' build argument 'cmake_clean_first' from command line to 'False'
[0.281s] Level 5:colcon.colcon_core.verb:set package 'mirobot_master_slave' build argument 'cmake_force_configure' from command line to 'False'
[0.281s] Level 5:colcon.colcon_core.verb:set package 'mirobot_master_slave' build argument 'ament_cmake_args' from command line to 'None'
[0.281s] Level 5:colcon.colcon_core.verb:set package 'mirobot_master_slave' build argument 'catkin_cmake_args' from command line to 'None'
[0.281s] Level 5:colcon.colcon_core.verb:set package 'mirobot_master_slave' build argument 'catkin_skip_building_tests' from command line to 'False'
[0.281s] DEBUG:colcon.colcon_core.verb:Building package 'mirobot_master_slave' with the following arguments: {'ament_cmake_args': None, 'build_base': '/home/kjy/Mirobot_ros2/build/mirobot_master_slave', 'catkin_cmake_args': None, 'catkin_skip_building_tests': False, 'cmake_args': None, 'cmake_clean_cache': False, 'cmake_clean_first': False, 'cmake_force_configure': False, 'cmake_target': None, 'cmake_target_skip_unavailable': False, 'install_base': '/home/kjy/Mirobot_ros2/install/mirobot_master_slave', 'merge_install': False, 'path': '/home/kjy/Mirobot_ros2/src/mirobot_master_slave', 'symlink_install': False, 'test_result_base': None}
[0.281s] INFO:colcon.colcon_core.executor:Executing jobs using 'parallel' executor
[0.283s] DEBUG:colcon.colcon_parallel_executor.executor.parallel:run_until_complete
[0.283s] INFO:colcon.colcon_ros.task.ament_cmake.build:Building ROS package in '/home/kjy/Mirobot_ros2/src/mirobot_description' with build type 'ament_cmake'
[0.283s] INFO:colcon.colcon_cmake.task.cmake.build:Building CMake package in '/home/kjy/Mirobot_ros2/src/mirobot_description'
[0.284s] INFO:colcon.colcon_core.plugin_system:Skipping extension 'colcon_core.shell.bat': Not used on non-Windows systems
[0.284s] INFO:colcon.colcon_core.shell:Skip shell extension 'powershell' for command environment: Not usable outside of PowerShell
[0.284s] DEBUG:colcon.colcon_core.shell:Skip shell extension 'dsv' for command environment
[0.306s] INFO:colcon.colcon_ros.task.ament_python.build:Building ROS package in '/home/kjy/Mirobot_ros2/src/mirobot_driver' with build type 'ament_python'
[0.307s] Level 1:colcon.colcon_core.shell:create_environment_hook('mirobot_driver', 'ament_prefix_path')
[0.307s] INFO:colcon.colcon_core.shell:Creating environment hook '/home/kjy/Mirobot_ros2/install/mirobot_driver/share/mirobot_driver/hook/ament_prefix_path.ps1'
[0.307s] INFO:colcon.colcon_core.shell:Creating environment descriptor '/home/kjy/Mirobot_ros2/install/mirobot_driver/share/mirobot_driver/hook/ament_prefix_path.dsv'
[0.308s] INFO:colcon.colcon_core.shell:Creating environment hook '/home/kjy/Mirobot_ros2/install/mirobot_driver/share/mirobot_driver/hook/ament_prefix_path.sh'
[0.308s] INFO:colcon.colcon_core.shell:Skip shell extension 'powershell' for command environment: Not usable outside of PowerShell
[0.308s] DEBUG:colcon.colcon_core.shell:Skip shell extension 'dsv' for command environment
[0.311s] INFO:colcon.colcon_ros.task.ament_python.build:Building ROS package in '/home/kjy/Mirobot_ros2/src/mirobot_order_delivery' with build type 'ament_python'
[0.311s] Level 1:colcon.colcon_core.shell:create_environment_hook('mirobot_order_delivery', 'ament_prefix_path')
[0.311s] INFO:colcon.colcon_core.shell:Creating environment hook '/home/kjy/Mirobot_ros2/install/mirobot_order_delivery/share/mirobot_order_delivery/hook/ament_prefix_path.ps1'
[0.410s] INFO:colcon.colcon_core.shell:Creating environment descriptor '/home/kjy/Mirobot_ros2/install/mirobot_order_delivery/share/mirobot_order_delivery/hook/ament_prefix_path.dsv'
[0.411s] INFO:colcon.colcon_core.shell:Creating environment hook '/home/kjy/Mirobot_ros2/install/mirobot_order_delivery/share/mirobot_order_delivery/hook/ament_prefix_path.sh'
[0.412s] INFO:colcon.colcon_core.shell:Skip shell extension 'powershell' for command environment: Not usable outside of PowerShell
[0.412s] DEBUG:colcon.colcon_core.shell:Skip shell extension 'dsv' for command environment
[0.415s] INFO:colcon.colcon_ros.task.ament_python.build:Building ROS package in '/home/kjy/Mirobot_ros2/src/vision_robot' with build type 'ament_python'
[0.415s] Level 1:colcon.colcon_core.shell:create_environment_hook('vision_robot', 'ament_prefix_path')
[0.415s] INFO:colcon.colcon_core.shell:Creating environment hook '/home/kjy/Mirobot_ros2/install/vision_robot/share/vision_robot/hook/ament_prefix_path.ps1'
[0.416s] INFO:colcon.colcon_core.shell:Creating environment descriptor '/home/kjy/Mirobot_ros2/install/vision_robot/share/vision_robot/hook/ament_prefix_path.dsv'
[0.416s] INFO:colcon.colcon_core.shell:Creating environment hook '/home/kjy/Mirobot_ros2/install/vision_robot/share/vision_robot/hook/ament_prefix_path.sh'
[0.416s] INFO:colcon.colcon_core.shell:Skip shell extension 'powershell' for command environment: Not usable outside of PowerShell
[0.416s] DEBUG:colcon.colcon_core.shell:Skip shell extension 'dsv' for command environment
[0.423s] DEBUG:colcon.colcon_core.event_handler.log_command:Invoking command in '/home/kjy/Mirobot_ros2/build/mirobot_description': CMAKE_PREFIX_PATH=/opt/ros/humble PS1=(yolov5_env) \[\e]0;\u@\h: \w\a\]${debian_chroot:+($debian_chroot)}\[\033[01;32m\]\u@\h\[\033[00m\]:\[\033[01;34m\]\w\[\033[00m\]\$ VIRTUAL_ENV_PROMPT=(yolov5_env) /usr/bin/cmake --build /home/kjy/Mirobot_ros2/build/mirobot_description -- -j16 -l16
[0.615s] INFO:colcon.colcon_core.task.python.build:Building Python package in '/home/kjy/Mirobot_ros2/src/mirobot_driver'
[1.192s] INFO:colcon.colcon_core.shell:Skip shell extension 'powershell' for command environment: Not usable outside of PowerShell
[1.192s] DEBUG:colcon.colcon_core.shell:Skip shell extension 'dsv' for command environment
[1.387s] INFO:colcon.colcon_core.task.python.build:Building Python package in '/home/kjy/Mirobot_ros2/src/mirobot_order_delivery'
[1.388s] INFO:colcon.colcon_core.shell:Skip shell extension 'powershell' for command environment: Not usable outside of PowerShell
[1.388s] DEBUG:colcon.colcon_core.shell:Skip shell extension 'dsv' for command environment
[1.584s] INFO:colcon.colcon_core.task.python.build:Building Python package in '/home/kjy/Mirobot_ros2/src/vision_robot'
[1.584s] INFO:colcon.colcon_core.shell:Skip shell extension 'powershell' for command environment: Not usable outside of PowerShell
[1.584s] DEBUG:colcon.colcon_core.shell:Skip shell extension 'dsv' for command environment
[1.590s] DEBUG:colcon.colcon_core.event_handler.log_command:Invoked command in '/home/kjy/Mirobot_ros2/build/mirobot_description' returned '0': CMAKE_PREFIX_PATH=/opt/ros/humble PS1=(yolov5_env) \[\e]0;\u@\h: \w\a\]${debian_chroot:+($debian_chroot)}\[\033[01;32m\]\u@\h\[\033[00m\]:\[\033[01;34m\]\w\[\033[00m\]\$ VIRTUAL_ENV_PROMPT=(yolov5_env) /usr/bin/cmake --build /home/kjy/Mirobot_ros2/build/mirobot_description -- -j16 -l16
[1.600s] DEBUG:colcon.colcon_core.event_handler.log_command:Invoking command in '/home/kjy/Mirobot_ros2/build/mirobot_description': CMAKE_PREFIX_PATH=/opt/ros/humble PS1=(yolov5_env) \[\e]0;\u@\h: \w\a\]${debian_chroot:+($debian_chroot)}\[\033[01;32m\]\u@\h\[\033[00m\]:\[\033[01;34m\]\w\[\033[00m\]\$ VIRTUAL_ENV_PROMPT=(yolov5_env) /usr/bin/cmake --install /home/kjy/Mirobot_ros2/build/mirobot_description
[1.623s] Level 1:colcon.colcon_core.environment:create_environment_scripts_only(mirobot_description)
[1.624s] DEBUG:colcon.colcon_core.event_handler.log_command:Invoked command in '/home/kjy/Mirobot_ros2/build/mirobot_description' returned '0': CMAKE_PREFIX_PATH=/opt/ros/humble PS1=(yolov5_env) \[\e]0;\u@\h: \w\a\]${debian_chroot:+($debian_chroot)}\[\033[01;32m\]\u@\h\[\033[00m\]:\[\033[01;34m\]\w\[\033[00m\]\$ VIRTUAL_ENV_PROMPT=(yolov5_env) /usr/bin/cmake --install /home/kjy/Mirobot_ros2/build/mirobot_description
[1.625s] Level 1:colcon.colcon_core.environment:checking '/home/kjy/Mirobot_ros2/install/mirobot_description' for CMake module files
[1.625s] Level 1:colcon.colcon_core.environment:checking '/home/kjy/Mirobot_ros2/install/mirobot_description' for CMake config files
[1.626s] Level 1:colcon.colcon_core.shell:create_environment_hook('mirobot_description', 'cmake_prefix_path')
[1.626s] INFO:colcon.colcon_core.shell:Creating environment hook '/home/kjy/Mirobot_ros2/install/mirobot_description/share/mirobot_description/hook/cmake_prefix_path.ps1'
[1.626s] INFO:colcon.colcon_core.shell:Creating environment descriptor '/home/kjy/Mirobot_ros2/install/mirobot_description/share/mirobot_description/hook/cmake_prefix_path.dsv'
[1.626s] INFO:colcon.colcon_core.shell:Creating environment hook '/home/kjy/Mirobot_ros2/install/mirobot_description/share/mirobot_description/hook/cmake_prefix_path.sh'
[1.627s] Level 1:colcon.colcon_core.environment:checking '/home/kjy/Mirobot_ros2/install/mirobot_description/bin'
[1.627s] Level 1:colcon.colcon_core.environment:checking '/home/kjy/Mirobot_ros2/install/mirobot_description/lib/pkgconfig/mirobot_description.pc'
[1.627s] Level 1:colcon.colcon_core.environment:checking '/home/kjy/Mirobot_ros2/install/mirobot_description/lib/python3.10/site-packages'
[1.628s] Level 1:colcon.colcon_core.environment:checking '/home/kjy/Mirobot_ros2/install/mirobot_description/bin'
[1.628s] INFO:colcon.colcon_core.shell:Creating package script '/home/kjy/Mirobot_ros2/install/mirobot_description/share/mirobot_description/package.ps1'
[1.629s] INFO:colcon.colcon_core.shell:Creating package descriptor '/home/kjy/Mirobot_ros2/install/mirobot_description/share/mirobot_description/package.dsv'
[1.629s] INFO:colcon.colcon_core.shell:Creating package script '/home/kjy/Mirobot_ros2/install/mirobot_description/share/mirobot_description/package.sh'
[1.629s] INFO:colcon.colcon_core.shell:Creating package script '/home/kjy/Mirobot_ros2/install/mirobot_description/share/mirobot_description/package.bash'
[1.630s] INFO:colcon.colcon_core.shell:Creating package script '/home/kjy/Mirobot_ros2/install/mirobot_description/share/mirobot_description/package.zsh'
[1.630s] Level 1:colcon.colcon_core.environment:create_file_with_runtime_dependencies(/home/kjy/Mirobot_ros2/install/mirobot_description/share/colcon-core/packages/mirobot_description)
[1.631s] Level 1:colcon.colcon_core.environment:create_environment_scripts_only(mirobot_description)
[1.631s] Level 1:colcon.colcon_core.environment:checking '/home/kjy/Mirobot_ros2/install/mirobot_description' for CMake module files
[1.631s] Level 1:colcon.colcon_core.environment:checking '/home/kjy/Mirobot_ros2/install/mirobot_description' for CMake config files
[1.632s] Level 1:colcon.colcon_core.shell:create_environment_hook('mirobot_description', 'cmake_prefix_path')
[1.632s] INFO:colcon.colcon_core.shell:Creating environment hook '/home/kjy/Mirobot_ros2/install/mirobot_description/share/mirobot_description/hook/cmake_prefix_path.ps1'
[1.632s] INFO:colcon.colcon_core.shell:Creating environment descriptor '/home/kjy/Mirobot_ros2/install/mirobot_description/share/mirobot_description/hook/cmake_prefix_path.dsv'
[1.633s] INFO:colcon.colcon_core.shell:Creating environment hook '/home/kjy/Mirobot_ros2/install/mirobot_description/share/mirobot_description/hook/cmake_prefix_path.sh'
[1.633s] Level 1:colcon.colcon_core.environment:checking '/home/kjy/Mirobot_ros2/install/mirobot_description/bin'
[1.633s] Level 1:colcon.colcon_core.environment:checking '/home/kjy/Mirobot_ros2/install/mirobot_description/lib/pkgconfig/mirobot_description.pc'
[1.633s] Level 1:colcon.colcon_core.environment:checking '/home/kjy/Mirobot_ros2/install/mirobot_description/lib/python3.10/site-packages'
[1.633s] Level 1:colcon.colcon_core.environment:checking '/home/kjy/Mirobot_ros2/install/mirobot_description/bin'
[1.634s] INFO:colcon.colcon_core.shell:Creating package script '/home/kjy/Mirobot_ros2/install/mirobot_description/share/mirobot_description/package.ps1'
[1.634s] INFO:colcon.colcon_core.shell:Creating package descriptor '/home/kjy/Mirobot_ros2/install/mirobot_description/share/mirobot_description/package.dsv'
[1.635s] INFO:colcon.colcon_core.shell:Creating package script '/home/kjy/Mirobot_ros2/install/mirobot_description/share/mirobot_description/package.sh'
[1.635s] INFO:colcon.colcon_core.shell:Creating package script '/home/kjy/Mirobot_ros2/install/mirobot_description/share/mirobot_description/package.bash'
[1.635s] INFO:colcon.colcon_core.shell:Creating package script '/home/kjy/Mirobot_ros2/install/mirobot_description/share/mirobot_description/package.zsh'
[1.636s] Level 1:colcon.colcon_core.environment:create_file_with_runtime_dependencies(/home/kjy/Mirobot_ros2/install/mirobot_description/share/colcon-core/packages/mirobot_description)
[1.859s] DEBUG:colcon.colcon_core.event_handler.log_command:Invoking command in '/home/kjy/Mirobot_ros2/src/mirobot_driver': PS1=(yolov5_env) \[\e]0;\u@\h: \w\a\]${debian_chroot:+($debian_chroot)}\[\033[01;32m\]\u@\h\[\033[00m\]:\[\033[01;34m\]\w\[\033[00m\]\$ PYTHONPATH=/home/kjy/Mirobot_ros2/build/mirobot_driver/prefix_override:/usr/lib/python3/dist-packages/colcon_core/task/python/colcon_distutils_commands:/home/kjy/Mirobot_ros2/install/mirobot_driver/lib/python3.10/site-packages:${PYTHONPATH} VIRTUAL_ENV_PROMPT=(yolov5_env) /usr/bin/python3 -W ignore:setup.py install is deprecated -W ignore:easy_install command is deprecated setup.py egg_info --egg-base ../../build/mirobot_driver build --build-base /home/kjy/Mirobot_ros2/build/mirobot_driver/build install --record /home/kjy/Mirobot_ros2/build/mirobot_driver/install.log --single-version-externally-managed install_data
[1.868s] DEBUG:colcon.colcon_core.event_handler.log_command:Invoking command in '/home/kjy/Mirobot_ros2/src/mirobot_order_delivery': PS1=(yolov5_env) \[\e]0;\u@\h: \w\a\]${debian_chroot:+($debian_chroot)}\[\033[01;32m\]\u@\h\[\033[00m\]:\[\033[01;34m\]\w\[\033[00m\]\$ PYTHONPATH=/home/kjy/Mirobot_ros2/build/mirobot_order_delivery/prefix_override:/usr/lib/python3/dist-packages/colcon_core/task/python/colcon_distutils_commands:/home/kjy/Mirobot_ros2/install/mirobot_order_delivery/lib/python3.10/site-packages:${PYTHONPATH} VIRTUAL_ENV_PROMPT=(yolov5_env) /usr/bin/python3 -W ignore:setup.py install is deprecated -W ignore:easy_install command is deprecated setup.py egg_info --egg-base ../../build/mirobot_order_delivery build --build-base /home/kjy/Mirobot_ros2/build/mirobot_order_delivery/build install --record /home/kjy/Mirobot_ros2/build/mirobot_order_delivery/install.log --single-version-externally-managed install_data
[1.875s] DEBUG:colcon.colcon_core.event_handler.log_command:Invoking command in '/home/kjy/Mirobot_ros2/src/vision_robot': PS1=(yolov5_env) \[\e]0;\u@\h: \w\a\]${debian_chroot:+($debian_chroot)}\[\033[01;32m\]\u@\h\[\033[00m\]:\[\033[01;34m\]\w\[\033[00m\]\$ PYTHONPATH=/home/kjy/Mirobot_ros2/build/vision_robot/prefix_override:/usr/lib/python3/dist-packages/colcon_core/task/python/colcon_distutils_commands:/home/kjy/Mirobot_ros2/install/vision_robot/lib/python3.10/site-packages:${PYTHONPATH} VIRTUAL_ENV_PROMPT=(yolov5_env) /usr/bin/python3 -W ignore:setup.py install is deprecated -W ignore:easy_install command is deprecated setup.py egg_info --egg-base ../../build/vision_robot build --build-base /home/kjy/Mirobot_ros2/build/vision_robot/build install --record /home/kjy/Mirobot_ros2/build/vision_robot/install.log --single-version-externally-managed install_data
[2.017s] Level 1:colcon.colcon_core.environment:checking '/home/kjy/Mirobot_ros2/install/mirobot_driver' for CMake module files
[2.018s] DEBUG:colcon.colcon_core.event_handler.log_command:Invoked command in '/home/kjy/Mirobot_ros2/src/mirobot_driver' returned '0': PS1=(yolov5_env) \[\e]0;\u@\h: \w\a\]${debian_chroot:+($debian_chroot)}\[\033[01;32m\]\u@\h\[\033[00m\]:\[\033[01;34m\]\w\[\033[00m\]\$ PYTHONPATH=/home/kjy/Mirobot_ros2/build/mirobot_driver/prefix_override:/usr/lib/python3/dist-packages/colcon_core/task/python/colcon_distutils_commands:/home/kjy/Mirobot_ros2/install/mirobot_driver/lib/python3.10/site-packages:${PYTHONPATH} VIRTUAL_ENV_PROMPT=(yolov5_env) /usr/bin/python3 -W ignore:setup.py install is deprecated -W ignore:easy_install command is deprecated setup.py egg_info --egg-base ../../build/mirobot_driver build --build-base /home/kjy/Mirobot_ros2/build/mirobot_driver/build install --record /home/kjy/Mirobot_ros2/build/mirobot_driver/install.log --single-version-externally-managed install_data
[2.018s] Level 1:colcon.colcon_core.environment:checking '/home/kjy/Mirobot_ros2/install/mirobot_driver' for CMake config files
[2.018s] Level 1:colcon.colcon_core.environment:checking '/home/kjy/Mirobot_ros2/install/mirobot_driver/lib'
[2.018s] Level 1:colcon.colcon_core.environment:checking '/home/kjy/Mirobot_ros2/install/mirobot_driver/bin'
[2.018s] Level 1:colcon.colcon_core.environment:checking '/home/kjy/Mirobot_ros2/install/mirobot_driver/lib/pkgconfig/mirobot_driver.pc'
[2.018s] Level 1:colcon.colcon_core.environment:checking '/home/kjy/Mirobot_ros2/install/mirobot_driver/lib/python3.10/site-packages'
[2.018s] Level 1:colcon.colcon_core.shell:create_environment_hook('mirobot_driver', 'pythonpath')
[2.019s] INFO:colcon.colcon_core.shell:Creating environment hook '/home/kjy/Mirobot_ros2/install/mirobot_driver/share/mirobot_driver/hook/pythonpath.ps1'
[2.019s] INFO:colcon.colcon_core.shell:Creating environment descriptor '/home/kjy/Mirobot_ros2/install/mirobot_driver/share/mirobot_driver/hook/pythonpath.dsv'
[2.019s] INFO:colcon.colcon_core.shell:Creating environment hook '/home/kjy/Mirobot_ros2/install/mirobot_driver/share/mirobot_driver/hook/pythonpath.sh'
[2.020s] Level 1:colcon.colcon_core.environment:checking '/home/kjy/Mirobot_ros2/install/mirobot_driver/bin'
[2.020s] Level 1:colcon.colcon_core.environment:create_environment_scripts_only(mirobot_driver)
[2.020s] INFO:colcon.colcon_core.shell:Creating package script '/home/kjy/Mirobot_ros2/install/mirobot_driver/share/mirobot_driver/package.ps1'
[2.020s] INFO:colcon.colcon_core.shell:Creating package descriptor '/home/kjy/Mirobot_ros2/install/mirobot_driver/share/mirobot_driver/package.dsv'
[2.021s] INFO:colcon.colcon_core.shell:Creating package script '/home/kjy/Mirobot_ros2/install/mirobot_driver/share/mirobot_driver/package.sh'
[2.021s] INFO:colcon.colcon_core.shell:Creating package script '/home/kjy/Mirobot_ros2/install/mirobot_driver/share/mirobot_driver/package.bash'
[2.021s] INFO:colcon.colcon_core.shell:Creating package script '/home/kjy/Mirobot_ros2/install/mirobot_driver/share/mirobot_driver/package.zsh'
[2.021s] Level 1:colcon.colcon_core.environment:create_file_with_runtime_dependencies(/home/kjy/Mirobot_ros2/install/mirobot_driver/share/colcon-core/packages/mirobot_driver)
[2.021s] INFO:colcon.colcon_ros.task.ament_python.build:Building ROS package in '/home/kjy/Mirobot_ros2/src/mirobot_master_slave' with build type 'ament_python'
[2.021s] Level 1:colcon.colcon_core.shell:create_environment_hook('mirobot_master_slave', 'ament_prefix_path')
[2.022s] INFO:colcon.colcon_core.shell:Creating environment hook '/home/kjy/Mirobot_ros2/install/mirobot_master_slave/share/mirobot_master_slave/hook/ament_prefix_path.ps1'
[2.022s] INFO:colcon.colcon_core.shell:Creating environment descriptor '/home/kjy/Mirobot_ros2/install/mirobot_master_slave/share/mirobot_master_slave/hook/ament_prefix_path.dsv'
[2.022s] INFO:colcon.colcon_core.shell:Creating environment hook '/home/kjy/Mirobot_ros2/install/mirobot_master_slave/share/mirobot_master_slave/hook/ament_prefix_path.sh'
[2.023s] INFO:colcon.colcon_core.shell:Skip shell extension 'powershell' for command environment: Not usable outside of PowerShell
[2.023s] DEBUG:colcon.colcon_core.shell:Skip shell extension 'dsv' for command environment
[2.025s] Level 1:colcon.colcon_core.environment:checking '/home/kjy/Mirobot_ros2/install/mirobot_order_delivery' for CMake module files
[2.026s] DEBUG:colcon.colcon_core.event_handler.log_command:Invoked command in '/home/kjy/Mirobot_ros2/src/mirobot_order_delivery' returned '0': PS1=(yolov5_env) \[\e]0;\u@\h: \w\a\]${debian_chroot:+($debian_chroot)}\[\033[01;32m\]\u@\h\[\033[00m\]:\[\033[01;34m\]\w\[\033[00m\]\$ PYTHONPATH=/home/kjy/Mirobot_ros2/build/mirobot_order_delivery/prefix_override:/usr/lib/python3/dist-packages/colcon_core/task/python/colcon_distutils_commands:/home/kjy/Mirobot_ros2/install/mirobot_order_delivery/lib/python3.10/site-packages:${PYTHONPATH} VIRTUAL_ENV_PROMPT=(yolov5_env) /usr/bin/python3 -W ignore:setup.py install is deprecated -W ignore:easy_install command is deprecated setup.py egg_info --egg-base ../../build/mirobot_order_delivery build --build-base /home/kjy/Mirobot_ros2/build/mirobot_order_delivery/build install --record /home/kjy/Mirobot_ros2/build/mirobot_order_delivery/install.log --single-version-externally-managed install_data
[2.026s] Level 1:colcon.colcon_core.environment:checking '/home/kjy/Mirobot_ros2/install/mirobot_order_delivery' for CMake config files
[2.026s] Level 1:colcon.colcon_core.environment:checking '/home/kjy/Mirobot_ros2/install/mirobot_order_delivery/lib'
[2.026s] Level 1:colcon.colcon_core.environment:checking '/home/kjy/Mirobot_ros2/install/mirobot_order_delivery/bin'
[2.026s] Level 1:colcon.colcon_core.environment:checking '/home/kjy/Mirobot_ros2/install/mirobot_order_delivery/lib/pkgconfig/mirobot_order_delivery.pc'
[2.026s] Level 1:colcon.colcon_core.environment:checking '/home/kjy/Mirobot_ros2/install/mirobot_order_delivery/lib/python3.10/site-packages'
[2.026s] Level 1:colcon.colcon_core.shell:create_environment_hook('mirobot_order_delivery', 'pythonpath')
[2.026s] INFO:colcon.colcon_core.shell:Creating environment hook '/home/kjy/Mirobot_ros2/install/mirobot_order_delivery/share/mirobot_order_delivery/hook/pythonpath.ps1'
[2.027s] INFO:colcon.colcon_core.shell:Creating environment descriptor '/home/kjy/Mirobot_ros2/install/mirobot_order_delivery/share/mirobot_order_delivery/hook/pythonpath.dsv'
[2.027s] INFO:colcon.colcon_core.shell:Creating environment hook '/home/kjy/Mirobot_ros2/install/mirobot_order_delivery/share/mirobot_order_delivery/hook/pythonpath.sh'
[2.027s] Level 1:colcon.colcon_core.environment:checking '/home/kjy/Mirobot_ros2/install/mirobot_order_delivery/bin'
[2.027s] Level 1:colcon.colcon_core.environment:create_environment_scripts_only(mirobot_order_delivery)
[2.027s] INFO:colcon.colcon_core.shell:Creating package script '/home/kjy/Mirobot_ros2/install/mirobot_order_delivery/share/mirobot_order_delivery/package.ps1'
[2.028s] INFO:colcon.colcon_core.shell:Creating package descriptor '/home/kjy/Mirobot_ros2/install/mirobot_order_delivery/share/mirobot_order_delivery/package.dsv'
[2.028s] INFO:colcon.colcon_core.shell:Creating package script '/home/kjy/Mirobot_ros2/install/mirobot_order_delivery/share/mirobot_order_delivery/package.sh'
[2.028s] INFO:colcon.colcon_core.shell:Creating package script '/home/kjy/Mirobot_ros2/install/mirobot_order_delivery/share/mirobot_order_delivery/package.bash'
[2.028s] INFO:colcon.colcon_core.shell:Creating package script '/home/kjy/Mirobot_ros2/install/mirobot_order_delivery/share/mirobot_order_delivery/package.zsh'
[2.029s] Level 1:colcon.colcon_core.environment:create_file_with_runtime_dependencies(/home/kjy/Mirobot_ros2/install/mirobot_order_delivery/share/colcon-core/packages/mirobot_order_delivery)
[2.158s] INFO:colcon.colcon_core.task.python.build:Building Python package in '/home/kjy/Mirobot_ros2/src/mirobot_master_slave'
[2.159s] INFO:colcon.colcon_core.shell:Skip shell extension 'powershell' for command environment: Not usable outside of PowerShell
[2.159s] DEBUG:colcon.colcon_core.shell:Skip shell extension 'dsv' for command environment
[2.161s] Level 1:colcon.colcon_core.environment:checking '/home/kjy/Mirobot_ros2/install/vision_robot' for CMake module files
[2.162s] DEBUG:colcon.colcon_core.event_handler.log_command:Invoked command in '/home/kjy/Mirobot_ros2/src/vision_robot' returned '0': PS1=(yolov5_env) \[\e]0;\u@\h: \w\a\]${debian_chroot:+($debian_chroot)}\[\033[01;32m\]\u@\h\[\033[00m\]:\[\033[01;34m\]\w\[\033[00m\]\$ PYTHONPATH=/home/kjy/Mirobot_ros2/build/vision_robot/prefix_override:/usr/lib/python3/dist-packages/colcon_core/task/python/colcon_distutils_commands:/home/kjy/Mirobot_ros2/install/vision_robot/lib/python3.10/site-packages:${PYTHONPATH} VIRTUAL_ENV_PROMPT=(yolov5_env) /usr/bin/python3 -W ignore:setup.py install is deprecated -W ignore:easy_install command is deprecated setup.py egg_info --egg-base ../../build/vision_robot build --build-base /home/kjy/Mirobot_ros2/build/vision_robot/build install --record /home/kjy/Mirobot_ros2/build/vision_robot/install.log --single-version-externally-managed install_data
[2.162s] Level 1:colcon.colcon_core.environment:checking '/home/kjy/Mirobot_ros2/install/vision_robot' for CMake config files
[2.162s] Level 1:colcon.colcon_core.environment:checking '/home/kjy/Mirobot_ros2/install/vision_robot/lib'
[2.162s] Level 1:colcon.colcon_core.environment:checking '/home/kjy/Mirobot_ros2/install/vision_robot/bin'
[2.162s] Level 1:colcon.colcon_core.environment:checking '/home/kjy/Mirobot_ros2/install/vision_robot/lib/pkgconfig/vision_robot.pc'
[2.162s] Level 1:colcon.colcon_core.environment:checking '/home/kjy/Mirobot_ros2/install/vision_robot/lib/python3.10/site-packages'
[2.162s] Level 1:colcon.colcon_core.shell:create_environment_hook('vision_robot', 'pythonpath')
[2.163s] INFO:colcon.colcon_core.shell:Creating environment hook '/home/kjy/Mirobot_ros2/install/vision_robot/share/vision_robot/hook/pythonpath.ps1'
[2.163s] INFO:colcon.colcon_core.shell:Creating environment descriptor '/home/kjy/Mirobot_ros2/install/vision_robot/share/vision_robot/hook/pythonpath.dsv'
[2.163s] INFO:colcon.colcon_core.shell:Creating environment hook '/home/kjy/Mirobot_ros2/install/vision_robot/share/vision_robot/hook/pythonpath.sh'
[2.163s] Level 1:colcon.colcon_core.environment:checking '/home/kjy/Mirobot_ros2/install/vision_robot/bin'
[2.163s] Level 1:colcon.colcon_core.environment:create_environment_scripts_only(vision_robot)
[2.163s] INFO:colcon.colcon_core.shell:Creating package script '/home/kjy/Mirobot_ros2/install/vision_robot/share/vision_robot/package.ps1'
[2.164s] INFO:colcon.colcon_core.shell:Creating package descriptor '/home/kjy/Mirobot_ros2/install/vision_robot/share/vision_robot/package.dsv'
[2.164s] INFO:colcon.colcon_core.shell:Creating package script '/home/kjy/Mirobot_ros2/install/vision_robot/share/vision_robot/package.sh'
[2.164s] INFO:colcon.colcon_core.shell:Creating package script '/home/kjy/Mirobot_ros2/install/vision_robot/share/vision_robot/package.bash'
[2.164s] INFO:colcon.colcon_core.shell:Creating package script '/home/kjy/Mirobot_ros2/install/vision_robot/share/vision_robot/package.zsh'
[2.165s] Level 1:colcon.colcon_core.environment:create_file_with_runtime_dependencies(/home/kjy/Mirobot_ros2/install/vision_robot/share/colcon-core/packages/vision_robot)
[2.346s] DEBUG:colcon.colcon_core.event_handler.log_command:Invoking command in '/home/kjy/Mirobot_ros2/src/mirobot_master_slave': AMENT_PREFIX_PATH=/home/kjy/Mirobot_ros2/install/mirobot_driver:/home/kjy/Mirobot_ros2/install/mirobot_description:${AMENT_PREFIX_PATH} CMAKE_PREFIX_PATH=/home/kjy/Mirobot_ros2/install/mirobot_description PS1=(yolov5_env) \[\e]0;\u@\h: \w\a\]${debian_chroot:+($debian_chroot)}\[\033[01;32m\]\u@\h\[\033[00m\]:\[\033[01;34m\]\w\[\033[00m\]\$ PYTHONPATH=/home/kjy/Mirobot_ros2/build/mirobot_master_slave/prefix_override:/usr/lib/python3/dist-packages/colcon_core/task/python/colcon_distutils_commands:/home/kjy/Mirobot_ros2/install/mirobot_master_slave/lib/python3.10/site-packages:/home/kjy/Mirobot_ros2/install/mirobot_driver/lib/python3.10/site-packages:${PYTHONPATH} VIRTUAL_ENV_PROMPT=(yolov5_env) /usr/bin/python3 -W ignore:setup.py install is deprecated -W ignore:easy_install command is deprecated setup.py egg_info --egg-base ../../build/mirobot_master_slave build --build-base /home/kjy/Mirobot_ros2/build/mirobot_master_slave/build install --record /home/kjy/Mirobot_ros2/build/mirobot_master_slave/install.log --single-version-externally-managed install_data
[2.491s] Level 1:colcon.colcon_core.environment:checking '/home/kjy/Mirobot_ros2/install/mirobot_master_slave' for CMake module files
[2.492s] DEBUG:colcon.colcon_core.event_handler.log_command:Invoked command in '/home/kjy/Mirobot_ros2/src/mirobot_master_slave' returned '0': AMENT_PREFIX_PATH=/home/kjy/Mirobot_ros2/install/mirobot_driver:/home/kjy/Mirobot_ros2/install/mirobot_description:${AMENT_PREFIX_PATH} CMAKE_PREFIX_PATH=/home/kjy/Mirobot_ros2/install/mirobot_description PS1=(yolov5_env) \[\e]0;\u@\h: \w\a\]${debian_chroot:+($debian_chroot)}\[\033[01;32m\]\u@\h\[\033[00m\]:\[\033[01;34m\]\w\[\033[00m\]\$ PYTHONPATH=/home/kjy/Mirobot_ros2/build/mirobot_master_slave/prefix_override:/usr/lib/python3/dist-packages/colcon_core/task/python/colcon_distutils_commands:/home/kjy/Mirobot_ros2/install/mirobot_master_slave/lib/python3.10/site-packages:/home/kjy/Mirobot_ros2/install/mirobot_driver/lib/python3.10/site-packages:${PYTHONPATH} VIRTUAL_ENV_PROMPT=(yolov5_env) /usr/bin/python3 -W ignore:setup.py install is deprecated -W ignore:easy_install command is deprecated setup.py egg_info --egg-base ../../build/mirobot_master_slave build --build-base /home/kjy/Mirobot_ros2/build/mirobot_master_slave/build install --record /home/kjy/Mirobot_ros2/build/mirobot_master_slave/install.log --single-version-externally-managed install_data
[2.492s] Level 1:colcon.colcon_core.environment:checking '/home/kjy/Mirobot_ros2/install/mirobot_master_slave' for CMake config files
[2.493s] Level 1:colcon.colcon_core.environment:checking '/home/kjy/Mirobot_ros2/install/mirobot_master_slave/lib'
[2.493s] Level 1:colcon.colcon_core.environment:checking '/home/kjy/Mirobot_ros2/install/mirobot_master_slave/bin'
[2.493s] Level 1:colcon.colcon_core.environment:checking '/home/kjy/Mirobot_ros2/install/mirobot_master_slave/lib/pkgconfig/mirobot_master_slave.pc'
[2.493s] Level 1:colcon.colcon_core.environment:checking '/home/kjy/Mirobot_ros2/install/mirobot_master_slave/lib/python3.10/site-packages'
[2.493s] Level 1:colcon.colcon_core.shell:create_environment_hook('mirobot_master_slave', 'pythonpath')
[2.493s] INFO:colcon.colcon_core.shell:Creating environment hook '/home/kjy/Mirobot_ros2/install/mirobot_master_slave/share/mirobot_master_slave/hook/pythonpath.ps1'
[2.493s] INFO:colcon.colcon_core.shell:Creating environment descriptor '/home/kjy/Mirobot_ros2/install/mirobot_master_slave/share/mirobot_master_slave/hook/pythonpath.dsv'
[2.493s] INFO:colcon.colcon_core.shell:Creating environment hook '/home/kjy/Mirobot_ros2/install/mirobot_master_slave/share/mirobot_master_slave/hook/pythonpath.sh'
[2.494s] Level 1:colcon.colcon_core.environment:checking '/home/kjy/Mirobot_ros2/install/mirobot_master_slave/bin'
[2.494s] Level 1:colcon.colcon_core.environment:create_environment_scripts_only(mirobot_master_slave)
[2.494s] INFO:colcon.colcon_core.shell:Creating package script '/home/kjy/Mirobot_ros2/install/mirobot_master_slave/share/mirobot_master_slave/package.ps1'
[2.494s] INFO:colcon.colcon_core.shell:Creating package descriptor '/home/kjy/Mirobot_ros2/install/mirobot_master_slave/share/mirobot_master_slave/package.dsv'
[2.495s] INFO:colcon.colcon_core.shell:Creating package script '/home/kjy/Mirobot_ros2/install/mirobot_master_slave/share/mirobot_master_slave/package.sh'
[2.495s] INFO:colcon.colcon_core.shell:Creating package script '/home/kjy/Mirobot_ros2/install/mirobot_master_slave/share/mirobot_master_slave/package.bash'
[2.495s] INFO:colcon.colcon_core.shell:Creating package script '/home/kjy/Mirobot_ros2/install/mirobot_master_slave/share/mirobot_master_slave/package.zsh'
[2.495s] Level 1:colcon.colcon_core.environment:create_file_with_runtime_dependencies(/home/kjy/Mirobot_ros2/install/mirobot_master_slave/share/colcon-core/packages/mirobot_master_slave)
[2.495s] DEBUG:colcon.colcon_parallel_executor.executor.parallel:closing loop
[2.496s] DEBUG:colcon.colcon_parallel_executor.executor.parallel:loop closed
[2.496s] DEBUG:colcon.colcon_parallel_executor.executor.parallel:run_until_complete finished with '0'
[2.496s] DEBUG:colcon.colcon_core.event_reactor:joining thread
[2.498s] INFO:colcon.colcon_core.plugin_system:Skipping extension 'colcon_notification.desktop_notification.terminal_notifier': Not used on non-Darwin systems
[2.499s] INFO:colcon.colcon_core.plugin_system:Skipping extension 'colcon_notification.desktop_notification.win32': Not used on non-Windows systems
[2.499s] INFO:colcon.colcon_notification.desktop_notification:Sending desktop notification using 'notify2'
[2.504s] DEBUG:colcon.colcon_core.event_reactor:joined thread
[2.504s] INFO:colcon.colcon_core.shell:Creating prefix script '/home/kjy/Mirobot_ros2/install/local_setup.ps1'
[2.505s] INFO:colcon.colcon_core.shell:Creating prefix util module '/home/kjy/Mirobot_ros2/install/_local_setup_util_ps1.py'
[2.505s] INFO:colcon.colcon_core.shell:Creating prefix chain script '/home/kjy/Mirobot_ros2/install/setup.ps1'
[2.506s] INFO:colcon.colcon_core.shell:Creating prefix script '/home/kjy/Mirobot_ros2/install/local_setup.sh'
[2.506s] INFO:colcon.colcon_core.shell:Creating prefix util module '/home/kjy/Mirobot_ros2/install/_local_setup_util_sh.py'
[2.506s] INFO:colcon.colcon_core.shell:Creating prefix chain script '/home/kjy/Mirobot_ros2/install/setup.sh'
[2.507s] INFO:colcon.colcon_core.shell:Creating prefix script '/home/kjy/Mirobot_ros2/install/local_setup.bash'
[2.507s] INFO:colcon.colcon_core.shell:Creating prefix chain script '/home/kjy/Mirobot_ros2/install/setup.bash'
[2.508s] INFO:colcon.colcon_core.shell:Creating prefix script '/home/kjy/Mirobot_ros2/install/local_setup.zsh'
[2.508s] INFO:colcon.colcon_core.shell:Creating prefix chain script '/home/kjy/Mirobot_ros2/install/setup.zsh'
