[0.017s] Invoking command in '/home/kjy/Mirobot_ros2/build/mirobot_description': CMAKE_PREFIX_PATH=${CMAKE_PREFIX_PATH}:/home/kjy/Mirobot_ros2/install/vision_robot:/home/kjy/Mirobot_ros2/install/mirobot_master_slave:/home/kjy/Mirobot_ros2/install/mirobot_driver:/opt/ros/humble /usr/bin/cmake /home/kjy/Mirobot_ros2/src/mirobot_description -DAMENT_CMAKE_SYMLINK_INSTALL=1 -DCMAKE_INSTALL_PREFIX=/home/kjy/Mirobot_ros2/install/mirobot_description
[0.217s] -- The C compiler identification is GNU 11.4.0
[0.217s] -- The CXX compiler identification is GNU 11.4.0
[0.217s] -- Detecting C compiler ABI info
[0.217s] -- Detecting C compiler ABI info - done
[0.217s] -- Check for working C compiler: /usr/bin/cc - skipped
[0.217s] -- Detecting C compile features
[0.218s] -- Detecting C compile features - done
[0.218s] -- Detecting CXX compiler ABI info
[0.299s] -- Detecting CXX compiler ABI info - done
[0.305s] -- Check for working CXX compiler: /usr/bin/c++ - skipped
[0.306s] -- Detecting CXX compile features
[0.306s] -- Detecting CXX compile features - done
[0.308s] -- Found ament_cmake: 1.3.12 (/opt/ros/humble/share/ament_cmake/cmake)
[0.449s] -- Found Python3: /usr/bin/python3 (found version "3.10.12") found components: Interpreter 
[0.504s] -- Override CMake install command with custom implementation using symlinks instead of copying resources
[0.532s] -- Found xacro: 2.1.1 (/opt/ros/humble/share/xacro/cmake)
[0.589s] -- Configuring done
[0.592s] -- Generating done
[0.593s] -- Build files have been written to: /home/kjy/Mirobot_ros2/build/mirobot_description
[0.600s] Invoked command in '/home/kjy/Mirobot_ros2/build/mirobot_description' returned '0': CMAKE_PREFIX_PATH=${CMAKE_PREFIX_PATH}:/home/kjy/Mirobot_ros2/install/vision_robot:/home/kjy/Mirobot_ros2/install/mirobot_master_slave:/home/kjy/Mirobot_ros2/install/mirobot_driver:/opt/ros/humble /usr/bin/cmake /home/kjy/Mirobot_ros2/src/mirobot_description -DAMENT_CMAKE_SYMLINK_INSTALL=1 -DCMAKE_INSTALL_PREFIX=/home/kjy/Mirobot_ros2/install/mirobot_description
[0.601s] Invoking command in '/home/kjy/Mirobot_ros2/build/mirobot_description': CMAKE_PREFIX_PATH=${CMAKE_PREFIX_PATH}:/home/kjy/Mirobot_ros2/install/vision_robot:/home/kjy/Mirobot_ros2/install/mirobot_master_slave:/home/kjy/Mirobot_ros2/install/mirobot_driver:/opt/ros/humble /usr/bin/cmake --build /home/kjy/Mirobot_ros2/build/mirobot_description -- -j16 -l16
[0.643s] Invoked command in '/home/kjy/Mirobot_ros2/build/mirobot_description' returned '0': CMAKE_PREFIX_PATH=${CMAKE_PREFIX_PATH}:/home/kjy/Mirobot_ros2/install/vision_robot:/home/kjy/Mirobot_ros2/install/mirobot_master_slave:/home/kjy/Mirobot_ros2/install/mirobot_driver:/opt/ros/humble /usr/bin/cmake --build /home/kjy/Mirobot_ros2/build/mirobot_description -- -j16 -l16
[0.652s] Invoking command in '/home/kjy/Mirobot_ros2/build/mirobot_description': CMAKE_PREFIX_PATH=${CMAKE_PREFIX_PATH}:/home/kjy/Mirobot_ros2/install/vision_robot:/home/kjy/Mirobot_ros2/install/mirobot_master_slave:/home/kjy/Mirobot_ros2/install/mirobot_driver:/opt/ros/humble /usr/bin/cmake --install /home/kjy/Mirobot_ros2/build/mirobot_description
[0.659s] -- Install configuration: ""
[0.660s] -- Execute custom install script
[0.660s] -- Symlinking: /home/kjy/Mirobot_ros2/install/mirobot_description/share/mirobot_description//launch/mirobot_description.launch.py
[0.670s] -- Symlinking: /home/kjy/Mirobot_ros2/install/mirobot_description/share/mirobot_description//launch/mirobot_isaac_control.launch.py
[0.679s] -- Symlinking: /home/kjy/Mirobot_ros2/install/mirobot_description/share/mirobot_description//launch/mirobot_rviz_control.launch.py
[0.688s] -- Symlinking: /home/kjy/Mirobot_ros2/install/mirobot_description/share/mirobot_description//meshes/Link1.STL
[0.697s] -- Symlinking: /home/kjy/Mirobot_ros2/install/mirobot_description/share/mirobot_description//meshes/Link2.STL
[0.702s] -- Symlinking: /home/kjy/Mirobot_ros2/install/mirobot_description/share/mirobot_description//meshes/Link3.STL
[0.709s] -- Symlinking: /home/kjy/Mirobot_ros2/install/mirobot_description/share/mirobot_description//meshes/Link4.STL
[0.716s] -- Symlinking: /home/kjy/Mirobot_ros2/install/mirobot_description/share/mirobot_description//meshes/Link5.STL
[0.722s] -- Symlinking: /home/kjy/Mirobot_ros2/install/mirobot_description/share/mirobot_description//meshes/Link6.STL
[0.732s] -- Symlinking: /home/kjy/Mirobot_ros2/install/mirobot_description/share/mirobot_description//meshes/base_link.STL
[0.740s] -- Symlinking: /home/kjy/Mirobot_ros2/install/mirobot_description/share/mirobot_description//rviz/description.rviz
[0.748s] -- Symlinking: /home/kjy/Mirobot_ros2/install/mirobot_description/share/mirobot_description//urdf/mirobot_gripper.urdf
[0.756s] -- Symlinking: /home/kjy/Mirobot_ros2/install/mirobot_description/share/mirobot_description//urdf/mirobot_urdf_2 (copy).urdf
[0.763s] -- Symlinking: /home/kjy/Mirobot_ros2/install/mirobot_description/share/mirobot_description//urdf/mirobot_urdf_2.csv
[0.771s] -- Symlinking: /home/kjy/Mirobot_ros2/install/mirobot_description/share/mirobot_description//urdf/mirobot_urdf_2.urdf
[0.778s] -- Symlinking: /home/kjy/Mirobot_ros2/install/mirobot_description/share/mirobot_description//urdf/mirobot_urdf_2.xacro
[0.785s] -- Symlinking: /home/kjy/Mirobot_ros2/install/mirobot_description/share/mirobot_description//urdf/mirobot_urdf_2.zip
[0.792s] -- Symlinking: /home/kjy/Mirobot_ros2/install/mirobot_description/share/mirobot_description//urdf/mirobot_urdf_2/Link6.usd
[0.798s] -- Symlinking: /home/kjy/Mirobot_ros2/install/mirobot_description/share/mirobot_description//urdf/mirobot_urdf_2/mirobot_urdf_2.usd
[0.804s] -- Symlinking: /home/kjy/Mirobot_ros2/install/mirobot_description/share/mirobot_description//urdf/mirobot_urdf_2/mirobot_urdf_2_ee.usd
[0.811s] -- Symlinking: /home/kjy/Mirobot_ros2/install/mirobot_description/share/mirobot_description//urdf/mirobot_urdf_2_original.urdf
[0.818s] -- Symlinking: /home/kjy/Mirobot_ros2/install/mirobot_description/share/mirobot_description//urdf/rmpflow/denso_rmpflow_common.yaml
[0.824s] -- Symlinking: /home/kjy/Mirobot_ros2/install/mirobot_description/share/mirobot_description//urdf/rmpflow/mirrobot_rmpflow_common.yaml
[0.835s] -- Symlinking: /home/kjy/Mirobot_ros2/install/mirobot_description/share/mirobot_description//urdf/rmpflow/robot_descriptor.yaml
[0.843s] -- Symlinking: /home/kjy/Mirobot_ros2/install/mirobot_description/share/ament_index/resource_index/package_run_dependencies/mirobot_description
[0.851s] -- Symlinking: /home/kjy/Mirobot_ros2/install/mirobot_description/share/ament_index/resource_index/parent_prefix_path/mirobot_description
[0.858s] -- Symlinking: /home/kjy/Mirobot_ros2/install/mirobot_description/share/mirobot_description/environment/ament_prefix_path.sh
[0.865s] -- Symlinking: /home/kjy/Mirobot_ros2/install/mirobot_description/share/mirobot_description/environment/ament_prefix_path.dsv
[0.872s] -- Symlinking: /home/kjy/Mirobot_ros2/install/mirobot_description/share/mirobot_description/environment/path.sh
[0.880s] -- Symlinking: /home/kjy/Mirobot_ros2/install/mirobot_description/share/mirobot_description/environment/path.dsv
[0.887s] -- Symlinking: /home/kjy/Mirobot_ros2/install/mirobot_description/share/mirobot_description/local_setup.bash
[0.894s] -- Symlinking: /home/kjy/Mirobot_ros2/install/mirobot_description/share/mirobot_description/local_setup.sh
[0.902s] -- Symlinking: /home/kjy/Mirobot_ros2/install/mirobot_description/share/mirobot_description/local_setup.zsh
[0.908s] -- Symlinking: /home/kjy/Mirobot_ros2/install/mirobot_description/share/mirobot_description/local_setup.dsv
[0.916s] -- Symlinking: /home/kjy/Mirobot_ros2/install/mirobot_description/share/mirobot_description/package.dsv
[0.924s] -- Symlinking: /home/kjy/Mirobot_ros2/install/mirobot_description/share/ament_index/resource_index/packages/mirobot_description
[0.933s] -- Symlinking: /home/kjy/Mirobot_ros2/install/mirobot_description/share/mirobot_description/cmake/mirobot_descriptionConfig.cmake
[0.941s] -- Symlinking: /home/kjy/Mirobot_ros2/install/mirobot_description/share/mirobot_description/cmake/mirobot_descriptionConfig-version.cmake
[0.950s] -- Symlinking: /home/kjy/Mirobot_ros2/install/mirobot_description/share/mirobot_description/package.xml
[0.967s] Invoked command in '/home/kjy/Mirobot_ros2/build/mirobot_description' returned '0': CMAKE_PREFIX_PATH=${CMAKE_PREFIX_PATH}:/home/kjy/Mirobot_ros2/install/vision_robot:/home/kjy/Mirobot_ros2/install/mirobot_master_slave:/home/kjy/Mirobot_ros2/install/mirobot_driver:/opt/ros/humble /usr/bin/cmake --install /home/kjy/Mirobot_ros2/build/mirobot_description
