[0.140s] Invoking command in '/home/kjy/Mirobot_ros2/build/mirobot_description': CMAKE_PREFIX_PATH=/opt/ros/humble PS1=(yolov5_env) \[\e]0;\u@\h: \w\a\]${debian_chroot:+($debian_chroot)}\[\033[01;32m\]\u@\h\[\033[00m\]:\[\033[01;34m\]\w\[\033[00m\]\$ VIRTUAL_ENV_PROMPT=(yolov5_env) /usr/bin/cmake --build /home/kjy/Mirobot_ros2/build/mirobot_description -- -j16 -l16
[1.307s] Invoked command in '/home/kjy/Mirobot_ros2/build/mirobot_description' returned '0': CMAKE_PREFIX_PATH=/opt/ros/humble PS1=(yolov5_env) \[\e]0;\u@\h: \w\a\]${debian_chroot:+($debian_chroot)}\[\033[01;32m\]\u@\h\[\033[00m\]:\[\033[01;34m\]\w\[\033[00m\]\$ VIRTUAL_ENV_PROMPT=(yolov5_env) /usr/bin/cmake --build /home/kjy/Mirobot_ros2/build/mirobot_description -- -j16 -l16
[1.317s] Invoking command in '/home/kjy/Mirobot_ros2/build/mirobot_description': CMAKE_PREFIX_PATH=/opt/ros/humble PS1=(yolov5_env) \[\e]0;\u@\h: \w\a\]${debian_chroot:+($debian_chroot)}\[\033[01;32m\]\u@\h\[\033[00m\]:\[\033[01;34m\]\w\[\033[00m\]\$ VIRTUAL_ENV_PROMPT=(yolov5_env) /usr/bin/cmake --install /home/kjy/Mirobot_ros2/build/mirobot_description
[1.324s] -- Install configuration: ""
[1.324s] -- Execute custom install script
[1.325s] -- Up-to-date symlink: /home/kjy/Mirobot_ros2/install/mirobot_description/share/mirobot_description//launch/mirobot_description.launch.py
[1.325s] -- Up-to-date symlink: /home/kjy/Mirobot_ros2/install/mirobot_description/share/mirobot_description//launch/mirobot_isaac_control.launch.py
[1.325s] -- Up-to-date symlink: /home/kjy/Mirobot_ros2/install/mirobot_description/share/mirobot_description//launch/mirobot_rviz_control.launch.py
[1.325s] -- Up-to-date symlink: /home/kjy/Mirobot_ros2/install/mirobot_description/share/mirobot_description//meshes/Link1.STL
[1.325s] -- Up-to-date symlink: /home/kjy/Mirobot_ros2/install/mirobot_description/share/mirobot_description//meshes/Link2.STL
[1.325s] -- Up-to-date symlink: /home/kjy/Mirobot_ros2/install/mirobot_description/share/mirobot_description//meshes/Link3.STL
[1.325s] -- Up-to-date symlink: /home/kjy/Mirobot_ros2/install/mirobot_description/share/mirobot_description//meshes/Link4.STL
[1.325s] -- Up-to-date symlink: /home/kjy/Mirobot_ros2/install/mirobot_description/share/mirobot_description//meshes/Link5.STL
[1.325s] -- Up-to-date symlink: /home/kjy/Mirobot_ros2/install/mirobot_description/share/mirobot_description//meshes/Link6.STL
[1.325s] -- Up-to-date symlink: /home/kjy/Mirobot_ros2/install/mirobot_description/share/mirobot_description//meshes/base_link.STL
[1.326s] -- Up-to-date symlink: /home/kjy/Mirobot_ros2/install/mirobot_description/share/mirobot_description//rviz/description.rviz
[1.326s] -- Up-to-date symlink: /home/kjy/Mirobot_ros2/install/mirobot_description/share/mirobot_description//urdf/mirobot_gripper.urdf
[1.326s] -- Up-to-date symlink: /home/kjy/Mirobot_ros2/install/mirobot_description/share/mirobot_description//urdf/mirobot_urdf_2 (copy).urdf
[1.326s] -- Up-to-date symlink: /home/kjy/Mirobot_ros2/install/mirobot_description/share/mirobot_description//urdf/mirobot_urdf_2.csv
[1.326s] -- Up-to-date symlink: /home/kjy/Mirobot_ros2/install/mirobot_description/share/mirobot_description//urdf/mirobot_urdf_2.urdf
[1.326s] -- Up-to-date symlink: /home/kjy/Mirobot_ros2/install/mirobot_description/share/mirobot_description//urdf/mirobot_urdf_2.xacro
[1.326s] -- Up-to-date symlink: /home/kjy/Mirobot_ros2/install/mirobot_description/share/mirobot_description//urdf/mirobot_urdf_2.zip
[1.326s] -- Up-to-date symlink: /home/kjy/Mirobot_ros2/install/mirobot_description/share/mirobot_description//urdf/mirobot_urdf_2/Link6.usd
[1.326s] -- Up-to-date symlink: /home/kjy/Mirobot_ros2/install/mirobot_description/share/mirobot_description//urdf/mirobot_urdf_2/mirobot_urdf_2.usd
[1.327s] -- Up-to-date symlink: /home/kjy/Mirobot_ros2/install/mirobot_description/share/mirobot_description//urdf/mirobot_urdf_2/mirobot_urdf_2_ee.usd
[1.327s] -- Up-to-date symlink: /home/kjy/Mirobot_ros2/install/mirobot_description/share/mirobot_description//urdf/mirobot_urdf_2_original.urdf
[1.327s] -- Up-to-date symlink: /home/kjy/Mirobot_ros2/install/mirobot_description/share/mirobot_description//urdf/rmpflow/denso_rmpflow_common.yaml
[1.327s] -- Up-to-date symlink: /home/kjy/Mirobot_ros2/install/mirobot_description/share/mirobot_description//urdf/rmpflow/mirrobot_rmpflow_common.yaml
[1.327s] -- Up-to-date symlink: /home/kjy/Mirobot_ros2/install/mirobot_description/share/mirobot_description//urdf/rmpflow/robot_descriptor.yaml
[1.327s] -- Up-to-date symlink: /home/kjy/Mirobot_ros2/install/mirobot_description/share/ament_index/resource_index/package_run_dependencies/mirobot_description
[1.327s] -- Up-to-date symlink: /home/kjy/Mirobot_ros2/install/mirobot_description/share/ament_index/resource_index/parent_prefix_path/mirobot_description
[1.327s] -- Up-to-date symlink: /home/kjy/Mirobot_ros2/install/mirobot_description/share/mirobot_description/environment/ament_prefix_path.sh
[1.327s] -- Up-to-date symlink: /home/kjy/Mirobot_ros2/install/mirobot_description/share/mirobot_description/environment/ament_prefix_path.dsv
[1.328s] -- Up-to-date symlink: /home/kjy/Mirobot_ros2/install/mirobot_description/share/mirobot_description/environment/path.sh
[1.328s] -- Up-to-date symlink: /home/kjy/Mirobot_ros2/install/mirobot_description/share/mirobot_description/environment/path.dsv
[1.328s] -- Up-to-date symlink: /home/kjy/Mirobot_ros2/install/mirobot_description/share/mirobot_description/local_setup.bash
[1.328s] -- Up-to-date symlink: /home/kjy/Mirobot_ros2/install/mirobot_description/share/mirobot_description/local_setup.sh
[1.328s] -- Up-to-date symlink: /home/kjy/Mirobot_ros2/install/mirobot_description/share/mirobot_description/local_setup.zsh
[1.328s] -- Up-to-date symlink: /home/kjy/Mirobot_ros2/install/mirobot_description/share/mirobot_description/local_setup.dsv
[1.328s] -- Symlinking: /home/kjy/Mirobot_ros2/install/mirobot_description/share/mirobot_description/package.dsv
[1.338s] -- Up-to-date symlink: /home/kjy/Mirobot_ros2/install/mirobot_description/share/ament_index/resource_index/packages/mirobot_description
[1.338s] -- Up-to-date symlink: /home/kjy/Mirobot_ros2/install/mirobot_description/share/mirobot_description/cmake/mirobot_descriptionConfig.cmake
[1.338s] -- Up-to-date symlink: /home/kjy/Mirobot_ros2/install/mirobot_description/share/mirobot_description/cmake/mirobot_descriptionConfig-version.cmake
[1.338s] -- Up-to-date symlink: /home/kjy/Mirobot_ros2/install/mirobot_description/share/mirobot_description/package.xml
[1.340s] Invoked command in '/home/kjy/Mirobot_ros2/build/mirobot_description' returned '0': CMAKE_PREFIX_PATH=/opt/ros/humble PS1=(yolov5_env) \[\e]0;\u@\h: \w\a\]${debian_chroot:+($debian_chroot)}\[\033[01;32m\]\u@\h\[\033[00m\]:\[\033[01;34m\]\w\[\033[00m\]\$ VIRTUAL_ENV_PROMPT=(yolov5_env) /usr/bin/cmake --install /home/kjy/Mirobot_ros2/build/mirobot_description
