[1.556s] Invoking command in '/home/kjy/Mirobot_ros2/src/mirobot_order_delivery': PS1=(yolov5_env) \[\e]0;\u@\h: \w\a\]${debian_chroot:+($debian_chroot)}\[\033[01;32m\]\u@\h\[\033[00m\]:\[\033[01;34m\]\w\[\033[00m\]\$ PYTHONPATH=/home/kjy/Mirobot_ros2/build/mirobot_order_delivery/prefix_override:/usr/lib/python3/dist-packages/colcon_core/task/python/colcon_distutils_commands:/home/kjy/Mirobot_ros2/install/mirobot_order_delivery/lib/python3.10/site-packages:${PYTHONPATH} VIRTUAL_ENV_PROMPT=(yolov5_env) /usr/bin/python3 -W ignore:setup.py install is deprecated -W ignore:easy_install command is deprecated setup.py egg_info --egg-base ../../build/mirobot_order_delivery build --build-base /home/kjy/Mirobot_ros2/build/mirobot_order_delivery/build install --record /home/kjy/Mirobot_ros2/build/mirobot_order_delivery/install.log --single-version-externally-managed install_data
[1.673s] running egg_info
[1.674s] writing ../../build/mirobot_order_delivery/mirobot_order_delivery.egg-info/PKG-INFO
[1.674s] writing dependency_links to ../../build/mirobot_order_delivery/mirobot_order_delivery.egg-info/dependency_links.txt
[1.674s] writing entry points to ../../build/mirobot_order_delivery/mirobot_order_delivery.egg-info/entry_points.txt
[1.674s] writing requirements to ../../build/mirobot_order_delivery/mirobot_order_delivery.egg-info/requires.txt
[1.674s] writing top-level names to ../../build/mirobot_order_delivery/mirobot_order_delivery.egg-info/top_level.txt
[1.675s] reading manifest file '../../build/mirobot_order_delivery/mirobot_order_delivery.egg-info/SOURCES.txt'
[1.675s] writing manifest file '../../build/mirobot_order_delivery/mirobot_order_delivery.egg-info/SOURCES.txt'
[1.675s] running build
[1.675s] running build_py
[1.676s] running install
[1.676s] running install_lib
[1.677s] running install_data
[1.677s] running install_egg_info
[1.678s] removing '/home/kjy/Mirobot_ros2/install/mirobot_order_delivery/lib/python3.10/site-packages/mirobot_order_delivery-0.2.0-py3.10.egg-info' (and everything under it)
[1.678s] Copying ../../build/mirobot_order_delivery/mirobot_order_delivery.egg-info to /home/kjy/Mirobot_ros2/install/mirobot_order_delivery/lib/python3.10/site-packages/mirobot_order_delivery-0.2.0-py3.10.egg-info
[1.679s] running install_scripts
[1.690s] Installing delivery_node script to /home/kjy/Mirobot_ros2/install/mirobot_order_delivery/lib/mirobot_order_delivery
[1.690s] Installing simulate_order script to /home/kjy/Mirobot_ros2/install/mirobot_order_delivery/lib/mirobot_order_delivery
[1.690s] writing list of installed files to '/home/kjy/Mirobot_ros2/build/mirobot_order_delivery/install.log'
[1.714s] Invoked command in '/home/kjy/Mirobot_ros2/src/mirobot_order_delivery' returned '0': PS1=(yolov5_env) \[\e]0;\u@\h: \w\a\]${debian_chroot:+($debian_chroot)}\[\033[01;32m\]\u@\h\[\033[00m\]:\[\033[01;34m\]\w\[\033[00m\]\$ PYTHONPATH=/home/kjy/Mirobot_ros2/build/mirobot_order_delivery/prefix_override:/usr/lib/python3/dist-packages/colcon_core/task/python/colcon_distutils_commands:/home/kjy/Mirobot_ros2/install/mirobot_order_delivery/lib/python3.10/site-packages:${PYTHONPATH} VIRTUAL_ENV_PROMPT=(yolov5_env) /usr/bin/python3 -W ignore:setup.py install is deprecated -W ignore:easy_install command is deprecated setup.py egg_info --egg-base ../../build/mirobot_order_delivery build --build-base /home/kjy/Mirobot_ros2/build/mirobot_order_delivery/build install --record /home/kjy/Mirobot_ros2/build/mirobot_order_delivery/install.log --single-version-externally-managed install_data
