[0.824s] Invoking command in '/home/kjy/Mirobot_ros2/src/vision_robot': PS1=(yolov5_env) \[\e]0;\u@\h: \w\a\]${debian_chroot:+($debian_chroot)}\[\033[01;32m\]\u@\h\[\033[00m\]:\[\033[01;34m\]\w\[\033[00m\]\$ PYTHONPATH=/home/kjy/Mirobot_ros2/build/vision_robot/prefix_override:/usr/lib/python3/dist-packages/colcon_core/task/python/colcon_distutils_commands:/home/kjy/Mirobot_ros2/install/vision_robot/lib/python3.10/site-packages:${PYTHONPATH} VIRTUAL_ENV_PROMPT=(yolov5_env) /usr/bin/python3 -W ignore:setup.py install is deprecated -W ignore:easy_install command is deprecated setup.py egg_info --egg-base ../../build/vision_robot build --build-base /home/kjy/Mirobot_ros2/build/vision_robot/build install --record /home/kjy/Mirobot_ros2/build/vision_robot/install.log --single-version-externally-managed install_data
[0.946s] running egg_info
[0.946s] writing ../../build/vision_robot/vision_robot.egg-info/PKG-INFO
[0.946s] writing dependency_links to ../../build/vision_robot/vision_robot.egg-info/dependency_links.txt
[0.946s] writing entry points to ../../build/vision_robot/vision_robot.egg-info/entry_points.txt
[0.946s] writing requirements to ../../build/vision_robot/vision_robot.egg-info/requires.txt
[0.946s] writing top-level names to ../../build/vision_robot/vision_robot.egg-info/top_level.txt
[0.947s] reading manifest file '../../build/vision_robot/vision_robot.egg-info/SOURCES.txt'
[0.948s] writing manifest file '../../build/vision_robot/vision_robot.egg-info/SOURCES.txt'
[0.948s] running build
[0.948s] running build_py
[0.948s] running install
[0.948s] running install_lib
[0.949s] running install_data
[0.949s] running install_egg_info
[0.950s] removing '/home/kjy/Mirobot_ros2/install/vision_robot/lib/python3.10/site-packages/vision_robot-0.0.0-py3.10.egg-info' (and everything under it)
[0.950s] Copying ../../build/vision_robot/vision_robot.egg-info to /home/kjy/Mirobot_ros2/install/vision_robot/lib/python3.10/site-packages/vision_robot-0.0.0-py3.10.egg-info
[0.951s] running install_scripts
[0.962s] Installing vision_robot_node script to /home/kjy/Mirobot_ros2/install/vision_robot/lib/vision_robot
[0.963s] writing list of installed files to '/home/kjy/Mirobot_ros2/build/vision_robot/install.log'
[1.205s] Invoked command in '/home/kjy/Mirobot_ros2/src/vision_robot' returned '0': PS1=(yolov5_env) \[\e]0;\u@\h: \w\a\]${debian_chroot:+($debian_chroot)}\[\033[01;32m\]\u@\h\[\033[00m\]:\[\033[01;34m\]\w\[\033[00m\]\$ PYTHONPATH=/home/kjy/Mirobot_ros2/build/vision_robot/prefix_override:/usr/lib/python3/dist-packages/colcon_core/task/python/colcon_distutils_commands:/home/kjy/Mirobot_ros2/install/vision_robot/lib/python3.10/site-packages:${PYTHONPATH} VIRTUAL_ENV_PROMPT=(yolov5_env) /usr/bin/python3 -W ignore:setup.py install is deprecated -W ignore:easy_install command is deprecated setup.py egg_info --egg-base ../../build/vision_robot build --build-base /home/kjy/Mirobot_ros2/build/vision_robot/build install --record /home/kjy/Mirobot_ros2/build/vision_robot/install.log --single-version-externally-managed install_data
