[0.120s] DEBUG:colcon:Command line arguments: ['/usr/bin/colcon', 'build']
[0.121s] DEBUG:colcon:Parsed command line arguments: Namespace(log_base=None, log_level=None, verb_name='build', build_base='build', install_base='install', merge_install=False, symlink_install=False, test_result_base=None, continue_on_error=False, executor='parallel', parallel_workers=16, event_handlers=None, ignore_user_meta=False, metas=['./colcon.meta'], base_paths=['.'], packages_ignore=None, packages_ignore_regex=None, paths=None, packages_up_to=None, packages_up_to_regex=None, packages_above=None, packages_above_and_dependencies=None, packages_above_depth=None, packages_select_by_dep=None, packages_skip_by_dep=None, packages_skip_up_to=None, packages_select_build_failed=False, packages_skip_build_finished=False, packages_select_test_failures=False, packages_skip_test_passed=False, packages_select=None, packages_skip=None, packages_select_regex=None, packages_skip_regex=None, packages_start=None, packages_end=None, allow_overriding=[], cmake_args=None, cmake_target=None, cmake_target_skip_unavailable=False, cmake_clean_cache=False, cmake_clean_first=False, cmake_force_configure=False, ament_cmake_args=None, catkin_cmake_args=None, catkin_skip_building_tests=False, verb_parser=<colcon_defaults.argument_parser.defaults.DefaultArgumentsDecorator object at 0x74004f54b1f0>, verb_extension=<colcon_core.verb.build.BuildVerb object at 0x74004f54ac50>, main=<bound method BuildVerb.main of <colcon_core.verb.build.BuildVerb object at 0x74004f54ac50>>)
[0.253s] Level 1:colcon.colcon_core.package_discovery:discover_packages(colcon_meta) check parameters
[0.253s] Level 1:colcon.colcon_core.package_discovery:discover_packages(recursive) check parameters
[0.253s] Level 1:colcon.colcon_core.package_discovery:discover_packages(ignore) check parameters
[0.253s] Level 1:colcon.colcon_core.package_discovery:discover_packages(path) check parameters
[0.253s] Level 1:colcon.colcon_core.package_discovery:discover_packages(colcon_meta) discover
[0.253s] Level 1:colcon.colcon_core.package_discovery:discover_packages(recursive) discover
[0.253s] INFO:colcon.colcon_core.package_discovery:Crawling recursively for packages in '/home/kjy/Mirobot_ros2'
[0.254s] Level 1:colcon.colcon_core.package_identification:_identify(.) by extensions ['ignore', 'ignore_ament_install']
[0.254s] Level 1:colcon.colcon_core.package_identification:_identify(.) by extension 'ignore'
[0.254s] Level 1:colcon.colcon_core.package_identification:_identify(.) by extension 'ignore_ament_install'
[0.254s] Level 1:colcon.colcon_core.package_identification:_identify(.) by extensions ['colcon_pkg']
[0.254s] Level 1:colcon.colcon_core.package_identification:_identify(.) by extension 'colcon_pkg'
[0.254s] Level 1:colcon.colcon_core.package_identification:_identify(.) by extensions ['colcon_meta']
[0.254s] Level 1:colcon.colcon_core.package_identification:_identify(.) by extension 'colcon_meta'
[0.254s] Level 1:colcon.colcon_core.package_identification:_identify(.) by extensions ['ros']
[0.254s] Level 1:colcon.colcon_core.package_identification:_identify(.) by extension 'ros'
[0.269s] Level 1:colcon.colcon_core.package_identification:_identify(.) by extensions ['cmake', 'python']
[0.269s] Level 1:colcon.colcon_core.package_identification:_identify(.) by extension 'cmake'
[0.269s] Level 1:colcon.colcon_core.package_identification:_identify(.) by extension 'python'
[0.269s] Level 1:colcon.colcon_core.package_identification:_identify(.) by extensions ['python_setup_py']
[0.269s] Level 1:colcon.colcon_core.package_identification:_identify(.) by extension 'python_setup_py'
[0.269s] Level 1:colcon.colcon_core.package_identification:_identify(build) by extensions ['ignore', 'ignore_ament_install']
[0.269s] Level 1:colcon.colcon_core.package_identification:_identify(build) by extension 'ignore'
[0.269s] Level 1:colcon.colcon_core.package_identification:_identify(build) ignored
[0.269s] Level 1:colcon.colcon_core.package_identification:_identify(install) by extensions ['ignore', 'ignore_ament_install']
[0.269s] Level 1:colcon.colcon_core.package_identification:_identify(install) by extension 'ignore'
[0.270s] Level 1:colcon.colcon_core.package_identification:_identify(install) ignored
[0.270s] Level 1:colcon.colcon_core.package_identification:_identify(log) by extensions ['ignore', 'ignore_ament_install']
[0.270s] Level 1:colcon.colcon_core.package_identification:_identify(log) by extension 'ignore'
[0.270s] Level 1:colcon.colcon_core.package_identification:_identify(log) ignored
[0.270s] Level 1:colcon.colcon_core.package_identification:_identify(src) by extensions ['ignore', 'ignore_ament_install']
[0.270s] Level 1:colcon.colcon_core.package_identification:_identify(src) by extension 'ignore'
[0.270s] Level 1:colcon.colcon_core.package_identification:_identify(src) by extension 'ignore_ament_install'
[0.270s] Level 1:colcon.colcon_core.package_identification:_identify(src) by extensions ['colcon_pkg']
[0.270s] Level 1:colcon.colcon_core.package_identification:_identify(src) by extension 'colcon_pkg'
[0.270s] Level 1:colcon.colcon_core.package_identification:_identify(src) by extensions ['colcon_meta']
[0.270s] Level 1:colcon.colcon_core.package_identification:_identify(src) by extension 'colcon_meta'
[0.270s] Level 1:colcon.colcon_core.package_identification:_identify(src) by extensions ['ros']
[0.270s] Level 1:colcon.colcon_core.package_identification:_identify(src) by extension 'ros'
[0.270s] Level 1:colcon.colcon_core.package_identification:_identify(src) by extensions ['cmake', 'python']
[0.270s] Level 1:colcon.colcon_core.package_identification:_identify(src) by extension 'cmake'
[0.270s] Level 1:colcon.colcon_core.package_identification:_identify(src) by extension 'python'
[0.270s] Level 1:colcon.colcon_core.package_identification:_identify(src) by extensions ['python_setup_py']
[0.270s] Level 1:colcon.colcon_core.package_identification:_identify(src) by extension 'python_setup_py'
[0.270s] Level 1:colcon.colcon_core.package_identification:_identify(src/mirobot_description) by extensions ['ignore', 'ignore_ament_install']
[0.270s] Level 1:colcon.colcon_core.package_identification:_identify(src/mirobot_description) by extension 'ignore'
[0.270s] Level 1:colcon.colcon_core.package_identification:_identify(src/mirobot_description) by extension 'ignore_ament_install'
[0.270s] Level 1:colcon.colcon_core.package_identification:_identify(src/mirobot_description) by extensions ['colcon_pkg']
[0.270s] Level 1:colcon.colcon_core.package_identification:_identify(src/mirobot_description) by extension 'colcon_pkg'
[0.270s] Level 1:colcon.colcon_core.package_identification:_identify(src/mirobot_description) by extensions ['colcon_meta']
[0.270s] Level 1:colcon.colcon_core.package_identification:_identify(src/mirobot_description) by extension 'colcon_meta'
[0.270s] Level 1:colcon.colcon_core.package_identification:_identify(src/mirobot_description) by extensions ['ros']
[0.270s] Level 1:colcon.colcon_core.package_identification:_identify(src/mirobot_description) by extension 'ros'
[0.272s] DEBUG:colcon.colcon_core.package_identification:Package 'src/mirobot_description' with type 'ros.ament_cmake' and name 'mirobot_description'
[0.272s] Level 1:colcon.colcon_core.package_identification:_identify(src/mirobot_driver) by extensions ['ignore', 'ignore_ament_install']
[0.272s] Level 1:colcon.colcon_core.package_identification:_identify(src/mirobot_driver) by extension 'ignore'
[0.272s] Level 1:colcon.colcon_core.package_identification:_identify(src/mirobot_driver) by extension 'ignore_ament_install'
[0.272s] Level 1:colcon.colcon_core.package_identification:_identify(src/mirobot_driver) by extensions ['colcon_pkg']
[0.272s] Level 1:colcon.colcon_core.package_identification:_identify(src/mirobot_driver) by extension 'colcon_pkg'
[0.272s] Level 1:colcon.colcon_core.package_identification:_identify(src/mirobot_driver) by extensions ['colcon_meta']
[0.272s] Level 1:colcon.colcon_core.package_identification:_identify(src/mirobot_driver) by extension 'colcon_meta'
[0.272s] Level 1:colcon.colcon_core.package_identification:_identify(src/mirobot_driver) by extensions ['ros']
[0.272s] Level 1:colcon.colcon_core.package_identification:_identify(src/mirobot_driver) by extension 'ros'
[0.273s] DEBUG:colcon.colcon_core.package_identification:Package 'src/mirobot_driver' with type 'ros.ament_python' and name 'mirobot_driver'
[0.273s] Level 1:colcon.colcon_core.package_identification:_identify(src/mirobot_master_slave) by extensions ['ignore', 'ignore_ament_install']
[0.273s] Level 1:colcon.colcon_core.package_identification:_identify(src/mirobot_master_slave) by extension 'ignore'
[0.273s] Level 1:colcon.colcon_core.package_identification:_identify(src/mirobot_master_slave) by extension 'ignore_ament_install'
[0.273s] Level 1:colcon.colcon_core.package_identification:_identify(src/mirobot_master_slave) by extensions ['colcon_pkg']
[0.273s] Level 1:colcon.colcon_core.package_identification:_identify(src/mirobot_master_slave) by extension 'colcon_pkg'
[0.273s] Level 1:colcon.colcon_core.package_identification:_identify(src/mirobot_master_slave) by extensions ['colcon_meta']
[0.273s] Level 1:colcon.colcon_core.package_identification:_identify(src/mirobot_master_slave) by extension 'colcon_meta'
[0.273s] Level 1:colcon.colcon_core.package_identification:_identify(src/mirobot_master_slave) by extensions ['ros']
[0.273s] Level 1:colcon.colcon_core.package_identification:_identify(src/mirobot_master_slave) by extension 'ros'
[0.274s] DEBUG:colcon.colcon_core.package_identification:Package 'src/mirobot_master_slave' with type 'ros.ament_python' and name 'mirobot_master_slave'
[0.274s] Level 1:colcon.colcon_core.package_identification:_identify(src/mirobot_order_delivery) by extensions ['ignore', 'ignore_ament_install']
[0.274s] Level 1:colcon.colcon_core.package_identification:_identify(src/mirobot_order_delivery) by extension 'ignore'
[0.274s] Level 1:colcon.colcon_core.package_identification:_identify(src/mirobot_order_delivery) by extension 'ignore_ament_install'
[0.274s] Level 1:colcon.colcon_core.package_identification:_identify(src/mirobot_order_delivery) by extensions ['colcon_pkg']
[0.274s] Level 1:colcon.colcon_core.package_identification:_identify(src/mirobot_order_delivery) by extension 'colcon_pkg'
[0.274s] Level 1:colcon.colcon_core.package_identification:_identify(src/mirobot_order_delivery) by extensions ['colcon_meta']
[0.274s] Level 1:colcon.colcon_core.package_identification:_identify(src/mirobot_order_delivery) by extension 'colcon_meta'
[0.274s] Level 1:colcon.colcon_core.package_identification:_identify(src/mirobot_order_delivery) by extensions ['ros']
[0.274s] Level 1:colcon.colcon_core.package_identification:_identify(src/mirobot_order_delivery) by extension 'ros'
[0.274s] DEBUG:colcon.colcon_core.package_identification:Package 'src/mirobot_order_delivery' with type 'ros.ament_python' and name 'mirobot_order_delivery'
[0.274s] Level 1:colcon.colcon_core.package_identification:_identify(src/vision_robot) by extensions ['ignore', 'ignore_ament_install']
[0.274s] Level 1:colcon.colcon_core.package_identification:_identify(src/vision_robot) by extension 'ignore'
[0.274s] Level 1:colcon.colcon_core.package_identification:_identify(src/vision_robot) by extension 'ignore_ament_install'
[0.275s] Level 1:colcon.colcon_core.package_identification:_identify(src/vision_robot) by extensions ['colcon_pkg']
[0.275s] Level 1:colcon.colcon_core.package_identification:_identify(src/vision_robot) by extension 'colcon_pkg'
[0.275s] Level 1:colcon.colcon_core.package_identification:_identify(src/vision_robot) by extensions ['colcon_meta']
[0.275s] Level 1:colcon.colcon_core.package_identification:_identify(src/vision_robot) by extension 'colcon_meta'
[0.275s] Level 1:colcon.colcon_core.package_identification:_identify(src/vision_robot) by extensions ['ros']
[0.275s] Level 1:colcon.colcon_core.package_identification:_identify(src/vision_robot) by extension 'ros'
[0.275s] DEBUG:colcon.colcon_core.package_identification:Package 'src/vision_robot' with type 'ros.ament_python' and name 'vision_robot'
[0.275s] Level 1:colcon.colcon_core.package_discovery:discover_packages(recursive) using defaults
[0.275s] Level 1:colcon.colcon_core.package_discovery:discover_packages(ignore) discover
[0.275s] Level 1:colcon.colcon_core.package_discovery:discover_packages(ignore) using defaults
[0.275s] Level 1:colcon.colcon_core.package_discovery:discover_packages(path) discover
[0.275s] Level 1:colcon.colcon_core.package_discovery:discover_packages(path) using defaults
[0.296s] Level 1:colcon.colcon_core.package_discovery:discover_packages(prefix_path) check parameters
[0.296s] Level 1:colcon.colcon_core.package_discovery:discover_packages(prefix_path) discover
[0.301s] DEBUG:colcon.colcon_installed_package_information.package_discovery:Found 5 installed packages in /home/kjy/Mirobot_ros2/install
[0.303s] DEBUG:colcon.colcon_installed_package_information.package_discovery:Found 336 installed packages in /opt/ros/humble
[0.304s] Level 1:colcon.colcon_core.package_discovery:discover_packages(prefix_path) using defaults
[0.336s] Level 5:colcon.colcon_core.verb:set package 'mirobot_description' build argument 'cmake_args' from command line to 'None'
[0.336s] Level 5:colcon.colcon_core.verb:set package 'mirobot_description' build argument 'cmake_target' from command line to 'None'
[0.336s] Level 5:colcon.colcon_core.verb:set package 'mirobot_description' build argument 'cmake_target_skip_unavailable' from command line to 'False'
[0.336s] Level 5:colcon.colcon_core.verb:set package 'mirobot_description' build argument 'cmake_clean_cache' from command line to 'False'
[0.336s] Level 5:colcon.colcon_core.verb:set package 'mirobot_description' build argument 'cmake_clean_first' from command line to 'False'
[0.336s] Level 5:colcon.colcon_core.verb:set package 'mirobot_description' build argument 'cmake_force_configure' from command line to 'False'
[0.336s] Level 5:colcon.colcon_core.verb:set package 'mirobot_description' build argument 'ament_cmake_args' from command line to 'None'
[0.336s] Level 5:colcon.colcon_core.verb:set package 'mirobot_description' build argument 'catkin_cmake_args' from command line to 'None'
[0.336s] Level 5:colcon.colcon_core.verb:set package 'mirobot_description' build argument 'catkin_skip_building_tests' from command line to 'False'
[0.336s] DEBUG:colcon.colcon_core.verb:Building package 'mirobot_description' with the following arguments: {'ament_cmake_args': None, 'build_base': '/home/kjy/Mirobot_ros2/build/mirobot_description', 'catkin_cmake_args': None, 'catkin_skip_building_tests': False, 'cmake_args': None, 'cmake_clean_cache': False, 'cmake_clean_first': False, 'cmake_force_configure': False, 'cmake_target': None, 'cmake_target_skip_unavailable': False, 'install_base': '/home/kjy/Mirobot_ros2/install/mirobot_description', 'merge_install': False, 'path': '/home/kjy/Mirobot_ros2/src/mirobot_description', 'symlink_install': False, 'test_result_base': None}
[0.336s] Level 5:colcon.colcon_core.verb:set package 'mirobot_driver' build argument 'cmake_args' from command line to 'None'
[0.336s] Level 5:colcon.colcon_core.verb:set package 'mirobot_driver' build argument 'cmake_target' from command line to 'None'
[0.336s] Level 5:colcon.colcon_core.verb:set package 'mirobot_driver' build argument 'cmake_target_skip_unavailable' from command line to 'False'
[0.336s] Level 5:colcon.colcon_core.verb:set package 'mirobot_driver' build argument 'cmake_clean_cache' from command line to 'False'
[0.336s] Level 5:colcon.colcon_core.verb:set package 'mirobot_driver' build argument 'cmake_clean_first' from command line to 'False'
[0.336s] Level 5:colcon.colcon_core.verb:set package 'mirobot_driver' build argument 'cmake_force_configure' from command line to 'False'
[0.336s] Level 5:colcon.colcon_core.verb:set package 'mirobot_driver' build argument 'ament_cmake_args' from command line to 'None'
[0.336s] Level 5:colcon.colcon_core.verb:set package 'mirobot_driver' build argument 'catkin_cmake_args' from command line to 'None'
[0.336s] Level 5:colcon.colcon_core.verb:set package 'mirobot_driver' build argument 'catkin_skip_building_tests' from command line to 'False'
[0.336s] DEBUG:colcon.colcon_core.verb:Building package 'mirobot_driver' with the following arguments: {'ament_cmake_args': None, 'build_base': '/home/kjy/Mirobot_ros2/build/mirobot_driver', 'catkin_cmake_args': None, 'catkin_skip_building_tests': False, 'cmake_args': None, 'cmake_clean_cache': False, 'cmake_clean_first': False, 'cmake_force_configure': False, 'cmake_target': None, 'cmake_target_skip_unavailable': False, 'install_base': '/home/kjy/Mirobot_ros2/install/mirobot_driver', 'merge_install': False, 'path': '/home/kjy/Mirobot_ros2/src/mirobot_driver', 'symlink_install': False, 'test_result_base': None}
[0.337s] Level 5:colcon.colcon_core.verb:set package 'mirobot_order_delivery' build argument 'cmake_args' from command line to 'None'
[0.337s] Level 5:colcon.colcon_core.verb:set package 'mirobot_order_delivery' build argument 'cmake_target' from command line to 'None'
[0.337s] Level 5:colcon.colcon_core.verb:set package 'mirobot_order_delivery' build argument 'cmake_target_skip_unavailable' from command line to 'False'
[0.337s] Level 5:colcon.colcon_core.verb:set package 'mirobot_order_delivery' build argument 'cmake_clean_cache' from command line to 'False'
[0.337s] Level 5:colcon.colcon_core.verb:set package 'mirobot_order_delivery' build argument 'cmake_clean_first' from command line to 'False'
[0.337s] Level 5:colcon.colcon_core.verb:set package 'mirobot_order_delivery' build argument 'cmake_force_configure' from command line to 'False'
[0.337s] Level 5:colcon.colcon_core.verb:set package 'mirobot_order_delivery' build argument 'ament_cmake_args' from command line to 'None'
[0.337s] Level 5:colcon.colcon_core.verb:set package 'mirobot_order_delivery' build argument 'catkin_cmake_args' from command line to 'None'
[0.337s] Level 5:colcon.colcon_core.verb:set package 'mirobot_order_delivery' build argument 'catkin_skip_building_tests' from command line to 'False'
[0.337s] DEBUG:colcon.colcon_core.verb:Building package 'mirobot_order_delivery' with the following arguments: {'ament_cmake_args': None, 'build_base': '/home/kjy/Mirobot_ros2/build/mirobot_order_delivery', 'catkin_cmake_args': None, 'catkin_skip_building_tests': False, 'cmake_args': None, 'cmake_clean_cache': False, 'cmake_clean_first': False, 'cmake_force_configure': False, 'cmake_target': None, 'cmake_target_skip_unavailable': False, 'install_base': '/home/kjy/Mirobot_ros2/install/mirobot_order_delivery', 'merge_install': False, 'path': '/home/kjy/Mirobot_ros2/src/mirobot_order_delivery', 'symlink_install': False, 'test_result_base': None}
[0.337s] Level 5:colcon.colcon_core.verb:set package 'vision_robot' build argument 'cmake_args' from command line to 'None'
[0.337s] Level 5:colcon.colcon_core.verb:set package 'vision_robot' build argument 'cmake_target' from command line to 'None'
[0.337s] Level 5:colcon.colcon_core.verb:set package 'vision_robot' build argument 'cmake_target_skip_unavailable' from command line to 'False'
[0.337s] Level 5:colcon.colcon_core.verb:set package 'vision_robot' build argument 'cmake_clean_cache' from command line to 'False'
[0.337s] Level 5:colcon.colcon_core.verb:set package 'vision_robot' build argument 'cmake_clean_first' from command line to 'False'
[0.337s] Level 5:colcon.colcon_core.verb:set package 'vision_robot' build argument 'cmake_force_configure' from command line to 'False'
[0.337s] Level 5:colcon.colcon_core.verb:set package 'vision_robot' build argument 'ament_cmake_args' from command line to 'None'
[0.337s] Level 5:colcon.colcon_core.verb:set package 'vision_robot' build argument 'catkin_cmake_args' from command line to 'None'
[0.337s] Level 5:colcon.colcon_core.verb:set package 'vision_robot' build argument 'catkin_skip_building_tests' from command line to 'False'
[0.337s] DEBUG:colcon.colcon_core.verb:Building package 'vision_robot' with the following arguments: {'ament_cmake_args': None, 'build_base': '/home/kjy/Mirobot_ros2/build/vision_robot', 'catkin_cmake_args': None, 'catkin_skip_building_tests': False, 'cmake_args': None, 'cmake_clean_cache': False, 'cmake_clean_first': False, 'cmake_force_configure': False, 'cmake_target': None, 'cmake_target_skip_unavailable': False, 'install_base': '/home/kjy/Mirobot_ros2/install/vision_robot', 'merge_install': False, 'path': '/home/kjy/Mirobot_ros2/src/vision_robot', 'symlink_install': False, 'test_result_base': None}
[0.337s] Level 5:colcon.colcon_core.verb:set package 'mirobot_master_slave' build argument 'cmake_args' from command line to 'None'
[0.337s] Level 5:colcon.colcon_core.verb:set package 'mirobot_master_slave' build argument 'cmake_target' from command line to 'None'
[0.337s] Level 5:colcon.colcon_core.verb:set package 'mirobot_master_slave' build argument 'cmake_target_skip_unavailable' from command line to 'False'
[0.337s] Level 5:colcon.colcon_core.verb:set package 'mirobot_master_slave' build argument 'cmake_clean_cache' from command line to 'False'
[0.337s] Level 5:colcon.colcon_core.verb:set package 'mirobot_master_slave' build argument 'cmake_clean_first' from command line to 'False'
[0.337s] Level 5:colcon.colcon_core.verb:set package 'mirobot_master_slave' build argument 'cmake_force_configure' from command line to 'False'
[0.337s] Level 5:colcon.colcon_core.verb:set package 'mirobot_master_slave' build argument 'ament_cmake_args' from command line to 'None'
[0.337s] Level 5:colcon.colcon_core.verb:set package 'mirobot_master_slave' build argument 'catkin_cmake_args' from command line to 'None'
[0.337s] Level 5:colcon.colcon_core.verb:set package 'mirobot_master_slave' build argument 'catkin_skip_building_tests' from command line to 'False'
[0.337s] DEBUG:colcon.colcon_core.verb:Building package 'mirobot_master_slave' with the following arguments: {'ament_cmake_args': None, 'build_base': '/home/kjy/Mirobot_ros2/build/mirobot_master_slave', 'catkin_cmake_args': None, 'catkin_skip_building_tests': False, 'cmake_args': None, 'cmake_clean_cache': False, 'cmake_clean_first': False, 'cmake_force_configure': False, 'cmake_target': None, 'cmake_target_skip_unavailable': False, 'install_base': '/home/kjy/Mirobot_ros2/install/mirobot_master_slave', 'merge_install': False, 'path': '/home/kjy/Mirobot_ros2/src/mirobot_master_slave', 'symlink_install': False, 'test_result_base': None}
[0.337s] INFO:colcon.colcon_core.executor:Executing jobs using 'parallel' executor
[0.338s] DEBUG:colcon.colcon_parallel_executor.executor.parallel:run_until_complete
[0.338s] INFO:colcon.colcon_ros.task.ament_cmake.build:Building ROS package in '/home/kjy/Mirobot_ros2/src/mirobot_description' with build type 'ament_cmake'
[0.339s] INFO:colcon.colcon_cmake.task.cmake.build:Building CMake package in '/home/kjy/Mirobot_ros2/src/mirobot_description'
[0.348s] INFO:colcon.colcon_core.plugin_system:Skipping extension 'colcon_core.shell.bat': Not used on non-Windows systems
[0.349s] INFO:colcon.colcon_core.shell:Skip shell extension 'powershell' for command environment: Not usable outside of PowerShell
[0.349s] DEBUG:colcon.colcon_core.shell:Skip shell extension 'dsv' for command environment
[0.352s] INFO:colcon.colcon_ros.task.ament_python.build:Building ROS package in '/home/kjy/Mirobot_ros2/src/mirobot_driver' with build type 'ament_python'
[0.352s] Level 1:colcon.colcon_core.shell:create_environment_hook('mirobot_driver', 'ament_prefix_path')
[0.353s] INFO:colcon.colcon_core.shell:Creating environment hook '/home/kjy/Mirobot_ros2/install/mirobot_driver/share/mirobot_driver/hook/ament_prefix_path.ps1'
[0.354s] INFO:colcon.colcon_core.shell:Creating environment descriptor '/home/kjy/Mirobot_ros2/install/mirobot_driver/share/mirobot_driver/hook/ament_prefix_path.dsv'
[0.355s] INFO:colcon.colcon_core.shell:Creating environment hook '/home/kjy/Mirobot_ros2/install/mirobot_driver/share/mirobot_driver/hook/ament_prefix_path.sh'
[0.355s] INFO:colcon.colcon_core.shell:Skip shell extension 'powershell' for command environment: Not usable outside of PowerShell
[0.355s] DEBUG:colcon.colcon_core.shell:Skip shell extension 'dsv' for command environment
[0.358s] INFO:colcon.colcon_ros.task.ament_python.build:Building ROS package in '/home/kjy/Mirobot_ros2/src/mirobot_order_delivery' with build type 'ament_python'
[0.358s] Level 1:colcon.colcon_core.shell:create_environment_hook('mirobot_order_delivery', 'ament_prefix_path')
[0.359s] INFO:colcon.colcon_core.shell:Creating environment hook '/home/kjy/Mirobot_ros2/install/mirobot_order_delivery/share/mirobot_order_delivery/hook/ament_prefix_path.ps1'
[0.359s] INFO:colcon.colcon_core.shell:Creating environment descriptor '/home/kjy/Mirobot_ros2/install/mirobot_order_delivery/share/mirobot_order_delivery/hook/ament_prefix_path.dsv'
[0.359s] INFO:colcon.colcon_core.shell:Creating environment hook '/home/kjy/Mirobot_ros2/install/mirobot_order_delivery/share/mirobot_order_delivery/hook/ament_prefix_path.sh'
[0.360s] INFO:colcon.colcon_core.shell:Skip shell extension 'powershell' for command environment: Not usable outside of PowerShell
[0.360s] DEBUG:colcon.colcon_core.shell:Skip shell extension 'dsv' for command environment
[0.363s] INFO:colcon.colcon_ros.task.ament_python.build:Building ROS package in '/home/kjy/Mirobot_ros2/src/vision_robot' with build type 'ament_python'
[0.363s] Level 1:colcon.colcon_core.shell:create_environment_hook('vision_robot', 'ament_prefix_path')
[0.363s] INFO:colcon.colcon_core.shell:Creating environment hook '/home/kjy/Mirobot_ros2/install/vision_robot/share/vision_robot/hook/ament_prefix_path.ps1'
[0.364s] INFO:colcon.colcon_core.shell:Creating environment descriptor '/home/kjy/Mirobot_ros2/install/vision_robot/share/vision_robot/hook/ament_prefix_path.dsv'
[0.364s] INFO:colcon.colcon_core.shell:Creating environment hook '/home/kjy/Mirobot_ros2/install/vision_robot/share/vision_robot/hook/ament_prefix_path.sh'
[0.364s] INFO:colcon.colcon_core.shell:Skip shell extension 'powershell' for command environment: Not usable outside of PowerShell
[0.365s] DEBUG:colcon.colcon_core.shell:Skip shell extension 'dsv' for command environment
[0.372s] DEBUG:colcon.colcon_core.event_handler.log_command:Invoking command in '/home/kjy/Mirobot_ros2/build/mirobot_description': CMAKE_PREFIX_PATH=${CMAKE_PREFIX_PATH}:/home/kjy/Mirobot_ros2/install/vision_robot:/home/kjy/Mirobot_ros2/install/mirobot_order_delivery:/home/kjy/Mirobot_ros2/install/mirobot_master_slave:/home/kjy/Mirobot_ros2/install/mirobot_driver:/opt/ros/humble PS1=(yolov5_env) \[\e]0;\u@\h: \w\a\]${debian_chroot:+($debian_chroot)}\[\033[01;32m\]\u@\h\[\033[00m\]:\[\033[01;34m\]\w\[\033[00m\]\$ VIRTUAL_ENV_PROMPT=(yolov5_env) /usr/bin/cmake --build /home/kjy/Mirobot_ros2/build/mirobot_description -- -j16 -l16
[0.572s] INFO:colcon.colcon_core.task.python.build:Building Python package in '/home/kjy/Mirobot_ros2/src/mirobot_driver'
[0.572s] INFO:colcon.colcon_core.shell:Skip shell extension 'powershell' for command environment: Not usable outside of PowerShell
[0.572s] DEBUG:colcon.colcon_core.shell:Skip shell extension 'dsv' for command environment
[0.781s] INFO:colcon.colcon_core.task.python.build:Building Python package in '/home/kjy/Mirobot_ros2/src/mirobot_order_delivery'
[0.781s] INFO:colcon.colcon_core.shell:Skip shell extension 'powershell' for command environment: Not usable outside of PowerShell
[0.781s] DEBUG:colcon.colcon_core.shell:Skip shell extension 'dsv' for command environment
[0.986s] INFO:colcon.colcon_core.task.python.build:Building Python package in '/home/kjy/Mirobot_ros2/src/vision_robot'
[0.987s] INFO:colcon.colcon_core.shell:Skip shell extension 'powershell' for command environment: Not usable outside of PowerShell
[0.987s] DEBUG:colcon.colcon_core.shell:Skip shell extension 'dsv' for command environment
[0.994s] DEBUG:colcon.colcon_core.event_handler.log_command:Invoked command in '/home/kjy/Mirobot_ros2/build/mirobot_description' returned '0': CMAKE_PREFIX_PATH=${CMAKE_PREFIX_PATH}:/home/kjy/Mirobot_ros2/install/vision_robot:/home/kjy/Mirobot_ros2/install/mirobot_order_delivery:/home/kjy/Mirobot_ros2/install/mirobot_master_slave:/home/kjy/Mirobot_ros2/install/mirobot_driver:/opt/ros/humble PS1=(yolov5_env) \[\e]0;\u@\h: \w\a\]${debian_chroot:+($debian_chroot)}\[\033[01;32m\]\u@\h\[\033[00m\]:\[\033[01;34m\]\w\[\033[00m\]\$ VIRTUAL_ENV_PROMPT=(yolov5_env) /usr/bin/cmake --build /home/kjy/Mirobot_ros2/build/mirobot_description -- -j16 -l16
[1.008s] DEBUG:colcon.colcon_core.event_handler.log_command:Invoking command in '/home/kjy/Mirobot_ros2/build/mirobot_description': CMAKE_PREFIX_PATH=${CMAKE_PREFIX_PATH}:/home/kjy/Mirobot_ros2/install/vision_robot:/home/kjy/Mirobot_ros2/install/mirobot_order_delivery:/home/kjy/Mirobot_ros2/install/mirobot_master_slave:/home/kjy/Mirobot_ros2/install/mirobot_driver:/opt/ros/humble PS1=(yolov5_env) \[\e]0;\u@\h: \w\a\]${debian_chroot:+($debian_chroot)}\[\033[01;32m\]\u@\h\[\033[00m\]:\[\033[01;34m\]\w\[\033[00m\]\$ VIRTUAL_ENV_PROMPT=(yolov5_env) /usr/bin/cmake --install /home/kjy/Mirobot_ros2/build/mirobot_description
[1.046s] Level 1:colcon.colcon_core.environment:create_environment_scripts_only(mirobot_description)
[1.047s] DEBUG:colcon.colcon_core.event_handler.log_command:Invoked command in '/home/kjy/Mirobot_ros2/build/mirobot_description' returned '0': CMAKE_PREFIX_PATH=${CMAKE_PREFIX_PATH}:/home/kjy/Mirobot_ros2/install/vision_robot:/home/kjy/Mirobot_ros2/install/mirobot_order_delivery:/home/kjy/Mirobot_ros2/install/mirobot_master_slave:/home/kjy/Mirobot_ros2/install/mirobot_driver:/opt/ros/humble PS1=(yolov5_env) \[\e]0;\u@\h: \w\a\]${debian_chroot:+($debian_chroot)}\[\033[01;32m\]\u@\h\[\033[00m\]:\[\033[01;34m\]\w\[\033[00m\]\$ VIRTUAL_ENV_PROMPT=(yolov5_env) /usr/bin/cmake --install /home/kjy/Mirobot_ros2/build/mirobot_description
[1.063s] Level 1:colcon.colcon_core.environment:checking '/home/kjy/Mirobot_ros2/install/mirobot_description' for CMake module files
[1.064s] Level 1:colcon.colcon_core.environment:checking '/home/kjy/Mirobot_ros2/install/mirobot_description' for CMake config files
[1.064s] Level 1:colcon.colcon_core.shell:create_environment_hook('mirobot_description', 'cmake_prefix_path')
[1.064s] INFO:colcon.colcon_core.shell:Creating environment hook '/home/kjy/Mirobot_ros2/install/mirobot_description/share/mirobot_description/hook/cmake_prefix_path.ps1'
[1.065s] INFO:colcon.colcon_core.shell:Creating environment descriptor '/home/kjy/Mirobot_ros2/install/mirobot_description/share/mirobot_description/hook/cmake_prefix_path.dsv'
[1.065s] INFO:colcon.colcon_core.shell:Creating environment hook '/home/kjy/Mirobot_ros2/install/mirobot_description/share/mirobot_description/hook/cmake_prefix_path.sh'
[1.066s] Level 1:colcon.colcon_core.environment:checking '/home/kjy/Mirobot_ros2/install/mirobot_description/bin'
[1.066s] Level 1:colcon.colcon_core.environment:checking '/home/kjy/Mirobot_ros2/install/mirobot_description/lib/pkgconfig/mirobot_description.pc'
[1.066s] Level 1:colcon.colcon_core.environment:checking '/home/kjy/Mirobot_ros2/install/mirobot_description/lib/python3.10/site-packages'
[1.066s] Level 1:colcon.colcon_core.environment:checking '/home/kjy/Mirobot_ros2/install/mirobot_description/bin'
[1.066s] INFO:colcon.colcon_core.shell:Creating package script '/home/kjy/Mirobot_ros2/install/mirobot_description/share/mirobot_description/package.ps1'
[1.067s] INFO:colcon.colcon_core.shell:Creating package descriptor '/home/kjy/Mirobot_ros2/install/mirobot_description/share/mirobot_description/package.dsv'
[1.067s] INFO:colcon.colcon_core.shell:Creating package script '/home/kjy/Mirobot_ros2/install/mirobot_description/share/mirobot_description/package.sh'
[1.068s] INFO:colcon.colcon_core.shell:Creating package script '/home/kjy/Mirobot_ros2/install/mirobot_description/share/mirobot_description/package.bash'
[1.068s] INFO:colcon.colcon_core.shell:Creating package script '/home/kjy/Mirobot_ros2/install/mirobot_description/share/mirobot_description/package.zsh'
[1.069s] Level 1:colcon.colcon_core.environment:create_file_with_runtime_dependencies(/home/kjy/Mirobot_ros2/install/mirobot_description/share/colcon-core/packages/mirobot_description)
[1.069s] Level 1:colcon.colcon_core.environment:create_environment_scripts_only(mirobot_description)
[1.069s] Level 1:colcon.colcon_core.environment:checking '/home/kjy/Mirobot_ros2/install/mirobot_description' for CMake module files
[1.070s] Level 1:colcon.colcon_core.environment:checking '/home/kjy/Mirobot_ros2/install/mirobot_description' for CMake config files
[1.070s] Level 1:colcon.colcon_core.shell:create_environment_hook('mirobot_description', 'cmake_prefix_path')
[1.070s] INFO:colcon.colcon_core.shell:Creating environment hook '/home/kjy/Mirobot_ros2/install/mirobot_description/share/mirobot_description/hook/cmake_prefix_path.ps1'
[1.070s] INFO:colcon.colcon_core.shell:Creating environment descriptor '/home/kjy/Mirobot_ros2/install/mirobot_description/share/mirobot_description/hook/cmake_prefix_path.dsv'
[1.070s] INFO:colcon.colcon_core.shell:Creating environment hook '/home/kjy/Mirobot_ros2/install/mirobot_description/share/mirobot_description/hook/cmake_prefix_path.sh'
[1.071s] Level 1:colcon.colcon_core.environment:checking '/home/kjy/Mirobot_ros2/install/mirobot_description/bin'
[1.071s] Level 1:colcon.colcon_core.environment:checking '/home/kjy/Mirobot_ros2/install/mirobot_description/lib/pkgconfig/mirobot_description.pc'
[1.071s] Level 1:colcon.colcon_core.environment:checking '/home/kjy/Mirobot_ros2/install/mirobot_description/lib/python3.10/site-packages'
[1.071s] Level 1:colcon.colcon_core.environment:checking '/home/kjy/Mirobot_ros2/install/mirobot_description/bin'
[1.071s] INFO:colcon.colcon_core.shell:Creating package script '/home/kjy/Mirobot_ros2/install/mirobot_description/share/mirobot_description/package.ps1'
[1.071s] INFO:colcon.colcon_core.shell:Creating package descriptor '/home/kjy/Mirobot_ros2/install/mirobot_description/share/mirobot_description/package.dsv'
[1.071s] INFO:colcon.colcon_core.shell:Creating package script '/home/kjy/Mirobot_ros2/install/mirobot_description/share/mirobot_description/package.sh'
[1.072s] INFO:colcon.colcon_core.shell:Creating package script '/home/kjy/Mirobot_ros2/install/mirobot_description/share/mirobot_description/package.bash'
[1.072s] INFO:colcon.colcon_core.shell:Creating package script '/home/kjy/Mirobot_ros2/install/mirobot_description/share/mirobot_description/package.zsh'
[1.072s] Level 1:colcon.colcon_core.environment:create_file_with_runtime_dependencies(/home/kjy/Mirobot_ros2/install/mirobot_description/share/colcon-core/packages/mirobot_description)
[1.263s] DEBUG:colcon.colcon_core.event_handler.log_command:Invoking command in '/home/kjy/Mirobot_ros2/src/vision_robot': PS1=(yolov5_env) \[\e]0;\u@\h: \w\a\]${debian_chroot:+($debian_chroot)}\[\033[01;32m\]\u@\h\[\033[00m\]:\[\033[01;34m\]\w\[\033[00m\]\$ PYTHONPATH=/home/kjy/Mirobot_ros2/build/vision_robot/prefix_override:/usr/lib/python3/dist-packages/colcon_core/task/python/colcon_distutils_commands:/home/kjy/Mirobot_ros2/install/vision_robot/lib/python3.10/site-packages:${PYTHONPATH} VIRTUAL_ENV_PROMPT=(yolov5_env) /usr/bin/python3 -W ignore:setup.py install is deprecated -W ignore:easy_install command is deprecated setup.py egg_info --egg-base ../../build/vision_robot build --build-base /home/kjy/Mirobot_ros2/build/vision_robot/build install --record /home/kjy/Mirobot_ros2/build/vision_robot/install.log --single-version-externally-managed install_data
[1.265s] DEBUG:colcon.colcon_core.event_handler.log_command:Invoking command in '/home/kjy/Mirobot_ros2/src/mirobot_driver': PS1=(yolov5_env) \[\e]0;\u@\h: \w\a\]${debian_chroot:+($debian_chroot)}\[\033[01;32m\]\u@\h\[\033[00m\]:\[\033[01;34m\]\w\[\033[00m\]\$ PYTHONPATH=/home/kjy/Mirobot_ros2/build/mirobot_driver/prefix_override:/usr/lib/python3/dist-packages/colcon_core/task/python/colcon_distutils_commands:/home/kjy/Mirobot_ros2/install/mirobot_driver/lib/python3.10/site-packages:${PYTHONPATH} VIRTUAL_ENV_PROMPT=(yolov5_env) /usr/bin/python3 -W ignore:setup.py install is deprecated -W ignore:easy_install command is deprecated setup.py egg_info --egg-base ../../build/mirobot_driver build --build-base /home/kjy/Mirobot_ros2/build/mirobot_driver/build install --record /home/kjy/Mirobot_ros2/build/mirobot_driver/install.log --single-version-externally-managed install_data
[1.266s] DEBUG:colcon.colcon_core.event_handler.log_command:Invoking command in '/home/kjy/Mirobot_ros2/src/mirobot_order_delivery': PS1=(yolov5_env) \[\e]0;\u@\h: \w\a\]${debian_chroot:+($debian_chroot)}\[\033[01;32m\]\u@\h\[\033[00m\]:\[\033[01;34m\]\w\[\033[00m\]\$ PYTHONPATH=/home/kjy/Mirobot_ros2/build/mirobot_order_delivery/prefix_override:/usr/lib/python3/dist-packages/colcon_core/task/python/colcon_distutils_commands:/home/kjy/Mirobot_ros2/install/mirobot_order_delivery/lib/python3.10/site-packages:${PYTHONPATH} VIRTUAL_ENV_PROMPT=(yolov5_env) /usr/bin/python3 -W ignore:setup.py install is deprecated -W ignore:easy_install command is deprecated setup.py egg_info --egg-base ../../build/mirobot_order_delivery build --build-base /home/kjy/Mirobot_ros2/build/mirobot_order_delivery/build install --record /home/kjy/Mirobot_ros2/build/mirobot_order_delivery/install.log --single-version-externally-managed install_data
[1.424s] Level 1:colcon.colcon_core.environment:checking '/home/kjy/Mirobot_ros2/install/mirobot_driver' for CMake module files
[1.424s] DEBUG:colcon.colcon_core.event_handler.log_command:Invoked command in '/home/kjy/Mirobot_ros2/src/mirobot_driver' returned '0': PS1=(yolov5_env) \[\e]0;\u@\h: \w\a\]${debian_chroot:+($debian_chroot)}\[\033[01;32m\]\u@\h\[\033[00m\]:\[\033[01;34m\]\w\[\033[00m\]\$ PYTHONPATH=/home/kjy/Mirobot_ros2/build/mirobot_driver/prefix_override:/usr/lib/python3/dist-packages/colcon_core/task/python/colcon_distutils_commands:/home/kjy/Mirobot_ros2/install/mirobot_driver/lib/python3.10/site-packages:${PYTHONPATH} VIRTUAL_ENV_PROMPT=(yolov5_env) /usr/bin/python3 -W ignore:setup.py install is deprecated -W ignore:easy_install command is deprecated setup.py egg_info --egg-base ../../build/mirobot_driver build --build-base /home/kjy/Mirobot_ros2/build/mirobot_driver/build install --record /home/kjy/Mirobot_ros2/build/mirobot_driver/install.log --single-version-externally-managed install_data
[1.425s] Level 1:colcon.colcon_core.environment:checking '/home/kjy/Mirobot_ros2/install/mirobot_driver' for CMake config files
[1.425s] Level 1:colcon.colcon_core.environment:checking '/home/kjy/Mirobot_ros2/install/mirobot_driver/lib'
[1.425s] Level 1:colcon.colcon_core.environment:checking '/home/kjy/Mirobot_ros2/install/mirobot_driver/bin'
[1.425s] Level 1:colcon.colcon_core.environment:checking '/home/kjy/Mirobot_ros2/install/mirobot_driver/lib/pkgconfig/mirobot_driver.pc'
[1.425s] Level 1:colcon.colcon_core.environment:checking '/home/kjy/Mirobot_ros2/install/mirobot_driver/lib/python3.10/site-packages'
[1.425s] Level 1:colcon.colcon_core.shell:create_environment_hook('mirobot_driver', 'pythonpath')
[1.425s] INFO:colcon.colcon_core.shell:Creating environment hook '/home/kjy/Mirobot_ros2/install/mirobot_driver/share/mirobot_driver/hook/pythonpath.ps1'
[1.426s] INFO:colcon.colcon_core.shell:Creating environment descriptor '/home/kjy/Mirobot_ros2/install/mirobot_driver/share/mirobot_driver/hook/pythonpath.dsv'
[1.426s] INFO:colcon.colcon_core.shell:Creating environment hook '/home/kjy/Mirobot_ros2/install/mirobot_driver/share/mirobot_driver/hook/pythonpath.sh'
[1.426s] Level 1:colcon.colcon_core.environment:checking '/home/kjy/Mirobot_ros2/install/mirobot_driver/bin'
[1.426s] Level 1:colcon.colcon_core.environment:create_environment_scripts_only(mirobot_driver)
[1.426s] INFO:colcon.colcon_core.shell:Creating package script '/home/kjy/Mirobot_ros2/install/mirobot_driver/share/mirobot_driver/package.ps1'
[1.427s] INFO:colcon.colcon_core.shell:Creating package descriptor '/home/kjy/Mirobot_ros2/install/mirobot_driver/share/mirobot_driver/package.dsv'
[1.427s] INFO:colcon.colcon_core.shell:Creating package script '/home/kjy/Mirobot_ros2/install/mirobot_driver/share/mirobot_driver/package.sh'
[1.427s] INFO:colcon.colcon_core.shell:Creating package script '/home/kjy/Mirobot_ros2/install/mirobot_driver/share/mirobot_driver/package.bash'
[1.427s] INFO:colcon.colcon_core.shell:Creating package script '/home/kjy/Mirobot_ros2/install/mirobot_driver/share/mirobot_driver/package.zsh'
[1.428s] Level 1:colcon.colcon_core.environment:create_file_with_runtime_dependencies(/home/kjy/Mirobot_ros2/install/mirobot_driver/share/colcon-core/packages/mirobot_driver)
[1.428s] INFO:colcon.colcon_ros.task.ament_python.build:Building ROS package in '/home/kjy/Mirobot_ros2/src/mirobot_master_slave' with build type 'ament_python'
[1.428s] Level 1:colcon.colcon_core.shell:create_environment_hook('mirobot_master_slave', 'ament_prefix_path')
[1.428s] INFO:colcon.colcon_core.shell:Creating environment hook '/home/kjy/Mirobot_ros2/install/mirobot_master_slave/share/mirobot_master_slave/hook/ament_prefix_path.ps1'
[1.428s] INFO:colcon.colcon_core.shell:Creating environment descriptor '/home/kjy/Mirobot_ros2/install/mirobot_master_slave/share/mirobot_master_slave/hook/ament_prefix_path.dsv'
[1.429s] INFO:colcon.colcon_core.shell:Creating environment hook '/home/kjy/Mirobot_ros2/install/mirobot_master_slave/share/mirobot_master_slave/hook/ament_prefix_path.sh'
[1.429s] INFO:colcon.colcon_core.shell:Skip shell extension 'powershell' for command environment: Not usable outside of PowerShell
[1.429s] DEBUG:colcon.colcon_core.shell:Skip shell extension 'dsv' for command environment
[1.432s] Level 1:colcon.colcon_core.environment:checking '/home/kjy/Mirobot_ros2/install/vision_robot' for CMake module files
[1.433s] DEBUG:colcon.colcon_core.event_handler.log_command:Invoked command in '/home/kjy/Mirobot_ros2/src/vision_robot' returned '0': PS1=(yolov5_env) \[\e]0;\u@\h: \w\a\]${debian_chroot:+($debian_chroot)}\[\033[01;32m\]\u@\h\[\033[00m\]:\[\033[01;34m\]\w\[\033[00m\]\$ PYTHONPATH=/home/kjy/Mirobot_ros2/build/vision_robot/prefix_override:/usr/lib/python3/dist-packages/colcon_core/task/python/colcon_distutils_commands:/home/kjy/Mirobot_ros2/install/vision_robot/lib/python3.10/site-packages:${PYTHONPATH} VIRTUAL_ENV_PROMPT=(yolov5_env) /usr/bin/python3 -W ignore:setup.py install is deprecated -W ignore:easy_install command is deprecated setup.py egg_info --egg-base ../../build/vision_robot build --build-base /home/kjy/Mirobot_ros2/build/vision_robot/build install --record /home/kjy/Mirobot_ros2/build/vision_robot/install.log --single-version-externally-managed install_data
[1.433s] Level 1:colcon.colcon_core.environment:checking '/home/kjy/Mirobot_ros2/install/vision_robot' for CMake config files
[1.433s] Level 1:colcon.colcon_core.environment:checking '/home/kjy/Mirobot_ros2/install/vision_robot/lib'
[1.433s] Level 1:colcon.colcon_core.environment:checking '/home/kjy/Mirobot_ros2/install/vision_robot/bin'
[1.433s] Level 1:colcon.colcon_core.environment:checking '/home/kjy/Mirobot_ros2/install/vision_robot/lib/pkgconfig/vision_robot.pc'
[1.433s] Level 1:colcon.colcon_core.environment:checking '/home/kjy/Mirobot_ros2/install/vision_robot/lib/python3.10/site-packages'
[1.433s] Level 1:colcon.colcon_core.shell:create_environment_hook('vision_robot', 'pythonpath')
[1.433s] INFO:colcon.colcon_core.shell:Creating environment hook '/home/kjy/Mirobot_ros2/install/vision_robot/share/vision_robot/hook/pythonpath.ps1'
[1.434s] INFO:colcon.colcon_core.shell:Creating environment descriptor '/home/kjy/Mirobot_ros2/install/vision_robot/share/vision_robot/hook/pythonpath.dsv'
[1.434s] INFO:colcon.colcon_core.shell:Creating environment hook '/home/kjy/Mirobot_ros2/install/vision_robot/share/vision_robot/hook/pythonpath.sh'
[1.434s] Level 1:colcon.colcon_core.environment:checking '/home/kjy/Mirobot_ros2/install/vision_robot/bin'
[1.434s] Level 1:colcon.colcon_core.environment:create_environment_scripts_only(vision_robot)
[1.434s] INFO:colcon.colcon_core.shell:Creating package script '/home/kjy/Mirobot_ros2/install/vision_robot/share/vision_robot/package.ps1'
[1.435s] INFO:colcon.colcon_core.shell:Creating package descriptor '/home/kjy/Mirobot_ros2/install/vision_robot/share/vision_robot/package.dsv'
[1.435s] INFO:colcon.colcon_core.shell:Creating package script '/home/kjy/Mirobot_ros2/install/vision_robot/share/vision_robot/package.sh'
[1.435s] INFO:colcon.colcon_core.shell:Creating package script '/home/kjy/Mirobot_ros2/install/vision_robot/share/vision_robot/package.bash'
[1.435s] INFO:colcon.colcon_core.shell:Creating package script '/home/kjy/Mirobot_ros2/install/vision_robot/share/vision_robot/package.zsh'
[1.436s] Level 1:colcon.colcon_core.environment:create_file_with_runtime_dependencies(/home/kjy/Mirobot_ros2/install/vision_robot/share/colcon-core/packages/vision_robot)
[1.570s] INFO:colcon.colcon_core.task.python.build:Building Python package in '/home/kjy/Mirobot_ros2/src/mirobot_master_slave'
[1.570s] INFO:colcon.colcon_core.shell:Skip shell extension 'powershell' for command environment: Not usable outside of PowerShell
[1.570s] DEBUG:colcon.colcon_core.shell:Skip shell extension 'dsv' for command environment
[1.573s] Level 1:colcon.colcon_core.environment:checking '/home/kjy/Mirobot_ros2/install/mirobot_order_delivery' for CMake module files
[1.574s] DEBUG:colcon.colcon_core.event_handler.log_command:Invoked command in '/home/kjy/Mirobot_ros2/src/mirobot_order_delivery' returned '0': PS1=(yolov5_env) \[\e]0;\u@\h: \w\a\]${debian_chroot:+($debian_chroot)}\[\033[01;32m\]\u@\h\[\033[00m\]:\[\033[01;34m\]\w\[\033[00m\]\$ PYTHONPATH=/home/kjy/Mirobot_ros2/build/mirobot_order_delivery/prefix_override:/usr/lib/python3/dist-packages/colcon_core/task/python/colcon_distutils_commands:/home/kjy/Mirobot_ros2/install/mirobot_order_delivery/lib/python3.10/site-packages:${PYTHONPATH} VIRTUAL_ENV_PROMPT=(yolov5_env) /usr/bin/python3 -W ignore:setup.py install is deprecated -W ignore:easy_install command is deprecated setup.py egg_info --egg-base ../../build/mirobot_order_delivery build --build-base /home/kjy/Mirobot_ros2/build/mirobot_order_delivery/build install --record /home/kjy/Mirobot_ros2/build/mirobot_order_delivery/install.log --single-version-externally-managed install_data
[1.574s] Level 1:colcon.colcon_core.environment:checking '/home/kjy/Mirobot_ros2/install/mirobot_order_delivery' for CMake config files
[1.574s] Level 1:colcon.colcon_core.environment:checking '/home/kjy/Mirobot_ros2/install/mirobot_order_delivery/lib'
[1.574s] Level 1:colcon.colcon_core.environment:checking '/home/kjy/Mirobot_ros2/install/mirobot_order_delivery/bin'
[1.574s] Level 1:colcon.colcon_core.environment:checking '/home/kjy/Mirobot_ros2/install/mirobot_order_delivery/lib/pkgconfig/mirobot_order_delivery.pc'
[1.574s] Level 1:colcon.colcon_core.environment:checking '/home/kjy/Mirobot_ros2/install/mirobot_order_delivery/lib/python3.10/site-packages'
[1.574s] Level 1:colcon.colcon_core.shell:create_environment_hook('mirobot_order_delivery', 'pythonpath')
[1.574s] INFO:colcon.colcon_core.shell:Creating environment hook '/home/kjy/Mirobot_ros2/install/mirobot_order_delivery/share/mirobot_order_delivery/hook/pythonpath.ps1'
[1.575s] INFO:colcon.colcon_core.shell:Creating environment descriptor '/home/kjy/Mirobot_ros2/install/mirobot_order_delivery/share/mirobot_order_delivery/hook/pythonpath.dsv'
[1.575s] INFO:colcon.colcon_core.shell:Creating environment hook '/home/kjy/Mirobot_ros2/install/mirobot_order_delivery/share/mirobot_order_delivery/hook/pythonpath.sh'
[1.575s] Level 1:colcon.colcon_core.environment:checking '/home/kjy/Mirobot_ros2/install/mirobot_order_delivery/bin'
[1.575s] Level 1:colcon.colcon_core.environment:create_environment_scripts_only(mirobot_order_delivery)
[1.575s] INFO:colcon.colcon_core.shell:Creating package script '/home/kjy/Mirobot_ros2/install/mirobot_order_delivery/share/mirobot_order_delivery/package.ps1'
[1.576s] INFO:colcon.colcon_core.shell:Creating package descriptor '/home/kjy/Mirobot_ros2/install/mirobot_order_delivery/share/mirobot_order_delivery/package.dsv'
[1.576s] INFO:colcon.colcon_core.shell:Creating package script '/home/kjy/Mirobot_ros2/install/mirobot_order_delivery/share/mirobot_order_delivery/package.sh'
[1.576s] INFO:colcon.colcon_core.shell:Creating package script '/home/kjy/Mirobot_ros2/install/mirobot_order_delivery/share/mirobot_order_delivery/package.bash'
[1.576s] INFO:colcon.colcon_core.shell:Creating package script '/home/kjy/Mirobot_ros2/install/mirobot_order_delivery/share/mirobot_order_delivery/package.zsh'
[1.577s] Level 1:colcon.colcon_core.environment:create_file_with_runtime_dependencies(/home/kjy/Mirobot_ros2/install/mirobot_order_delivery/share/colcon-core/packages/mirobot_order_delivery)
[1.767s] DEBUG:colcon.colcon_core.event_handler.log_command:Invoking command in '/home/kjy/Mirobot_ros2/src/mirobot_master_slave': AMENT_PREFIX_PATH=/home/kjy/Mirobot_ros2/install/mirobot_driver:/home/kjy/Mirobot_ros2/install/vision_robot:/home/kjy/Mirobot_ros2/install/mirobot_order_delivery:/home/kjy/Mirobot_ros2/install/mirobot_master_slave:/home/kjy/Mirobot_ros2/install/mirobot_description:/opt/ros/humble PS1=(yolov5_env) \[\e]0;\u@\h: \w\a\]${debian_chroot:+($debian_chroot)}\[\033[01;32m\]\u@\h\[\033[00m\]:\[\033[01;34m\]\w\[\033[00m\]\$ PYTHONPATH=/home/kjy/Mirobot_ros2/build/mirobot_master_slave/prefix_override:/usr/lib/python3/dist-packages/colcon_core/task/python/colcon_distutils_commands:/home/kjy/Mirobot_ros2/install/mirobot_master_slave/lib/python3.10/site-packages:/home/kjy/Mirobot_ros2/install/mirobot_driver/lib/python3.10/site-packages:/home/kjy/Mirobot_ros2/install/vision_robot/lib/python3.10/site-packages:/home/kjy/Mirobot_ros2/install/mirobot_order_delivery/lib/python3.10/site-packages:/home/kjy/Mirobot_ros2/install/mirobot_master_slave/lib/python3.10/site-packages:/opt/ros/humble/lib/python3.10/site-packages:/opt/ros/humble/local/lib/python3.10/dist-packages VIRTUAL_ENV_PROMPT=(yolov5_env) /usr/bin/python3 -W ignore:setup.py install is deprecated -W ignore:easy_install command is deprecated setup.py egg_info --egg-base ../../build/mirobot_master_slave build --build-base /home/kjy/Mirobot_ros2/build/mirobot_master_slave/build install --record /home/kjy/Mirobot_ros2/build/mirobot_master_slave/install.log --single-version-externally-managed install_data
[1.962s] Level 1:colcon.colcon_core.environment:checking '/home/kjy/Mirobot_ros2/install/mirobot_master_slave' for CMake module files
[1.962s] DEBUG:colcon.colcon_core.event_handler.log_command:Invoked command in '/home/kjy/Mirobot_ros2/src/mirobot_master_slave' returned '0': AMENT_PREFIX_PATH=/home/kjy/Mirobot_ros2/install/mirobot_driver:/home/kjy/Mirobot_ros2/install/vision_robot:/home/kjy/Mirobot_ros2/install/mirobot_order_delivery:/home/kjy/Mirobot_ros2/install/mirobot_master_slave:/home/kjy/Mirobot_ros2/install/mirobot_description:/opt/ros/humble PS1=(yolov5_env) \[\e]0;\u@\h: \w\a\]${debian_chroot:+($debian_chroot)}\[\033[01;32m\]\u@\h\[\033[00m\]:\[\033[01;34m\]\w\[\033[00m\]\$ PYTHONPATH=/home/kjy/Mirobot_ros2/build/mirobot_master_slave/prefix_override:/usr/lib/python3/dist-packages/colcon_core/task/python/colcon_distutils_commands:/home/kjy/Mirobot_ros2/install/mirobot_master_slave/lib/python3.10/site-packages:/home/kjy/Mirobot_ros2/install/mirobot_driver/lib/python3.10/site-packages:/home/kjy/Mirobot_ros2/install/vision_robot/lib/python3.10/site-packages:/home/kjy/Mirobot_ros2/install/mirobot_order_delivery/lib/python3.10/site-packages:/home/kjy/Mirobot_ros2/install/mirobot_master_slave/lib/python3.10/site-packages:/opt/ros/humble/lib/python3.10/site-packages:/opt/ros/humble/local/lib/python3.10/dist-packages VIRTUAL_ENV_PROMPT=(yolov5_env) /usr/bin/python3 -W ignore:setup.py install is deprecated -W ignore:easy_install command is deprecated setup.py egg_info --egg-base ../../build/mirobot_master_slave build --build-base /home/kjy/Mirobot_ros2/build/mirobot_master_slave/build install --record /home/kjy/Mirobot_ros2/build/mirobot_master_slave/install.log --single-version-externally-managed install_data
[1.962s] Level 1:colcon.colcon_core.environment:checking '/home/kjy/Mirobot_ros2/install/mirobot_master_slave' for CMake config files
[1.968s] Level 1:colcon.colcon_core.environment:checking '/home/kjy/Mirobot_ros2/install/mirobot_master_slave/lib'
[1.968s] Level 1:colcon.colcon_core.environment:checking '/home/kjy/Mirobot_ros2/install/mirobot_master_slave/bin'
[1.969s] Level 1:colcon.colcon_core.environment:checking '/home/kjy/Mirobot_ros2/install/mirobot_master_slave/lib/pkgconfig/mirobot_master_slave.pc'
[1.969s] Level 1:colcon.colcon_core.environment:checking '/home/kjy/Mirobot_ros2/install/mirobot_master_slave/lib/python3.10/site-packages'
[1.969s] Level 1:colcon.colcon_core.shell:create_environment_hook('mirobot_master_slave', 'pythonpath')
[1.969s] INFO:colcon.colcon_core.shell:Creating environment hook '/home/kjy/Mirobot_ros2/install/mirobot_master_slave/share/mirobot_master_slave/hook/pythonpath.ps1'
[1.970s] INFO:colcon.colcon_core.shell:Creating environment descriptor '/home/kjy/Mirobot_ros2/install/mirobot_master_slave/share/mirobot_master_slave/hook/pythonpath.dsv'
[1.970s] INFO:colcon.colcon_core.shell:Creating environment hook '/home/kjy/Mirobot_ros2/install/mirobot_master_slave/share/mirobot_master_slave/hook/pythonpath.sh'
[1.970s] Level 1:colcon.colcon_core.environment:checking '/home/kjy/Mirobot_ros2/install/mirobot_master_slave/bin'
[1.970s] Level 1:colcon.colcon_core.environment:create_environment_scripts_only(mirobot_master_slave)
[1.970s] INFO:colcon.colcon_core.shell:Creating package script '/home/kjy/Mirobot_ros2/install/mirobot_master_slave/share/mirobot_master_slave/package.ps1'
[1.971s] INFO:colcon.colcon_core.shell:Creating package descriptor '/home/kjy/Mirobot_ros2/install/mirobot_master_slave/share/mirobot_master_slave/package.dsv'
[1.971s] INFO:colcon.colcon_core.shell:Creating package script '/home/kjy/Mirobot_ros2/install/mirobot_master_slave/share/mirobot_master_slave/package.sh'
[1.971s] INFO:colcon.colcon_core.shell:Creating package script '/home/kjy/Mirobot_ros2/install/mirobot_master_slave/share/mirobot_master_slave/package.bash'
[1.971s] INFO:colcon.colcon_core.shell:Creating package script '/home/kjy/Mirobot_ros2/install/mirobot_master_slave/share/mirobot_master_slave/package.zsh'
[1.971s] Level 1:colcon.colcon_core.environment:create_file_with_runtime_dependencies(/home/kjy/Mirobot_ros2/install/mirobot_master_slave/share/colcon-core/packages/mirobot_master_slave)
[1.972s] DEBUG:colcon.colcon_parallel_executor.executor.parallel:closing loop
[1.972s] DEBUG:colcon.colcon_parallel_executor.executor.parallel:loop closed
[1.972s] DEBUG:colcon.colcon_parallel_executor.executor.parallel:run_until_complete finished with '0'
[1.972s] DEBUG:colcon.colcon_core.event_reactor:joining thread
[1.978s] INFO:colcon.colcon_core.plugin_system:Skipping extension 'colcon_notification.desktop_notification.terminal_notifier': Not used on non-Darwin systems
[1.978s] INFO:colcon.colcon_core.plugin_system:Skipping extension 'colcon_notification.desktop_notification.win32': Not used on non-Windows systems
[1.978s] INFO:colcon.colcon_notification.desktop_notification:Sending desktop notification using 'notify2'
[1.984s] DEBUG:colcon.colcon_core.event_reactor:joined thread
[1.984s] INFO:colcon.colcon_core.shell:Creating prefix script '/home/kjy/Mirobot_ros2/install/local_setup.ps1'
[1.985s] INFO:colcon.colcon_core.shell:Creating prefix util module '/home/kjy/Mirobot_ros2/install/_local_setup_util_ps1.py'
[1.986s] INFO:colcon.colcon_core.shell:Creating prefix chain script '/home/kjy/Mirobot_ros2/install/setup.ps1'
[1.987s] INFO:colcon.colcon_core.shell:Creating prefix script '/home/kjy/Mirobot_ros2/install/local_setup.sh'
[1.987s] INFO:colcon.colcon_core.shell:Creating prefix util module '/home/kjy/Mirobot_ros2/install/_local_setup_util_sh.py'
[1.988s] INFO:colcon.colcon_core.shell:Creating prefix chain script '/home/kjy/Mirobot_ros2/install/setup.sh'
[1.989s] INFO:colcon.colcon_core.shell:Creating prefix script '/home/kjy/Mirobot_ros2/install/local_setup.bash'
[1.990s] INFO:colcon.colcon_core.shell:Creating prefix chain script '/home/kjy/Mirobot_ros2/install/setup.bash'
[1.990s] INFO:colcon.colcon_core.shell:Creating prefix script '/home/kjy/Mirobot_ros2/install/local_setup.zsh'
[1.991s] INFO:colcon.colcon_core.shell:Creating prefix chain script '/home/kjy/Mirobot_ros2/install/setup.zsh'
