running develop
running egg_info
creating mirobot_master_slave.egg-info
writing mirobot_master_slave.egg-info/PKG-INFO
writing dependency_links to mirobot_master_slave.egg-info/dependency_links.txt
writing entry points to mirobot_master_slave.egg-info/entry_points.txt
writing requirements to mirobot_master_slave.egg-info/requires.txt
writing top-level names to mirobot_master_slave.egg-info/top_level.txt
writing manifest file 'mirobot_master_slave.egg-info/SOURCES.txt'
reading manifest file 'mirobot_master_slave.egg-info/SOURCES.txt'
writing manifest file 'mirobot_master_slave.egg-info/SOURCES.txt'
running build_ext
Creating /home/kjy/Mirobot_ros2/install/mirobot_master_slave/lib/python3.10/site-packages/mirobot-master-slave.egg-link (link to .)
Installing master_cli script to /home/kjy/Mirobot_ros2/install/mirobot_master_slave/lib/mirobot_master_slave
Installing slave_replicator script to /home/kjy/Mirobot_ros2/install/mirobot_master_slave/lib/mirobot_master_slave

Installed /home/kjy/Mirobot_ros2/build/mirobot_master_slave
running symlink_data
creating /home/kjy/Mirobot_ros2/install/mirobot_master_slave/share/ament_index
creating /home/kjy/Mirobot_ros2/install/mirobot_master_slave/share/ament_index/resource_index
creating /home/kjy/Mirobot_ros2/install/mirobot_master_slave/share/ament_index/resource_index/packages
symbolically linking /home/kjy/Mirobot_ros2/build/mirobot_master_slave/resource/mirobot_master_slave -> /home/kjy/Mirobot_ros2/install/mirobot_master_slave/share/ament_index/resource_index/packages
symbolically linking /home/kjy/Mirobot_ros2/build/mirobot_master_slave/package.xml -> /home/kjy/Mirobot_ros2/install/mirobot_master_slave/share/mirobot_master_slave
creating /home/kjy/Mirobot_ros2/install/mirobot_master_slave/share/mirobot_master_slave/launch
symbolically linking /home/kjy/Mirobot_ros2/build/mirobot_master_slave/launch/mirobot_master_slave.launch.py -> /home/kjy/Mirobot_ros2/install/mirobot_master_slave/share/mirobot_master_slave/launch
symbolically linking /home/kjy/Mirobot_ros2/build/mirobot_master_slave/launch/dual_mirobot_full_control.launch.py -> /home/kjy/Mirobot_ros2/install/mirobot_master_slave/share/mirobot_master_slave/launch
creating /home/kjy/Mirobot_ros2/install/mirobot_master_slave/share/mirobot_master_slave/rviz
symbolically linking /home/kjy/Mirobot_ros2/build/mirobot_master_slave/rviz/dual_mirobots.rviz -> /home/kjy/Mirobot_ros2/install/mirobot_master_slave/share/mirobot_master_slave/rviz
