[0.348s] Invoking command in '/home/kjy/Mirobot_ros2/build/mirobot_master_slave': AMENT_PREFIX_PATH=/home/kjy/Mirobot_ros2/install/mirobot_driver:/home/kjy/Mirobot_ros2/install/vision_robot:/home/kjy/Mirobot_ros2/install/mirobot_master_slave:/home/kjy/Mirobot_ros2/install/mirobot_description:/opt/ros/humble PYTHONPATH=/home/kjy/Mirobot_ros2/build/mirobot_master_slave/prefix_override:/usr/lib/python3/dist-packages/colcon_core/task/python/colcon_distutils_commands:/home/kjy/Mirobot_ros2/install/mirobot_master_slave/lib/python3.10/site-packages:/home/kjy/Mirobot_ros2/build/mirobot_driver:/home/kjy/Mirobot_ros2/install/mirobot_driver/lib/python3.10/site-packages:/home/kjy/Mirobot_ros2/build/vision_robot:/home/kjy/Mirobot_ros2/install/vision_robot/lib/python3.10/site-packages:/home/kjy/Mirobot_ros2/build/mirobot_master_slave:/home/kjy/Mirobot_ros2/install/mirobot_master_slave/lib/python3.10/site-packages:/opt/ros/humble/lib/python3.10/site-packages:/opt/ros/humble/local/lib/python3.10/dist-packages /usr/bin/python3 -W ignore:setup.py install is deprecated -W ignore:easy_install command is deprecated setup.py develop --editable --build-directory /home/kjy/Mirobot_ros2/build/mirobot_master_slave/build --no-deps symlink_data
[0.493s] running develop
[0.579s] running egg_info
[0.579s] creating mirobot_master_slave.egg-info
[0.579s] writing mirobot_master_slave.egg-info/PKG-INFO
[0.579s] writing dependency_links to mirobot_master_slave.egg-info/dependency_links.txt
[0.579s] writing entry points to mirobot_master_slave.egg-info/entry_points.txt
[0.580s] writing requirements to mirobot_master_slave.egg-info/requires.txt
[0.580s] writing top-level names to mirobot_master_slave.egg-info/top_level.txt
[0.580s] writing manifest file 'mirobot_master_slave.egg-info/SOURCES.txt'
[0.580s] reading manifest file 'mirobot_master_slave.egg-info/SOURCES.txt'
[0.581s] writing manifest file 'mirobot_master_slave.egg-info/SOURCES.txt'
[0.582s] running build_ext
[0.582s] Creating /home/kjy/Mirobot_ros2/install/mirobot_master_slave/lib/python3.10/site-packages/mirobot-master-slave.egg-link (link to .)
[0.582s] Installing master_cli script to /home/kjy/Mirobot_ros2/install/mirobot_master_slave/lib/mirobot_master_slave
[0.582s] Installing slave_replicator script to /home/kjy/Mirobot_ros2/install/mirobot_master_slave/lib/mirobot_master_slave
[0.582s] 
[0.583s] Installed /home/kjy/Mirobot_ros2/build/mirobot_master_slave
[0.583s] running symlink_data
[0.583s] creating /home/kjy/Mirobot_ros2/install/mirobot_master_slave/share/ament_index
[0.583s] creating /home/kjy/Mirobot_ros2/install/mirobot_master_slave/share/ament_index/resource_index
[0.583s] creating /home/kjy/Mirobot_ros2/install/mirobot_master_slave/share/ament_index/resource_index/packages
[0.583s] symbolically linking /home/kjy/Mirobot_ros2/build/mirobot_master_slave/resource/mirobot_master_slave -> /home/kjy/Mirobot_ros2/install/mirobot_master_slave/share/ament_index/resource_index/packages
[0.583s] symbolically linking /home/kjy/Mirobot_ros2/build/mirobot_master_slave/package.xml -> /home/kjy/Mirobot_ros2/install/mirobot_master_slave/share/mirobot_master_slave
[0.583s] creating /home/kjy/Mirobot_ros2/install/mirobot_master_slave/share/mirobot_master_slave/launch
[0.583s] symbolically linking /home/kjy/Mirobot_ros2/build/mirobot_master_slave/launch/mirobot_master_slave.launch.py -> /home/kjy/Mirobot_ros2/install/mirobot_master_slave/share/mirobot_master_slave/launch
[0.583s] symbolically linking /home/kjy/Mirobot_ros2/build/mirobot_master_slave/launch/dual_mirobot_full_control.launch.py -> /home/kjy/Mirobot_ros2/install/mirobot_master_slave/share/mirobot_master_slave/launch
[0.583s] creating /home/kjy/Mirobot_ros2/install/mirobot_master_slave/share/mirobot_master_slave/rviz
[0.583s] symbolically linking /home/kjy/Mirobot_ros2/build/mirobot_master_slave/rviz/dual_mirobots.rviz -> /home/kjy/Mirobot_ros2/install/mirobot_master_slave/share/mirobot_master_slave/rviz
[0.602s] Invoked command in '/home/kjy/Mirobot_ros2/build/mirobot_master_slave' returned '0': AMENT_PREFIX_PATH=/home/kjy/Mirobot_ros2/install/mirobot_driver:/home/kjy/Mirobot_ros2/install/vision_robot:/home/kjy/Mirobot_ros2/install/mirobot_master_slave:/home/kjy/Mirobot_ros2/install/mirobot_description:/opt/ros/humble PYTHONPATH=/home/kjy/Mirobot_ros2/build/mirobot_master_slave/prefix_override:/usr/lib/python3/dist-packages/colcon_core/task/python/colcon_distutils_commands:/home/kjy/Mirobot_ros2/install/mirobot_master_slave/lib/python3.10/site-packages:/home/kjy/Mirobot_ros2/build/mirobot_driver:/home/kjy/Mirobot_ros2/install/mirobot_driver/lib/python3.10/site-packages:/home/kjy/Mirobot_ros2/build/vision_robot:/home/kjy/Mirobot_ros2/install/vision_robot/lib/python3.10/site-packages:/home/kjy/Mirobot_ros2/build/mirobot_master_slave:/home/kjy/Mirobot_ros2/install/mirobot_master_slave/lib/python3.10/site-packages:/opt/ros/humble/lib/python3.10/site-packages:/opt/ros/humble/local/lib/python3.10/dist-packages /usr/bin/python3 -W ignore:setup.py install is deprecated -W ignore:easy_install command is deprecated setup.py develop --editable --build-directory /home/kjy/Mirobot_ros2/build/mirobot_master_slave/build --no-deps symlink_data
