running develop
Removing /home/kjy/Mirobot_ros2/install/vision_robot/lib/python3.10/site-packages/vision-robot.egg-link (link to .)
running egg_info
writing ../../build/vision_robot/vision_robot.egg-info/PKG-INFO
writing dependency_links to ../../build/vision_robot/vision_robot.egg-info/dependency_links.txt
writing entry points to ../../build/vision_robot/vision_robot.egg-info/entry_points.txt
writing requirements to ../../build/vision_robot/vision_robot.egg-info/requires.txt
writing top-level names to ../../build/vision_robot/vision_robot.egg-info/top_level.txt
reading manifest file '../../build/vision_robot/vision_robot.egg-info/SOURCES.txt'
writing manifest file '../../build/vision_robot/vision_robot.egg-info/SOURCES.txt'
running build
running build_py
creating /home/kjy/Mirobot_ros2/build/vision_robot/build
creating /home/kjy/Mirobot_ros2/build/vision_robot/build/lib
creating /home/kjy/Mirobot_ros2/build/vision_robot/build/lib/vision_robot
copying vision_robot/vision_robot_node.py -> /home/kjy/Mirobot_ros2/build/vision_robot/build/lib/vision_robot
copying vision_robot/vision_cubes_publisher.py -> /home/kjy/Mirobot_ros2/build/vision_robot/build/lib/vision_robot
copying vision_robot/__init__.py -> /home/kjy/Mirobot_ros2/build/vision_robot/build/lib/vision_robot
copying vision_robot/camera_test.py -> /home/kjy/Mirobot_ros2/build/vision_robot/build/lib/vision_robot
copying vision_robot/order_yolo_sequencer.py -> /home/kjy/Mirobot_ros2/build/vision_robot/build/lib/vision_robot
running install
running install_lib
creating /home/kjy/Mirobot_ros2/install/vision_robot/lib/python3.10/site-packages/vision_robot
copying /home/kjy/Mirobot_ros2/build/vision_robot/build/lib/vision_robot/vision_robot_node.py -> /home/kjy/Mirobot_ros2/install/vision_robot/lib/python3.10/site-packages/vision_robot
copying /home/kjy/Mirobot_ros2/build/vision_robot/build/lib/vision_robot/vision_cubes_publisher.py -> /home/kjy/Mirobot_ros2/install/vision_robot/lib/python3.10/site-packages/vision_robot
copying /home/kjy/Mirobot_ros2/build/vision_robot/build/lib/vision_robot/__init__.py -> /home/kjy/Mirobot_ros2/install/vision_robot/lib/python3.10/site-packages/vision_robot
copying /home/kjy/Mirobot_ros2/build/vision_robot/build/lib/vision_robot/camera_test.py -> /home/kjy/Mirobot_ros2/install/vision_robot/lib/python3.10/site-packages/vision_robot
copying /home/kjy/Mirobot_ros2/build/vision_robot/build/lib/vision_robot/order_yolo_sequencer.py -> /home/kjy/Mirobot_ros2/install/vision_robot/lib/python3.10/site-packages/vision_robot
byte-compiling /home/kjy/Mirobot_ros2/install/vision_robot/lib/python3.10/site-packages/vision_robot/vision_robot_node.py to vision_robot_node.cpython-310.pyc
byte-compiling /home/kjy/Mirobot_ros2/install/vision_robot/lib/python3.10/site-packages/vision_robot/vision_cubes_publisher.py to vision_cubes_publisher.cpython-310.pyc
byte-compiling /home/kjy/Mirobot_ros2/install/vision_robot/lib/python3.10/site-packages/vision_robot/__init__.py to __init__.cpython-310.pyc
byte-compiling /home/kjy/Mirobot_ros2/install/vision_robot/lib/python3.10/site-packages/vision_robot/camera_test.py to camera_test.cpython-310.pyc
byte-compiling /home/kjy/Mirobot_ros2/install/vision_robot/lib/python3.10/site-packages/vision_robot/order_yolo_sequencer.py to order_yolo_sequencer.cpython-310.pyc
running install_data
copying resource/vision_robot -> /home/kjy/Mirobot_ros2/install/vision_robot/share/ament_index/resource_index/packages
copying package.xml -> /home/kjy/Mirobot_ros2/install/vision_robot/share/vision_robot
copying launch/vision_robot.launch.py -> /home/kjy/Mirobot_ros2/install/vision_robot/share/vision_robot/launch
copying data/static_board_pose.npz -> /home/kjy/Mirobot_ros2/install/vision_robot/share/vision_robot/data
running install_egg_info
Copying ../../build/vision_robot/vision_robot.egg-info to /home/kjy/Mirobot_ros2/install/vision_robot/lib/python3.10/site-packages/vision_robot-0.0.0-py3.10.egg-info
running install_scripts
Installing vision_robot_node script to /home/kjy/Mirobot_ros2/install/vision_robot/lib/vision_robot
writing list of installed files to '/home/kjy/Mirobot_ros2/build/vision_robot/install.log'
