[0.202s] DEBUG:colcon:Command line arguments: ['/usr/bin/colcon', 'build']
[0.202s] DEBUG:colcon:Parsed command line arguments: Namespace(log_base=None, log_level=None, verb_name='build', build_base='build', install_base='install', merge_install=False, symlink_install=False, test_result_base=None, continue_on_error=False, executor='parallel', parallel_workers=16, event_handlers=None, ignore_user_meta=False, metas=['./colcon.meta'], base_paths=['.'], packages_ignore=None, packages_ignore_regex=None, paths=None, packages_up_to=None, packages_up_to_regex=None, packages_above=None, packages_above_and_dependencies=None, packages_above_depth=None, packages_select_by_dep=None, packages_skip_by_dep=None, packages_skip_up_to=None, packages_select_build_failed=False, packages_skip_build_finished=False, packages_select_test_failures=False, packages_skip_test_passed=False, packages_select=None, packages_skip=None, packages_select_regex=None, packages_skip_regex=None, packages_start=None, packages_end=None, allow_overriding=[], cmake_args=None, cmake_target=None, cmake_target_skip_unavailable=False, cmake_clean_cache=False, cmake_clean_first=False, cmake_force_configure=False, ament_cmake_args=None, catkin_cmake_args=None, catkin_skip_building_tests=False, verb_parser=<colcon_defaults.argument_parser.defaults.DefaultArgumentsDecorator object at 0x7af2bae61f90>, verb_extension=<colcon_core.verb.build.BuildVerb object at 0x7af2bae619f0>, main=<bound method BuildVerb.main of <colcon_core.verb.build.BuildVerb object at 0x7af2bae619f0>>)
[0.340s] Level 1:colcon.colcon_core.package_discovery:discover_packages(colcon_meta) check parameters
[0.340s] Level 1:colcon.colcon_core.package_discovery:discover_packages(recursive) check parameters
[0.340s] Level 1:colcon.colcon_core.package_discovery:discover_packages(ignore) check parameters
[0.340s] Level 1:colcon.colcon_core.package_discovery:discover_packages(path) check parameters
[0.340s] Level 1:colcon.colcon_core.package_discovery:discover_packages(colcon_meta) discover
[0.340s] Level 1:colcon.colcon_core.package_discovery:discover_packages(recursive) discover
[0.340s] INFO:colcon.colcon_core.package_discovery:Crawling recursively for packages in '/home/kjy/Mirobot_ros2'
[0.341s] Level 1:colcon.colcon_core.package_identification:_identify(.) by extensions ['ignore', 'ignore_ament_install']
[0.341s] Level 1:colcon.colcon_core.package_identification:_identify(.) by extension 'ignore'
[0.341s] Level 1:colcon.colcon_core.package_identification:_identify(.) by extension 'ignore_ament_install'
[0.341s] Level 1:colcon.colcon_core.package_identification:_identify(.) by extensions ['colcon_pkg']
[0.341s] Level 1:colcon.colcon_core.package_identification:_identify(.) by extension 'colcon_pkg'
[0.341s] Level 1:colcon.colcon_core.package_identification:_identify(.) by extensions ['colcon_meta']
[0.341s] Level 1:colcon.colcon_core.package_identification:_identify(.) by extension 'colcon_meta'
[0.341s] Level 1:colcon.colcon_core.package_identification:_identify(.) by extensions ['ros']
[0.341s] Level 1:colcon.colcon_core.package_identification:_identify(.) by extension 'ros'
[0.358s] Level 1:colcon.colcon_core.package_identification:_identify(.) by extensions ['cmake', 'python']
[0.358s] Level 1:colcon.colcon_core.package_identification:_identify(.) by extension 'cmake'
[0.358s] Level 1:colcon.colcon_core.package_identification:_identify(.) by extension 'python'
[0.358s] Level 1:colcon.colcon_core.package_identification:_identify(.) by extensions ['python_setup_py']
[0.358s] Level 1:colcon.colcon_core.package_identification:_identify(.) by extension 'python_setup_py'
[0.358s] Level 1:colcon.colcon_core.package_identification:_identify(build) by extensions ['ignore', 'ignore_ament_install']
[0.358s] Level 1:colcon.colcon_core.package_identification:_identify(build) by extension 'ignore'
[0.358s] Level 1:colcon.colcon_core.package_identification:_identify(build) ignored
[0.358s] Level 1:colcon.colcon_core.package_identification:_identify(install) by extensions ['ignore', 'ignore_ament_install']
[0.358s] Level 1:colcon.colcon_core.package_identification:_identify(install) by extension 'ignore'
[0.358s] Level 1:colcon.colcon_core.package_identification:_identify(install) ignored
[0.358s] Level 1:colcon.colcon_core.package_identification:_identify(log) by extensions ['ignore', 'ignore_ament_install']
[0.358s] Level 1:colcon.colcon_core.package_identification:_identify(log) by extension 'ignore'
[0.358s] Level 1:colcon.colcon_core.package_identification:_identify(log) ignored
[0.358s] Level 1:colcon.colcon_core.package_identification:_identify(src) by extensions ['ignore', 'ignore_ament_install']
[0.359s] Level 1:colcon.colcon_core.package_identification:_identify(src) by extension 'ignore'
[0.359s] Level 1:colcon.colcon_core.package_identification:_identify(src) by extension 'ignore_ament_install'
[0.359s] Level 1:colcon.colcon_core.package_identification:_identify(src) by extensions ['colcon_pkg']
[0.359s] Level 1:colcon.colcon_core.package_identification:_identify(src) by extension 'colcon_pkg'
[0.359s] Level 1:colcon.colcon_core.package_identification:_identify(src) by extensions ['colcon_meta']
[0.359s] Level 1:colcon.colcon_core.package_identification:_identify(src) by extension 'colcon_meta'
[0.359s] Level 1:colcon.colcon_core.package_identification:_identify(src) by extensions ['ros']
[0.359s] Level 1:colcon.colcon_core.package_identification:_identify(src) by extension 'ros'
[0.359s] Level 1:colcon.colcon_core.package_identification:_identify(src) by extensions ['cmake', 'python']
[0.359s] Level 1:colcon.colcon_core.package_identification:_identify(src) by extension 'cmake'
[0.359s] Level 1:colcon.colcon_core.package_identification:_identify(src) by extension 'python'
[0.359s] Level 1:colcon.colcon_core.package_identification:_identify(src) by extensions ['python_setup_py']
[0.359s] Level 1:colcon.colcon_core.package_identification:_identify(src) by extension 'python_setup_py'
[0.359s] Level 1:colcon.colcon_core.package_identification:_identify(src/mirobot_description) by extensions ['ignore', 'ignore_ament_install']
[0.359s] Level 1:colcon.colcon_core.package_identification:_identify(src/mirobot_description) by extension 'ignore'
[0.359s] Level 1:colcon.colcon_core.package_identification:_identify(src/mirobot_description) by extension 'ignore_ament_install'
[0.359s] Level 1:colcon.colcon_core.package_identification:_identify(src/mirobot_description) by extensions ['colcon_pkg']
[0.359s] Level 1:colcon.colcon_core.package_identification:_identify(src/mirobot_description) by extension 'colcon_pkg'
[0.359s] Level 1:colcon.colcon_core.package_identification:_identify(src/mirobot_description) by extensions ['colcon_meta']
[0.359s] Level 1:colcon.colcon_core.package_identification:_identify(src/mirobot_description) by extension 'colcon_meta'
[0.359s] Level 1:colcon.colcon_core.package_identification:_identify(src/mirobot_description) by extensions ['ros']
[0.359s] Level 1:colcon.colcon_core.package_identification:_identify(src/mirobot_description) by extension 'ros'
[0.363s] DEBUG:colcon.colcon_core.package_identification:Package 'src/mirobot_description' with type 'ros.ament_cmake' and name 'mirobot_description'
[0.363s] Level 1:colcon.colcon_core.package_identification:_identify(src/mirobot_driver) by extensions ['ignore', 'ignore_ament_install']
[0.363s] Level 1:colcon.colcon_core.package_identification:_identify(src/mirobot_driver) by extension 'ignore'
[0.363s] Level 1:colcon.colcon_core.package_identification:_identify(src/mirobot_driver) by extension 'ignore_ament_install'
[0.363s] Level 1:colcon.colcon_core.package_identification:_identify(src/mirobot_driver) by extensions ['colcon_pkg']
[0.363s] Level 1:colcon.colcon_core.package_identification:_identify(src/mirobot_driver) by extension 'colcon_pkg'
[0.363s] Level 1:colcon.colcon_core.package_identification:_identify(src/mirobot_driver) by extensions ['colcon_meta']
[0.363s] Level 1:colcon.colcon_core.package_identification:_identify(src/mirobot_driver) by extension 'colcon_meta'
[0.363s] Level 1:colcon.colcon_core.package_identification:_identify(src/mirobot_driver) by extensions ['ros']
[0.363s] Level 1:colcon.colcon_core.package_identification:_identify(src/mirobot_driver) by extension 'ros'
[0.364s] DEBUG:colcon.colcon_core.package_identification:Package 'src/mirobot_driver' with type 'ros.ament_python' and name 'mirobot_driver'
[0.364s] Level 1:colcon.colcon_core.package_identification:_identify(src/mirobot_master_slave) by extensions ['ignore', 'ignore_ament_install']
[0.364s] Level 1:colcon.colcon_core.package_identification:_identify(src/mirobot_master_slave) by extension 'ignore'
[0.364s] Level 1:colcon.colcon_core.package_identification:_identify(src/mirobot_master_slave) by extension 'ignore_ament_install'
[0.364s] Level 1:colcon.colcon_core.package_identification:_identify(src/mirobot_master_slave) by extensions ['colcon_pkg']
[0.364s] Level 1:colcon.colcon_core.package_identification:_identify(src/mirobot_master_slave) by extension 'colcon_pkg'
[0.364s] Level 1:colcon.colcon_core.package_identification:_identify(src/mirobot_master_slave) by extensions ['colcon_meta']
[0.364s] Level 1:colcon.colcon_core.package_identification:_identify(src/mirobot_master_slave) by extension 'colcon_meta'
[0.364s] Level 1:colcon.colcon_core.package_identification:_identify(src/mirobot_master_slave) by extensions ['ros']
[0.364s] Level 1:colcon.colcon_core.package_identification:_identify(src/mirobot_master_slave) by extension 'ros'
[0.364s] DEBUG:colcon.colcon_core.package_identification:Package 'src/mirobot_master_slave' with type 'ros.ament_python' and name 'mirobot_master_slave'
[0.365s] Level 1:colcon.colcon_core.package_identification:_identify(src/mirobot_order_delivery) by extensions ['ignore', 'ignore_ament_install']
[0.365s] Level 1:colcon.colcon_core.package_identification:_identify(src/mirobot_order_delivery) by extension 'ignore'
[0.365s] Level 1:colcon.colcon_core.package_identification:_identify(src/mirobot_order_delivery) by extension 'ignore_ament_install'
[0.365s] Level 1:colcon.colcon_core.package_identification:_identify(src/mirobot_order_delivery) by extensions ['colcon_pkg']
[0.365s] Level 1:colcon.colcon_core.package_identification:_identify(src/mirobot_order_delivery) by extension 'colcon_pkg'
[0.365s] Level 1:colcon.colcon_core.package_identification:_identify(src/mirobot_order_delivery) by extensions ['colcon_meta']
[0.365s] Level 1:colcon.colcon_core.package_identification:_identify(src/mirobot_order_delivery) by extension 'colcon_meta'
[0.365s] Level 1:colcon.colcon_core.package_identification:_identify(src/mirobot_order_delivery) by extensions ['ros']
[0.365s] Level 1:colcon.colcon_core.package_identification:_identify(src/mirobot_order_delivery) by extension 'ros'
[0.365s] DEBUG:colcon.colcon_core.package_identification:Package 'src/mirobot_order_delivery' with type 'ros.ament_python' and name 'mirobot_order_delivery'
[0.365s] Level 1:colcon.colcon_core.package_identification:_identify(src/vision_robot) by extensions ['ignore', 'ignore_ament_install']
[0.365s] Level 1:colcon.colcon_core.package_identification:_identify(src/vision_robot) by extension 'ignore'
[0.365s] Level 1:colcon.colcon_core.package_identification:_identify(src/vision_robot) by extension 'ignore_ament_install'
[0.365s] Level 1:colcon.colcon_core.package_identification:_identify(src/vision_robot) by extensions ['colcon_pkg']
[0.365s] Level 1:colcon.colcon_core.package_identification:_identify(src/vision_robot) by extension 'colcon_pkg'
[0.365s] Level 1:colcon.colcon_core.package_identification:_identify(src/vision_robot) by extensions ['colcon_meta']
[0.365s] Level 1:colcon.colcon_core.package_identification:_identify(src/vision_robot) by extension 'colcon_meta'
[0.365s] Level 1:colcon.colcon_core.package_identification:_identify(src/vision_robot) by extensions ['ros']
[0.365s] Level 1:colcon.colcon_core.package_identification:_identify(src/vision_robot) by extension 'ros'
[0.366s] DEBUG:colcon.colcon_core.package_identification:Package 'src/vision_robot' with type 'ros.ament_python' and name 'vision_robot'
[0.366s] Level 1:colcon.colcon_core.package_discovery:discover_packages(recursive) using defaults
[0.366s] Level 1:colcon.colcon_core.package_discovery:discover_packages(ignore) discover
[0.366s] Level 1:colcon.colcon_core.package_discovery:discover_packages(ignore) using defaults
[0.366s] Level 1:colcon.colcon_core.package_discovery:discover_packages(path) discover
[0.366s] Level 1:colcon.colcon_core.package_discovery:discover_packages(path) using defaults
[0.380s] Level 1:colcon.colcon_core.package_discovery:discover_packages(prefix_path) check parameters
[0.380s] Level 1:colcon.colcon_core.package_discovery:discover_packages(prefix_path) discover
[0.382s] DEBUG:colcon.colcon_installed_package_information.package_discovery:Found 336 installed packages in /opt/ros/humble
[0.383s] Level 1:colcon.colcon_core.package_discovery:discover_packages(prefix_path) using defaults
[0.404s] Level 5:colcon.colcon_core.verb:set package 'mirobot_description' build argument 'cmake_args' from command line to 'None'
[0.404s] Level 5:colcon.colcon_core.verb:set package 'mirobot_description' build argument 'cmake_target' from command line to 'None'
[0.404s] Level 5:colcon.colcon_core.verb:set package 'mirobot_description' build argument 'cmake_target_skip_unavailable' from command line to 'False'
[0.404s] Level 5:colcon.colcon_core.verb:set package 'mirobot_description' build argument 'cmake_clean_cache' from command line to 'False'
[0.405s] Level 5:colcon.colcon_core.verb:set package 'mirobot_description' build argument 'cmake_clean_first' from command line to 'False'
[0.405s] Level 5:colcon.colcon_core.verb:set package 'mirobot_description' build argument 'cmake_force_configure' from command line to 'False'
[0.405s] Level 5:colcon.colcon_core.verb:set package 'mirobot_description' build argument 'ament_cmake_args' from command line to 'None'
[0.405s] Level 5:colcon.colcon_core.verb:set package 'mirobot_description' build argument 'catkin_cmake_args' from command line to 'None'
[0.405s] Level 5:colcon.colcon_core.verb:set package 'mirobot_description' build argument 'catkin_skip_building_tests' from command line to 'False'
[0.405s] DEBUG:colcon.colcon_core.verb:Building package 'mirobot_description' with the following arguments: {'ament_cmake_args': None, 'build_base': '/home/kjy/Mirobot_ros2/build/mirobot_description', 'catkin_cmake_args': None, 'catkin_skip_building_tests': False, 'cmake_args': None, 'cmake_clean_cache': False, 'cmake_clean_first': False, 'cmake_force_configure': False, 'cmake_target': None, 'cmake_target_skip_unavailable': False, 'install_base': '/home/kjy/Mirobot_ros2/install/mirobot_description', 'merge_install': False, 'path': '/home/kjy/Mirobot_ros2/src/mirobot_description', 'symlink_install': False, 'test_result_base': None}
[0.405s] Level 5:colcon.colcon_core.verb:set package 'mirobot_driver' build argument 'cmake_args' from command line to 'None'
[0.405s] Level 5:colcon.colcon_core.verb:set package 'mirobot_driver' build argument 'cmake_target' from command line to 'None'
[0.405s] Level 5:colcon.colcon_core.verb:set package 'mirobot_driver' build argument 'cmake_target_skip_unavailable' from command line to 'False'
[0.405s] Level 5:colcon.colcon_core.verb:set package 'mirobot_driver' build argument 'cmake_clean_cache' from command line to 'False'
[0.405s] Level 5:colcon.colcon_core.verb:set package 'mirobot_driver' build argument 'cmake_clean_first' from command line to 'False'
[0.405s] Level 5:colcon.colcon_core.verb:set package 'mirobot_driver' build argument 'cmake_force_configure' from command line to 'False'
[0.405s] Level 5:colcon.colcon_core.verb:set package 'mirobot_driver' build argument 'ament_cmake_args' from command line to 'None'
[0.405s] Level 5:colcon.colcon_core.verb:set package 'mirobot_driver' build argument 'catkin_cmake_args' from command line to 'None'
[0.405s] Level 5:colcon.colcon_core.verb:set package 'mirobot_driver' build argument 'catkin_skip_building_tests' from command line to 'False'
[0.405s] DEBUG:colcon.colcon_core.verb:Building package 'mirobot_driver' with the following arguments: {'ament_cmake_args': None, 'build_base': '/home/kjy/Mirobot_ros2/build/mirobot_driver', 'catkin_cmake_args': None, 'catkin_skip_building_tests': False, 'cmake_args': None, 'cmake_clean_cache': False, 'cmake_clean_first': False, 'cmake_force_configure': False, 'cmake_target': None, 'cmake_target_skip_unavailable': False, 'install_base': '/home/kjy/Mirobot_ros2/install/mirobot_driver', 'merge_install': False, 'path': '/home/kjy/Mirobot_ros2/src/mirobot_driver', 'symlink_install': False, 'test_result_base': None}
[0.405s] Level 5:colcon.colcon_core.verb:set package 'mirobot_order_delivery' build argument 'cmake_args' from command line to 'None'
[0.405s] Level 5:colcon.colcon_core.verb:set package 'mirobot_order_delivery' build argument 'cmake_target' from command line to 'None'
[0.405s] Level 5:colcon.colcon_core.verb:set package 'mirobot_order_delivery' build argument 'cmake_target_skip_unavailable' from command line to 'False'
[0.405s] Level 5:colcon.colcon_core.verb:set package 'mirobot_order_delivery' build argument 'cmake_clean_cache' from command line to 'False'
[0.405s] Level 5:colcon.colcon_core.verb:set package 'mirobot_order_delivery' build argument 'cmake_clean_first' from command line to 'False'
[0.405s] Level 5:colcon.colcon_core.verb:set package 'mirobot_order_delivery' build argument 'cmake_force_configure' from command line to 'False'
[0.405s] Level 5:colcon.colcon_core.verb:set package 'mirobot_order_delivery' build argument 'ament_cmake_args' from command line to 'None'
[0.405s] Level 5:colcon.colcon_core.verb:set package 'mirobot_order_delivery' build argument 'catkin_cmake_args' from command line to 'None'
[0.405s] Level 5:colcon.colcon_core.verb:set package 'mirobot_order_delivery' build argument 'catkin_skip_building_tests' from command line to 'False'
[0.405s] DEBUG:colcon.colcon_core.verb:Building package 'mirobot_order_delivery' with the following arguments: {'ament_cmake_args': None, 'build_base': '/home/kjy/Mirobot_ros2/build/mirobot_order_delivery', 'catkin_cmake_args': None, 'catkin_skip_building_tests': False, 'cmake_args': None, 'cmake_clean_cache': False, 'cmake_clean_first': False, 'cmake_force_configure': False, 'cmake_target': None, 'cmake_target_skip_unavailable': False, 'install_base': '/home/kjy/Mirobot_ros2/install/mirobot_order_delivery', 'merge_install': False, 'path': '/home/kjy/Mirobot_ros2/src/mirobot_order_delivery', 'symlink_install': False, 'test_result_base': None}
[0.405s] Level 5:colcon.colcon_core.verb:set package 'vision_robot' build argument 'cmake_args' from command line to 'None'
[0.405s] Level 5:colcon.colcon_core.verb:set package 'vision_robot' build argument 'cmake_target' from command line to 'None'
[0.405s] Level 5:colcon.colcon_core.verb:set package 'vision_robot' build argument 'cmake_target_skip_unavailable' from command line to 'False'
[0.405s] Level 5:colcon.colcon_core.verb:set package 'vision_robot' build argument 'cmake_clean_cache' from command line to 'False'
[0.405s] Level 5:colcon.colcon_core.verb:set package 'vision_robot' build argument 'cmake_clean_first' from command line to 'False'
[0.405s] Level 5:colcon.colcon_core.verb:set package 'vision_robot' build argument 'cmake_force_configure' from command line to 'False'
[0.405s] Level 5:colcon.colcon_core.verb:set package 'vision_robot' build argument 'ament_cmake_args' from command line to 'None'
[0.405s] Level 5:colcon.colcon_core.verb:set package 'vision_robot' build argument 'catkin_cmake_args' from command line to 'None'
[0.405s] Level 5:colcon.colcon_core.verb:set package 'vision_robot' build argument 'catkin_skip_building_tests' from command line to 'False'
[0.405s] DEBUG:colcon.colcon_core.verb:Building package 'vision_robot' with the following arguments: {'ament_cmake_args': None, 'build_base': '/home/kjy/Mirobot_ros2/build/vision_robot', 'catkin_cmake_args': None, 'catkin_skip_building_tests': False, 'cmake_args': None, 'cmake_clean_cache': False, 'cmake_clean_first': False, 'cmake_force_configure': False, 'cmake_target': None, 'cmake_target_skip_unavailable': False, 'install_base': '/home/kjy/Mirobot_ros2/install/vision_robot', 'merge_install': False, 'path': '/home/kjy/Mirobot_ros2/src/vision_robot', 'symlink_install': False, 'test_result_base': None}
[0.405s] Level 5:colcon.colcon_core.verb:set package 'mirobot_master_slave' build argument 'cmake_args' from command line to 'None'
[0.405s] Level 5:colcon.colcon_core.verb:set package 'mirobot_master_slave' build argument 'cmake_target' from command line to 'None'
[0.405s] Level 5:colcon.colcon_core.verb:set package 'mirobot_master_slave' build argument 'cmake_target_skip_unavailable' from command line to 'False'
[0.406s] Level 5:colcon.colcon_core.verb:set package 'mirobot_master_slave' build argument 'cmake_clean_cache' from command line to 'False'
[0.406s] Level 5:colcon.colcon_core.verb:set package 'mirobot_master_slave' build argument 'cmake_clean_first' from command line to 'False'
[0.406s] Level 5:colcon.colcon_core.verb:set package 'mirobot_master_slave' build argument 'cmake_force_configure' from command line to 'False'
[0.406s] Level 5:colcon.colcon_core.verb:set package 'mirobot_master_slave' build argument 'ament_cmake_args' from command line to 'None'
[0.406s] Level 5:colcon.colcon_core.verb:set package 'mirobot_master_slave' build argument 'catkin_cmake_args' from command line to 'None'
[0.406s] Level 5:colcon.colcon_core.verb:set package 'mirobot_master_slave' build argument 'catkin_skip_building_tests' from command line to 'False'
[0.406s] DEBUG:colcon.colcon_core.verb:Building package 'mirobot_master_slave' with the following arguments: {'ament_cmake_args': None, 'build_base': '/home/kjy/Mirobot_ros2/build/mirobot_master_slave', 'catkin_cmake_args': None, 'catkin_skip_building_tests': False, 'cmake_args': None, 'cmake_clean_cache': False, 'cmake_clean_first': False, 'cmake_force_configure': False, 'cmake_target': None, 'cmake_target_skip_unavailable': False, 'install_base': '/home/kjy/Mirobot_ros2/install/mirobot_master_slave', 'merge_install': False, 'path': '/home/kjy/Mirobot_ros2/src/mirobot_master_slave', 'symlink_install': False, 'test_result_base': None}
[0.406s] INFO:colcon.colcon_core.executor:Executing jobs using 'parallel' executor
[0.406s] DEBUG:colcon.colcon_parallel_executor.executor.parallel:run_until_complete
[0.406s] INFO:colcon.colcon_ros.task.ament_cmake.build:Building ROS package in '/home/kjy/Mirobot_ros2/src/mirobot_description' with build type 'ament_cmake'
[0.406s] INFO:colcon.colcon_cmake.task.cmake.build:Building CMake package in '/home/kjy/Mirobot_ros2/src/mirobot_description'
[0.413s] INFO:colcon.colcon_core.plugin_system:Skipping extension 'colcon_core.shell.bat': Not used on non-Windows systems
[0.414s] INFO:colcon.colcon_core.shell:Skip shell extension 'powershell' for command environment: Not usable outside of PowerShell
[0.414s] DEBUG:colcon.colcon_core.shell:Skip shell extension 'dsv' for command environment
[0.417s] INFO:colcon.colcon_ros.task.ament_python.build:Building ROS package in '/home/kjy/Mirobot_ros2/src/mirobot_driver' with build type 'ament_python'
[0.417s] Level 1:colcon.colcon_core.shell:create_environment_hook('mirobot_driver', 'ament_prefix_path')
[0.417s] INFO:colcon.colcon_core.shell:Creating environment hook '/home/kjy/Mirobot_ros2/install/mirobot_driver/share/mirobot_driver/hook/ament_prefix_path.ps1'
[0.417s] INFO:colcon.colcon_core.shell:Creating environment descriptor '/home/kjy/Mirobot_ros2/install/mirobot_driver/share/mirobot_driver/hook/ament_prefix_path.dsv'
[0.418s] INFO:colcon.colcon_core.shell:Creating environment hook '/home/kjy/Mirobot_ros2/install/mirobot_driver/share/mirobot_driver/hook/ament_prefix_path.sh'
[0.418s] INFO:colcon.colcon_core.shell:Skip shell extension 'powershell' for command environment: Not usable outside of PowerShell
[0.418s] DEBUG:colcon.colcon_core.shell:Skip shell extension 'dsv' for command environment
[0.420s] INFO:colcon.colcon_ros.task.ament_python.build:Building ROS package in '/home/kjy/Mirobot_ros2/src/mirobot_order_delivery' with build type 'ament_python'
[0.420s] Level 1:colcon.colcon_core.shell:create_environment_hook('mirobot_order_delivery', 'ament_prefix_path')
[0.420s] INFO:colcon.colcon_core.shell:Creating environment hook '/home/kjy/Mirobot_ros2/install/mirobot_order_delivery/share/mirobot_order_delivery/hook/ament_prefix_path.ps1'
[0.420s] INFO:colcon.colcon_core.shell:Creating environment descriptor '/home/kjy/Mirobot_ros2/install/mirobot_order_delivery/share/mirobot_order_delivery/hook/ament_prefix_path.dsv'
[0.420s] INFO:colcon.colcon_core.shell:Creating environment hook '/home/kjy/Mirobot_ros2/install/mirobot_order_delivery/share/mirobot_order_delivery/hook/ament_prefix_path.sh'
[0.421s] INFO:colcon.colcon_core.shell:Skip shell extension 'powershell' for command environment: Not usable outside of PowerShell
[0.421s] DEBUG:colcon.colcon_core.shell:Skip shell extension 'dsv' for command environment
[0.422s] INFO:colcon.colcon_ros.task.ament_python.build:Building ROS package in '/home/kjy/Mirobot_ros2/src/vision_robot' with build type 'ament_python'
[0.422s] Level 1:colcon.colcon_core.shell:create_environment_hook('vision_robot', 'ament_prefix_path')
[0.423s] INFO:colcon.colcon_core.shell:Creating environment hook '/home/kjy/Mirobot_ros2/install/vision_robot/share/vision_robot/hook/ament_prefix_path.ps1'
[0.423s] INFO:colcon.colcon_core.shell:Creating environment descriptor '/home/kjy/Mirobot_ros2/install/vision_robot/share/vision_robot/hook/ament_prefix_path.dsv'
[0.423s] INFO:colcon.colcon_core.shell:Creating environment hook '/home/kjy/Mirobot_ros2/install/vision_robot/share/vision_robot/hook/ament_prefix_path.sh'
[0.424s] INFO:colcon.colcon_core.shell:Skip shell extension 'powershell' for command environment: Not usable outside of PowerShell
[0.424s] DEBUG:colcon.colcon_core.shell:Skip shell extension 'dsv' for command environment
[0.428s] DEBUG:colcon.colcon_core.event_handler.log_command:Invoking command in '/home/kjy/Mirobot_ros2/build/mirobot_description': CMAKE_PREFIX_PATH=/opt/ros/humble PS1=(yolov5_env) \[\e]0;\u@\h: \w\a\]${debian_chroot:+($debian_chroot)}\[\033[01;32m\]\u@\h\[\033[00m\]:\[\033[01;34m\]\w\[\033[00m\]\$ VIRTUAL_ENV_PROMPT=(yolov5_env) /usr/bin/cmake /home/kjy/Mirobot_ros2/src/mirobot_description -DCMAKE_INSTALL_PREFIX=/home/kjy/Mirobot_ros2/install/mirobot_description
[0.578s] INFO:colcon.colcon_core.task.python.build:Building Python package in '/home/kjy/Mirobot_ros2/src/mirobot_driver'
[0.579s] INFO:colcon.colcon_core.shell:Skip shell extension 'powershell' for command environment: Not usable outside of PowerShell
[0.579s] DEBUG:colcon.colcon_core.shell:Skip shell extension 'dsv' for command environment
[0.725s] INFO:colcon.colcon_core.task.python.build:Building Python package in '/home/kjy/Mirobot_ros2/src/mirobot_order_delivery'
[0.725s] INFO:colcon.colcon_core.shell:Skip shell extension 'powershell' for command environment: Not usable outside of PowerShell
[0.725s] DEBUG:colcon.colcon_core.shell:Skip shell extension 'dsv' for command environment
[0.879s] INFO:colcon.colcon_core.task.python.build:Building Python package in '/home/kjy/Mirobot_ros2/src/vision_robot'
[0.880s] INFO:colcon.colcon_core.shell:Skip shell extension 'powershell' for command environment: Not usable outside of PowerShell
[0.880s] DEBUG:colcon.colcon_core.shell:Skip shell extension 'dsv' for command environment
[0.884s] DEBUG:colcon.colcon_core.event_handler.log_command:Invoked command in '/home/kjy/Mirobot_ros2/build/mirobot_description' returned '0': CMAKE_PREFIX_PATH=/opt/ros/humble PS1=(yolov5_env) \[\e]0;\u@\h: \w\a\]${debian_chroot:+($debian_chroot)}\[\033[01;32m\]\u@\h\[\033[00m\]:\[\033[01;34m\]\w\[\033[00m\]\$ VIRTUAL_ENV_PROMPT=(yolov5_env) /usr/bin/cmake /home/kjy/Mirobot_ros2/src/mirobot_description -DCMAKE_INSTALL_PREFIX=/home/kjy/Mirobot_ros2/install/mirobot_description
[0.884s] DEBUG:colcon.colcon_core.event_handler.log_command:Invoking command in '/home/kjy/Mirobot_ros2/build/mirobot_description': CMAKE_PREFIX_PATH=/opt/ros/humble PS1=(yolov5_env) \[\e]0;\u@\h: \w\a\]${debian_chroot:+($debian_chroot)}\[\033[01;32m\]\u@\h\[\033[00m\]:\[\033[01;34m\]\w\[\033[00m\]\$ VIRTUAL_ENV_PROMPT=(yolov5_env) /usr/bin/cmake --build /home/kjy/Mirobot_ros2/build/mirobot_description -- -j16 -l16
[0.916s] DEBUG:colcon.colcon_core.event_handler.log_command:Invoked command in '/home/kjy/Mirobot_ros2/build/mirobot_description' returned '0': CMAKE_PREFIX_PATH=/opt/ros/humble PS1=(yolov5_env) \[\e]0;\u@\h: \w\a\]${debian_chroot:+($debian_chroot)}\[\033[01;32m\]\u@\h\[\033[00m\]:\[\033[01;34m\]\w\[\033[00m\]\$ VIRTUAL_ENV_PROMPT=(yolov5_env) /usr/bin/cmake --build /home/kjy/Mirobot_ros2/build/mirobot_description -- -j16 -l16
[0.926s] DEBUG:colcon.colcon_core.event_handler.log_command:Invoking command in '/home/kjy/Mirobot_ros2/build/mirobot_description': CMAKE_PREFIX_PATH=/opt/ros/humble PS1=(yolov5_env) \[\e]0;\u@\h: \w\a\]${debian_chroot:+($debian_chroot)}\[\033[01;32m\]\u@\h\[\033[00m\]:\[\033[01;34m\]\w\[\033[00m\]\$ VIRTUAL_ENV_PROMPT=(yolov5_env) /usr/bin/cmake --install /home/kjy/Mirobot_ros2/build/mirobot_description
[0.971s] Level 1:colcon.colcon_core.environment:create_environment_scripts_only(mirobot_description)
[0.971s] DEBUG:colcon.colcon_core.event_handler.log_command:Invoked command in '/home/kjy/Mirobot_ros2/build/mirobot_description' returned '0': CMAKE_PREFIX_PATH=/opt/ros/humble PS1=(yolov5_env) \[\e]0;\u@\h: \w\a\]${debian_chroot:+($debian_chroot)}\[\033[01;32m\]\u@\h\[\033[00m\]:\[\033[01;34m\]\w\[\033[00m\]\$ VIRTUAL_ENV_PROMPT=(yolov5_env) /usr/bin/cmake --install /home/kjy/Mirobot_ros2/build/mirobot_description
[0.979s] Level 1:colcon.colcon_core.environment:checking '/home/kjy/Mirobot_ros2/install/mirobot_description' for CMake module files
[0.980s] Level 1:colcon.colcon_core.environment:checking '/home/kjy/Mirobot_ros2/install/mirobot_description' for CMake config files
[0.980s] Level 1:colcon.colcon_core.shell:create_environment_hook('mirobot_description', 'cmake_prefix_path')
[0.980s] INFO:colcon.colcon_core.shell:Creating environment hook '/home/kjy/Mirobot_ros2/install/mirobot_description/share/mirobot_description/hook/cmake_prefix_path.ps1'
[0.981s] INFO:colcon.colcon_core.shell:Creating environment descriptor '/home/kjy/Mirobot_ros2/install/mirobot_description/share/mirobot_description/hook/cmake_prefix_path.dsv'
[0.981s] INFO:colcon.colcon_core.shell:Creating environment hook '/home/kjy/Mirobot_ros2/install/mirobot_description/share/mirobot_description/hook/cmake_prefix_path.sh'
[0.982s] Level 1:colcon.colcon_core.environment:checking '/home/kjy/Mirobot_ros2/install/mirobot_description/bin'
[0.982s] Level 1:colcon.colcon_core.environment:checking '/home/kjy/Mirobot_ros2/install/mirobot_description/lib/pkgconfig/mirobot_description.pc'
[0.982s] Level 1:colcon.colcon_core.environment:checking '/home/kjy/Mirobot_ros2/install/mirobot_description/lib/python3.10/site-packages'
[0.982s] Level 1:colcon.colcon_core.environment:checking '/home/kjy/Mirobot_ros2/install/mirobot_description/bin'
[0.982s] INFO:colcon.colcon_core.shell:Creating package script '/home/kjy/Mirobot_ros2/install/mirobot_description/share/mirobot_description/package.ps1'
[0.983s] INFO:colcon.colcon_core.shell:Creating package descriptor '/home/kjy/Mirobot_ros2/install/mirobot_description/share/mirobot_description/package.dsv'
[0.983s] INFO:colcon.colcon_core.shell:Creating package script '/home/kjy/Mirobot_ros2/install/mirobot_description/share/mirobot_description/package.sh'
[0.984s] INFO:colcon.colcon_core.shell:Creating package script '/home/kjy/Mirobot_ros2/install/mirobot_description/share/mirobot_description/package.bash'
[0.984s] INFO:colcon.colcon_core.shell:Creating package script '/home/kjy/Mirobot_ros2/install/mirobot_description/share/mirobot_description/package.zsh'
[0.985s] Level 1:colcon.colcon_core.environment:create_file_with_runtime_dependencies(/home/kjy/Mirobot_ros2/install/mirobot_description/share/colcon-core/packages/mirobot_description)
[0.985s] Level 1:colcon.colcon_core.environment:create_environment_scripts_only(mirobot_description)
[0.985s] Level 1:colcon.colcon_core.environment:checking '/home/kjy/Mirobot_ros2/install/mirobot_description' for CMake module files
[0.986s] Level 1:colcon.colcon_core.environment:checking '/home/kjy/Mirobot_ros2/install/mirobot_description' for CMake config files
[0.986s] Level 1:colcon.colcon_core.shell:create_environment_hook('mirobot_description', 'cmake_prefix_path')
[0.986s] INFO:colcon.colcon_core.shell:Creating environment hook '/home/kjy/Mirobot_ros2/install/mirobot_description/share/mirobot_description/hook/cmake_prefix_path.ps1'
[0.986s] INFO:colcon.colcon_core.shell:Creating environment descriptor '/home/kjy/Mirobot_ros2/install/mirobot_description/share/mirobot_description/hook/cmake_prefix_path.dsv'
[0.986s] INFO:colcon.colcon_core.shell:Creating environment hook '/home/kjy/Mirobot_ros2/install/mirobot_description/share/mirobot_description/hook/cmake_prefix_path.sh'
[0.987s] Level 1:colcon.colcon_core.environment:checking '/home/kjy/Mirobot_ros2/install/mirobot_description/bin'
[0.987s] Level 1:colcon.colcon_core.environment:checking '/home/kjy/Mirobot_ros2/install/mirobot_description/lib/pkgconfig/mirobot_description.pc'
[0.987s] Level 1:colcon.colcon_core.environment:checking '/home/kjy/Mirobot_ros2/install/mirobot_description/lib/python3.10/site-packages'
[0.987s] Level 1:colcon.colcon_core.environment:checking '/home/kjy/Mirobot_ros2/install/mirobot_description/bin'
[0.987s] INFO:colcon.colcon_core.shell:Creating package script '/home/kjy/Mirobot_ros2/install/mirobot_description/share/mirobot_description/package.ps1'
[0.987s] INFO:colcon.colcon_core.shell:Creating package descriptor '/home/kjy/Mirobot_ros2/install/mirobot_description/share/mirobot_description/package.dsv'
[0.988s] INFO:colcon.colcon_core.shell:Creating package script '/home/kjy/Mirobot_ros2/install/mirobot_description/share/mirobot_description/package.sh'
[0.988s] INFO:colcon.colcon_core.shell:Creating package script '/home/kjy/Mirobot_ros2/install/mirobot_description/share/mirobot_description/package.bash'
[0.988s] INFO:colcon.colcon_core.shell:Creating package script '/home/kjy/Mirobot_ros2/install/mirobot_description/share/mirobot_description/package.zsh'
[0.988s] Level 1:colcon.colcon_core.environment:create_file_with_runtime_dependencies(/home/kjy/Mirobot_ros2/install/mirobot_description/share/colcon-core/packages/mirobot_description)
[1.164s] DEBUG:colcon.colcon_core.event_handler.log_command:Invoking command in '/home/kjy/Mirobot_ros2/src/mirobot_order_delivery': PS1=(yolov5_env) \[\e]0;\u@\h: \w\a\]${debian_chroot:+($debian_chroot)}\[\033[01;32m\]\u@\h\[\033[00m\]:\[\033[01;34m\]\w\[\033[00m\]\$ PYTHONPATH=/home/kjy/Mirobot_ros2/build/mirobot_order_delivery/prefix_override:/usr/lib/python3/dist-packages/colcon_core/task/python/colcon_distutils_commands:/home/kjy/Mirobot_ros2/install/mirobot_order_delivery/lib/python3.10/site-packages:${PYTHONPATH} VIRTUAL_ENV_PROMPT=(yolov5_env) /usr/bin/python3 -W ignore:setup.py install is deprecated -W ignore:easy_install command is deprecated setup.py egg_info --egg-base ../../build/mirobot_order_delivery build --build-base /home/kjy/Mirobot_ros2/build/mirobot_order_delivery/build install --record /home/kjy/Mirobot_ros2/build/mirobot_order_delivery/install.log --single-version-externally-managed install_data
[1.165s] DEBUG:colcon.colcon_core.event_handler.log_command:Invoking command in '/home/kjy/Mirobot_ros2/build/vision_robot': PS1=(yolov5_env) \[\e]0;\u@\h: \w\a\]${debian_chroot:+($debian_chroot)}\[\033[01;32m\]\u@\h\[\033[00m\]:\[\033[01;34m\]\w\[\033[00m\]\$ PYTHONPATH=/home/kjy/Mirobot_ros2/build/vision_robot/prefix_override:/usr/lib/python3/dist-packages/colcon_core/task/python/colcon_distutils_commands:/home/kjy/Mirobot_ros2/install/vision_robot/lib/python3.10/site-packages:${PYTHONPATH} VIRTUAL_ENV_PROMPT=(yolov5_env) /usr/bin/python3 -W ignore:setup.py install is deprecated -W ignore:easy_install command is deprecated setup.py develop --uninstall --editable --build-directory /home/kjy/Mirobot_ros2/build/vision_robot/build
[1.174s] DEBUG:colcon.colcon_core.event_handler.log_command:Invoking command in '/home/kjy/Mirobot_ros2/build/mirobot_driver': PS1=(yolov5_env) \[\e]0;\u@\h: \w\a\]${debian_chroot:+($debian_chroot)}\[\033[01;32m\]\u@\h\[\033[00m\]:\[\033[01;34m\]\w\[\033[00m\]\$ PYTHONPATH=/home/kjy/Mirobot_ros2/build/mirobot_driver/prefix_override:/usr/lib/python3/dist-packages/colcon_core/task/python/colcon_distutils_commands:/home/kjy/Mirobot_ros2/install/mirobot_driver/lib/python3.10/site-packages:${PYTHONPATH} VIRTUAL_ENV_PROMPT=(yolov5_env) /usr/bin/python3 -W ignore:setup.py install is deprecated -W ignore:easy_install command is deprecated setup.py develop --uninstall --editable --build-directory /home/kjy/Mirobot_ros2/build/mirobot_driver/build
[1.341s] Level 1:colcon.colcon_core.environment:checking '/home/kjy/Mirobot_ros2/install/mirobot_order_delivery' for CMake module files
[1.342s] DEBUG:colcon.colcon_core.event_handler.log_command:Invoked command in '/home/kjy/Mirobot_ros2/src/mirobot_order_delivery' returned '0': PS1=(yolov5_env) \[\e]0;\u@\h: \w\a\]${debian_chroot:+($debian_chroot)}\[\033[01;32m\]\u@\h\[\033[00m\]:\[\033[01;34m\]\w\[\033[00m\]\$ PYTHONPATH=/home/kjy/Mirobot_ros2/build/mirobot_order_delivery/prefix_override:/usr/lib/python3/dist-packages/colcon_core/task/python/colcon_distutils_commands:/home/kjy/Mirobot_ros2/install/mirobot_order_delivery/lib/python3.10/site-packages:${PYTHONPATH} VIRTUAL_ENV_PROMPT=(yolov5_env) /usr/bin/python3 -W ignore:setup.py install is deprecated -W ignore:easy_install command is deprecated setup.py egg_info --egg-base ../../build/mirobot_order_delivery build --build-base /home/kjy/Mirobot_ros2/build/mirobot_order_delivery/build install --record /home/kjy/Mirobot_ros2/build/mirobot_order_delivery/install.log --single-version-externally-managed install_data
[1.342s] Level 1:colcon.colcon_core.environment:checking '/home/kjy/Mirobot_ros2/install/mirobot_order_delivery' for CMake config files
[1.342s] Level 1:colcon.colcon_core.environment:checking '/home/kjy/Mirobot_ros2/install/mirobot_order_delivery/lib'
[1.343s] Level 1:colcon.colcon_core.environment:checking '/home/kjy/Mirobot_ros2/install/mirobot_order_delivery/bin'
[1.343s] Level 1:colcon.colcon_core.environment:checking '/home/kjy/Mirobot_ros2/install/mirobot_order_delivery/lib/pkgconfig/mirobot_order_delivery.pc'
[1.343s] Level 1:colcon.colcon_core.environment:checking '/home/kjy/Mirobot_ros2/install/mirobot_order_delivery/lib/python3.10/site-packages'
[1.343s] Level 1:colcon.colcon_core.shell:create_environment_hook('mirobot_order_delivery', 'pythonpath')
[1.343s] INFO:colcon.colcon_core.shell:Creating environment hook '/home/kjy/Mirobot_ros2/install/mirobot_order_delivery/share/mirobot_order_delivery/hook/pythonpath.ps1'
[1.343s] INFO:colcon.colcon_core.shell:Creating environment descriptor '/home/kjy/Mirobot_ros2/install/mirobot_order_delivery/share/mirobot_order_delivery/hook/pythonpath.dsv'
[1.343s] INFO:colcon.colcon_core.shell:Creating environment hook '/home/kjy/Mirobot_ros2/install/mirobot_order_delivery/share/mirobot_order_delivery/hook/pythonpath.sh'
[1.344s] Level 1:colcon.colcon_core.environment:checking '/home/kjy/Mirobot_ros2/install/mirobot_order_delivery/bin'
[1.344s] Level 1:colcon.colcon_core.environment:create_environment_scripts_only(mirobot_order_delivery)
[1.344s] INFO:colcon.colcon_core.shell:Creating package script '/home/kjy/Mirobot_ros2/install/mirobot_order_delivery/share/mirobot_order_delivery/package.ps1'
[1.344s] INFO:colcon.colcon_core.shell:Creating package descriptor '/home/kjy/Mirobot_ros2/install/mirobot_order_delivery/share/mirobot_order_delivery/package.dsv'
[1.345s] INFO:colcon.colcon_core.shell:Creating package script '/home/kjy/Mirobot_ros2/install/mirobot_order_delivery/share/mirobot_order_delivery/package.sh'
[1.345s] INFO:colcon.colcon_core.shell:Creating package script '/home/kjy/Mirobot_ros2/install/mirobot_order_delivery/share/mirobot_order_delivery/package.bash'
[1.345s] INFO:colcon.colcon_core.shell:Creating package script '/home/kjy/Mirobot_ros2/install/mirobot_order_delivery/share/mirobot_order_delivery/package.zsh'
[1.345s] Level 1:colcon.colcon_core.environment:create_file_with_runtime_dependencies(/home/kjy/Mirobot_ros2/install/mirobot_order_delivery/share/colcon-core/packages/mirobot_order_delivery)
[1.417s] DEBUG:colcon.colcon_core.event_handler.log_command:Invoked command in '/home/kjy/Mirobot_ros2/build/vision_robot' returned '0': PS1=(yolov5_env) \[\e]0;\u@\h: \w\a\]${debian_chroot:+($debian_chroot)}\[\033[01;32m\]\u@\h\[\033[00m\]:\[\033[01;34m\]\w\[\033[00m\]\$ PYTHONPATH=/home/kjy/Mirobot_ros2/build/vision_robot/prefix_override:/usr/lib/python3/dist-packages/colcon_core/task/python/colcon_distutils_commands:/home/kjy/Mirobot_ros2/install/vision_robot/lib/python3.10/site-packages:${PYTHONPATH} VIRTUAL_ENV_PROMPT=(yolov5_env) /usr/bin/python3 -W ignore:setup.py install is deprecated -W ignore:easy_install command is deprecated setup.py develop --uninstall --editable --build-directory /home/kjy/Mirobot_ros2/build/vision_robot/build
[1.418s] DEBUG:colcon.colcon_core.event_handler.log_command:Invoking command in '/home/kjy/Mirobot_ros2/src/vision_robot': PS1=(yolov5_env) \[\e]0;\u@\h: \w\a\]${debian_chroot:+($debian_chroot)}\[\033[01;32m\]\u@\h\[\033[00m\]:\[\033[01;34m\]\w\[\033[00m\]\$ PYTHONPATH=/home/kjy/Mirobot_ros2/build/vision_robot/prefix_override:/usr/lib/python3/dist-packages/colcon_core/task/python/colcon_distutils_commands:/home/kjy/Mirobot_ros2/install/vision_robot/lib/python3.10/site-packages:${PYTHONPATH} VIRTUAL_ENV_PROMPT=(yolov5_env) /usr/bin/python3 -W ignore:setup.py install is deprecated -W ignore:easy_install command is deprecated setup.py egg_info --egg-base ../../build/vision_robot build --build-base /home/kjy/Mirobot_ros2/build/vision_robot/build install --record /home/kjy/Mirobot_ros2/build/vision_robot/install.log --single-version-externally-managed install_data --force
[1.443s] DEBUG:colcon.colcon_core.event_handler.log_command:Invoked command in '/home/kjy/Mirobot_ros2/build/mirobot_driver' returned '0': PS1=(yolov5_env) \[\e]0;\u@\h: \w\a\]${debian_chroot:+($debian_chroot)}\[\033[01;32m\]\u@\h\[\033[00m\]:\[\033[01;34m\]\w\[\033[00m\]\$ PYTHONPATH=/home/kjy/Mirobot_ros2/build/mirobot_driver/prefix_override:/usr/lib/python3/dist-packages/colcon_core/task/python/colcon_distutils_commands:/home/kjy/Mirobot_ros2/install/mirobot_driver/lib/python3.10/site-packages:${PYTHONPATH} VIRTUAL_ENV_PROMPT=(yolov5_env) /usr/bin/python3 -W ignore:setup.py install is deprecated -W ignore:easy_install command is deprecated setup.py develop --uninstall --editable --build-directory /home/kjy/Mirobot_ros2/build/mirobot_driver/build
[1.444s] DEBUG:colcon.colcon_core.event_handler.log_command:Invoking command in '/home/kjy/Mirobot_ros2/src/mirobot_driver': PS1=(yolov5_env) \[\e]0;\u@\h: \w\a\]${debian_chroot:+($debian_chroot)}\[\033[01;32m\]\u@\h\[\033[00m\]:\[\033[01;34m\]\w\[\033[00m\]\$ PYTHONPATH=/home/kjy/Mirobot_ros2/build/mirobot_driver/prefix_override:/usr/lib/python3/dist-packages/colcon_core/task/python/colcon_distutils_commands:/home/kjy/Mirobot_ros2/install/mirobot_driver/lib/python3.10/site-packages:${PYTHONPATH} VIRTUAL_ENV_PROMPT=(yolov5_env) /usr/bin/python3 -W ignore:setup.py install is deprecated -W ignore:easy_install command is deprecated setup.py egg_info --egg-base ../../build/mirobot_driver build --build-base /home/kjy/Mirobot_ros2/build/mirobot_driver/build install --record /home/kjy/Mirobot_ros2/build/mirobot_driver/install.log --single-version-externally-managed install_data --force
[1.599s] Level 1:colcon.colcon_core.environment:checking '/home/kjy/Mirobot_ros2/install/vision_robot' for CMake module files
[1.599s] DEBUG:colcon.colcon_core.event_handler.log_command:Invoked command in '/home/kjy/Mirobot_ros2/src/vision_robot' returned '0': PS1=(yolov5_env) \[\e]0;\u@\h: \w\a\]${debian_chroot:+($debian_chroot)}\[\033[01;32m\]\u@\h\[\033[00m\]:\[\033[01;34m\]\w\[\033[00m\]\$ PYTHONPATH=/home/kjy/Mirobot_ros2/build/vision_robot/prefix_override:/usr/lib/python3/dist-packages/colcon_core/task/python/colcon_distutils_commands:/home/kjy/Mirobot_ros2/install/vision_robot/lib/python3.10/site-packages:${PYTHONPATH} VIRTUAL_ENV_PROMPT=(yolov5_env) /usr/bin/python3 -W ignore:setup.py install is deprecated -W ignore:easy_install command is deprecated setup.py egg_info --egg-base ../../build/vision_robot build --build-base /home/kjy/Mirobot_ros2/build/vision_robot/build install --record /home/kjy/Mirobot_ros2/build/vision_robot/install.log --single-version-externally-managed install_data --force
[1.600s] Level 1:colcon.colcon_core.environment:checking '/home/kjy/Mirobot_ros2/install/vision_robot' for CMake config files
[1.600s] Level 1:colcon.colcon_core.environment:checking '/home/kjy/Mirobot_ros2/install/vision_robot/lib'
[1.600s] Level 1:colcon.colcon_core.environment:checking '/home/kjy/Mirobot_ros2/install/vision_robot/bin'
[1.600s] Level 1:colcon.colcon_core.environment:checking '/home/kjy/Mirobot_ros2/install/vision_robot/lib/pkgconfig/vision_robot.pc'
[1.600s] Level 1:colcon.colcon_core.environment:checking '/home/kjy/Mirobot_ros2/install/vision_robot/lib/python3.10/site-packages'
[1.600s] Level 1:colcon.colcon_core.shell:create_environment_hook('vision_robot', 'pythonpath')
[1.600s] INFO:colcon.colcon_core.shell:Creating environment hook '/home/kjy/Mirobot_ros2/install/vision_robot/share/vision_robot/hook/pythonpath.ps1'
[1.601s] INFO:colcon.colcon_core.shell:Creating environment descriptor '/home/kjy/Mirobot_ros2/install/vision_robot/share/vision_robot/hook/pythonpath.dsv'
[1.601s] INFO:colcon.colcon_core.shell:Creating environment hook '/home/kjy/Mirobot_ros2/install/vision_robot/share/vision_robot/hook/pythonpath.sh'
[1.601s] Level 1:colcon.colcon_core.environment:checking '/home/kjy/Mirobot_ros2/install/vision_robot/bin'
[1.601s] Level 1:colcon.colcon_core.environment:create_environment_scripts_only(vision_robot)
[1.602s] INFO:colcon.colcon_core.shell:Creating package script '/home/kjy/Mirobot_ros2/install/vision_robot/share/vision_robot/package.ps1'
[1.602s] INFO:colcon.colcon_core.shell:Creating package descriptor '/home/kjy/Mirobot_ros2/install/vision_robot/share/vision_robot/package.dsv'
[1.602s] INFO:colcon.colcon_core.shell:Creating package script '/home/kjy/Mirobot_ros2/install/vision_robot/share/vision_robot/package.sh'
[1.602s] INFO:colcon.colcon_core.shell:Creating package script '/home/kjy/Mirobot_ros2/install/vision_robot/share/vision_robot/package.bash'
[1.603s] INFO:colcon.colcon_core.shell:Creating package script '/home/kjy/Mirobot_ros2/install/vision_robot/share/vision_robot/package.zsh'
[1.603s] Level 1:colcon.colcon_core.environment:create_file_with_runtime_dependencies(/home/kjy/Mirobot_ros2/install/vision_robot/share/colcon-core/packages/vision_robot)
[1.621s] Level 1:colcon.colcon_core.environment:checking '/home/kjy/Mirobot_ros2/install/mirobot_driver' for CMake module files
[1.621s] DEBUG:colcon.colcon_core.event_handler.log_command:Invoked command in '/home/kjy/Mirobot_ros2/src/mirobot_driver' returned '0': PS1=(yolov5_env) \[\e]0;\u@\h: \w\a\]${debian_chroot:+($debian_chroot)}\[\033[01;32m\]\u@\h\[\033[00m\]:\[\033[01;34m\]\w\[\033[00m\]\$ PYTHONPATH=/home/kjy/Mirobot_ros2/build/mirobot_driver/prefix_override:/usr/lib/python3/dist-packages/colcon_core/task/python/colcon_distutils_commands:/home/kjy/Mirobot_ros2/install/mirobot_driver/lib/python3.10/site-packages:${PYTHONPATH} VIRTUAL_ENV_PROMPT=(yolov5_env) /usr/bin/python3 -W ignore:setup.py install is deprecated -W ignore:easy_install command is deprecated setup.py egg_info --egg-base ../../build/mirobot_driver build --build-base /home/kjy/Mirobot_ros2/build/mirobot_driver/build install --record /home/kjy/Mirobot_ros2/build/mirobot_driver/install.log --single-version-externally-managed install_data --force
[1.621s] Level 1:colcon.colcon_core.environment:checking '/home/kjy/Mirobot_ros2/install/mirobot_driver' for CMake config files
[1.623s] Level 1:colcon.colcon_core.environment:checking '/home/kjy/Mirobot_ros2/install/mirobot_driver/lib'
[1.623s] Level 1:colcon.colcon_core.environment:checking '/home/kjy/Mirobot_ros2/install/mirobot_driver/bin'
[1.623s] Level 1:colcon.colcon_core.environment:checking '/home/kjy/Mirobot_ros2/install/mirobot_driver/lib/pkgconfig/mirobot_driver.pc'
[1.623s] Level 1:colcon.colcon_core.environment:checking '/home/kjy/Mirobot_ros2/install/mirobot_driver/lib/python3.10/site-packages'
[1.623s] Level 1:colcon.colcon_core.shell:create_environment_hook('mirobot_driver', 'pythonpath')
[1.624s] INFO:colcon.colcon_core.shell:Creating environment hook '/home/kjy/Mirobot_ros2/install/mirobot_driver/share/mirobot_driver/hook/pythonpath.ps1'
[1.624s] INFO:colcon.colcon_core.shell:Creating environment descriptor '/home/kjy/Mirobot_ros2/install/mirobot_driver/share/mirobot_driver/hook/pythonpath.dsv'
[1.624s] INFO:colcon.colcon_core.shell:Creating environment hook '/home/kjy/Mirobot_ros2/install/mirobot_driver/share/mirobot_driver/hook/pythonpath.sh'
[1.625s] Level 1:colcon.colcon_core.environment:checking '/home/kjy/Mirobot_ros2/install/mirobot_driver/bin'
[1.625s] Level 1:colcon.colcon_core.environment:create_environment_scripts_only(mirobot_driver)
[1.625s] INFO:colcon.colcon_core.shell:Creating package script '/home/kjy/Mirobot_ros2/install/mirobot_driver/share/mirobot_driver/package.ps1'
[1.625s] INFO:colcon.colcon_core.shell:Creating package descriptor '/home/kjy/Mirobot_ros2/install/mirobot_driver/share/mirobot_driver/package.dsv'
[1.625s] INFO:colcon.colcon_core.shell:Creating package script '/home/kjy/Mirobot_ros2/install/mirobot_driver/share/mirobot_driver/package.sh'
[1.626s] INFO:colcon.colcon_core.shell:Creating package script '/home/kjy/Mirobot_ros2/install/mirobot_driver/share/mirobot_driver/package.bash'
[1.626s] INFO:colcon.colcon_core.shell:Creating package script '/home/kjy/Mirobot_ros2/install/mirobot_driver/share/mirobot_driver/package.zsh'
[1.626s] Level 1:colcon.colcon_core.environment:create_file_with_runtime_dependencies(/home/kjy/Mirobot_ros2/install/mirobot_driver/share/colcon-core/packages/mirobot_driver)
[1.626s] INFO:colcon.colcon_ros.task.ament_python.build:Building ROS package in '/home/kjy/Mirobot_ros2/src/mirobot_master_slave' with build type 'ament_python'
[1.626s] Level 1:colcon.colcon_core.shell:create_environment_hook('mirobot_master_slave', 'ament_prefix_path')
[1.626s] INFO:colcon.colcon_core.shell:Creating environment hook '/home/kjy/Mirobot_ros2/install/mirobot_master_slave/share/mirobot_master_slave/hook/ament_prefix_path.ps1'
[1.627s] INFO:colcon.colcon_core.shell:Creating environment descriptor '/home/kjy/Mirobot_ros2/install/mirobot_master_slave/share/mirobot_master_slave/hook/ament_prefix_path.dsv'
[1.627s] INFO:colcon.colcon_core.shell:Creating environment hook '/home/kjy/Mirobot_ros2/install/mirobot_master_slave/share/mirobot_master_slave/hook/ament_prefix_path.sh'
[1.627s] INFO:colcon.colcon_core.shell:Skip shell extension 'powershell' for command environment: Not usable outside of PowerShell
[1.627s] DEBUG:colcon.colcon_core.shell:Skip shell extension 'dsv' for command environment
[1.779s] INFO:colcon.colcon_core.task.python.build:Building Python package in '/home/kjy/Mirobot_ros2/src/mirobot_master_slave'
[1.779s] INFO:colcon.colcon_core.shell:Skip shell extension 'powershell' for command environment: Not usable outside of PowerShell
[1.779s] DEBUG:colcon.colcon_core.shell:Skip shell extension 'dsv' for command environment
[1.984s] DEBUG:colcon.colcon_core.event_handler.log_command:Invoking command in '/home/kjy/Mirobot_ros2/build/mirobot_master_slave': AMENT_PREFIX_PATH=/home/kjy/Mirobot_ros2/install/mirobot_driver:/home/kjy/Mirobot_ros2/install/mirobot_description:${AMENT_PREFIX_PATH} CMAKE_PREFIX_PATH=/home/kjy/Mirobot_ros2/install/mirobot_description PS1=(yolov5_env) \[\e]0;\u@\h: \w\a\]${debian_chroot:+($debian_chroot)}\[\033[01;32m\]\u@\h\[\033[00m\]:\[\033[01;34m\]\w\[\033[00m\]\$ PYTHONPATH=/home/kjy/Mirobot_ros2/build/mirobot_master_slave/prefix_override:/usr/lib/python3/dist-packages/colcon_core/task/python/colcon_distutils_commands:/home/kjy/Mirobot_ros2/install/mirobot_master_slave/lib/python3.10/site-packages:/home/kjy/Mirobot_ros2/install/mirobot_driver/lib/python3.10/site-packages:${PYTHONPATH} VIRTUAL_ENV_PROMPT=(yolov5_env) /usr/bin/python3 -W ignore:setup.py install is deprecated -W ignore:easy_install command is deprecated setup.py develop --uninstall --editable --build-directory /home/kjy/Mirobot_ros2/build/mirobot_master_slave/build
[2.233s] DEBUG:colcon.colcon_core.event_handler.log_command:Invoked command in '/home/kjy/Mirobot_ros2/build/mirobot_master_slave' returned '0': AMENT_PREFIX_PATH=/home/kjy/Mirobot_ros2/install/mirobot_driver:/home/kjy/Mirobot_ros2/install/mirobot_description:${AMENT_PREFIX_PATH} CMAKE_PREFIX_PATH=/home/kjy/Mirobot_ros2/install/mirobot_description PS1=(yolov5_env) \[\e]0;\u@\h: \w\a\]${debian_chroot:+($debian_chroot)}\[\033[01;32m\]\u@\h\[\033[00m\]:\[\033[01;34m\]\w\[\033[00m\]\$ PYTHONPATH=/home/kjy/Mirobot_ros2/build/mirobot_master_slave/prefix_override:/usr/lib/python3/dist-packages/colcon_core/task/python/colcon_distutils_commands:/home/kjy/Mirobot_ros2/install/mirobot_master_slave/lib/python3.10/site-packages:/home/kjy/Mirobot_ros2/install/mirobot_driver/lib/python3.10/site-packages:${PYTHONPATH} VIRTUAL_ENV_PROMPT=(yolov5_env) /usr/bin/python3 -W ignore:setup.py install is deprecated -W ignore:easy_install command is deprecated setup.py develop --uninstall --editable --build-directory /home/kjy/Mirobot_ros2/build/mirobot_master_slave/build
[2.234s] DEBUG:colcon.colcon_core.event_handler.log_command:Invoking command in '/home/kjy/Mirobot_ros2/src/mirobot_master_slave': AMENT_PREFIX_PATH=/home/kjy/Mirobot_ros2/install/mirobot_driver:/home/kjy/Mirobot_ros2/install/mirobot_description:${AMENT_PREFIX_PATH} CMAKE_PREFIX_PATH=/home/kjy/Mirobot_ros2/install/mirobot_description PS1=(yolov5_env) \[\e]0;\u@\h: \w\a\]${debian_chroot:+($debian_chroot)}\[\033[01;32m\]\u@\h\[\033[00m\]:\[\033[01;34m\]\w\[\033[00m\]\$ PYTHONPATH=/home/kjy/Mirobot_ros2/build/mirobot_master_slave/prefix_override:/usr/lib/python3/dist-packages/colcon_core/task/python/colcon_distutils_commands:/home/kjy/Mirobot_ros2/install/mirobot_master_slave/lib/python3.10/site-packages:/home/kjy/Mirobot_ros2/install/mirobot_driver/lib/python3.10/site-packages:${PYTHONPATH} VIRTUAL_ENV_PROMPT=(yolov5_env) /usr/bin/python3 -W ignore:setup.py install is deprecated -W ignore:easy_install command is deprecated setup.py egg_info --egg-base ../../build/mirobot_master_slave build --build-base /home/kjy/Mirobot_ros2/build/mirobot_master_slave/build install --record /home/kjy/Mirobot_ros2/build/mirobot_master_slave/install.log --single-version-externally-managed install_data --force
[2.404s] Level 1:colcon.colcon_core.environment:checking '/home/kjy/Mirobot_ros2/install/mirobot_master_slave' for CMake module files
[2.405s] DEBUG:colcon.colcon_core.event_handler.log_command:Invoked command in '/home/kjy/Mirobot_ros2/src/mirobot_master_slave' returned '0': AMENT_PREFIX_PATH=/home/kjy/Mirobot_ros2/install/mirobot_driver:/home/kjy/Mirobot_ros2/install/mirobot_description:${AMENT_PREFIX_PATH} CMAKE_PREFIX_PATH=/home/kjy/Mirobot_ros2/install/mirobot_description PS1=(yolov5_env) \[\e]0;\u@\h: \w\a\]${debian_chroot:+($debian_chroot)}\[\033[01;32m\]\u@\h\[\033[00m\]:\[\033[01;34m\]\w\[\033[00m\]\$ PYTHONPATH=/home/kjy/Mirobot_ros2/build/mirobot_master_slave/prefix_override:/usr/lib/python3/dist-packages/colcon_core/task/python/colcon_distutils_commands:/home/kjy/Mirobot_ros2/install/mirobot_master_slave/lib/python3.10/site-packages:/home/kjy/Mirobot_ros2/install/mirobot_driver/lib/python3.10/site-packages:${PYTHONPATH} VIRTUAL_ENV_PROMPT=(yolov5_env) /usr/bin/python3 -W ignore:setup.py install is deprecated -W ignore:easy_install command is deprecated setup.py egg_info --egg-base ../../build/mirobot_master_slave build --build-base /home/kjy/Mirobot_ros2/build/mirobot_master_slave/build install --record /home/kjy/Mirobot_ros2/build/mirobot_master_slave/install.log --single-version-externally-managed install_data --force
[2.405s] Level 1:colcon.colcon_core.environment:checking '/home/kjy/Mirobot_ros2/install/mirobot_master_slave' for CMake config files
[2.407s] Level 1:colcon.colcon_core.environment:checking '/home/kjy/Mirobot_ros2/install/mirobot_master_slave/lib'
[2.407s] Level 1:colcon.colcon_core.environment:checking '/home/kjy/Mirobot_ros2/install/mirobot_master_slave/bin'
[2.407s] Level 1:colcon.colcon_core.environment:checking '/home/kjy/Mirobot_ros2/install/mirobot_master_slave/lib/pkgconfig/mirobot_master_slave.pc'
[2.407s] Level 1:colcon.colcon_core.environment:checking '/home/kjy/Mirobot_ros2/install/mirobot_master_slave/lib/python3.10/site-packages'
[2.407s] Level 1:colcon.colcon_core.shell:create_environment_hook('mirobot_master_slave', 'pythonpath')
[2.407s] INFO:colcon.colcon_core.shell:Creating environment hook '/home/kjy/Mirobot_ros2/install/mirobot_master_slave/share/mirobot_master_slave/hook/pythonpath.ps1'
[2.407s] INFO:colcon.colcon_core.shell:Creating environment descriptor '/home/kjy/Mirobot_ros2/install/mirobot_master_slave/share/mirobot_master_slave/hook/pythonpath.dsv'
[2.408s] INFO:colcon.colcon_core.shell:Creating environment hook '/home/kjy/Mirobot_ros2/install/mirobot_master_slave/share/mirobot_master_slave/hook/pythonpath.sh'
[2.408s] Level 1:colcon.colcon_core.environment:checking '/home/kjy/Mirobot_ros2/install/mirobot_master_slave/bin'
[2.409s] Level 1:colcon.colcon_core.environment:create_environment_scripts_only(mirobot_master_slave)
[2.409s] INFO:colcon.colcon_core.shell:Creating package script '/home/kjy/Mirobot_ros2/install/mirobot_master_slave/share/mirobot_master_slave/package.ps1'
[2.409s] INFO:colcon.colcon_core.shell:Creating package descriptor '/home/kjy/Mirobot_ros2/install/mirobot_master_slave/share/mirobot_master_slave/package.dsv'
[2.410s] INFO:colcon.colcon_core.shell:Creating package script '/home/kjy/Mirobot_ros2/install/mirobot_master_slave/share/mirobot_master_slave/package.sh'
[2.410s] INFO:colcon.colcon_core.shell:Creating package script '/home/kjy/Mirobot_ros2/install/mirobot_master_slave/share/mirobot_master_slave/package.bash'
[2.410s] INFO:colcon.colcon_core.shell:Creating package script '/home/kjy/Mirobot_ros2/install/mirobot_master_slave/share/mirobot_master_slave/package.zsh'
[2.410s] Level 1:colcon.colcon_core.environment:create_file_with_runtime_dependencies(/home/kjy/Mirobot_ros2/install/mirobot_master_slave/share/colcon-core/packages/mirobot_master_slave)
[2.410s] DEBUG:colcon.colcon_parallel_executor.executor.parallel:closing loop
[2.411s] DEBUG:colcon.colcon_parallel_executor.executor.parallel:loop closed
[2.411s] DEBUG:colcon.colcon_parallel_executor.executor.parallel:run_until_complete finished with '0'
[2.411s] DEBUG:colcon.colcon_core.event_reactor:joining thread
[2.415s] INFO:colcon.colcon_core.plugin_system:Skipping extension 'colcon_notification.desktop_notification.terminal_notifier': Not used on non-Darwin systems
[2.415s] INFO:colcon.colcon_core.plugin_system:Skipping extension 'colcon_notification.desktop_notification.win32': Not used on non-Windows systems
[2.415s] INFO:colcon.colcon_notification.desktop_notification:Sending desktop notification using 'notify2'
[2.423s] DEBUG:colcon.colcon_core.event_reactor:joined thread
[2.423s] INFO:colcon.colcon_core.shell:Creating prefix script '/home/kjy/Mirobot_ros2/install/local_setup.ps1'
[2.424s] INFO:colcon.colcon_core.shell:Creating prefix util module '/home/kjy/Mirobot_ros2/install/_local_setup_util_ps1.py'
[2.425s] INFO:colcon.colcon_core.shell:Creating prefix chain script '/home/kjy/Mirobot_ros2/install/setup.ps1'
[2.426s] INFO:colcon.colcon_core.shell:Creating prefix script '/home/kjy/Mirobot_ros2/install/local_setup.sh'
[2.426s] INFO:colcon.colcon_core.shell:Creating prefix util module '/home/kjy/Mirobot_ros2/install/_local_setup_util_sh.py'
[2.426s] INFO:colcon.colcon_core.shell:Creating prefix chain script '/home/kjy/Mirobot_ros2/install/setup.sh'
[2.427s] INFO:colcon.colcon_core.shell:Creating prefix script '/home/kjy/Mirobot_ros2/install/local_setup.bash'
[2.427s] INFO:colcon.colcon_core.shell:Creating prefix chain script '/home/kjy/Mirobot_ros2/install/setup.bash'
[2.428s] INFO:colcon.colcon_core.shell:Creating prefix script '/home/kjy/Mirobot_ros2/install/local_setup.zsh'
[2.428s] INFO:colcon.colcon_core.shell:Creating prefix chain script '/home/kjy/Mirobot_ros2/install/setup.zsh'
