/home/kjy/Mirobot_ros2/install/vision_robot/lib/python3.10/site-packages/vision_robot/vision_robot_node.py
/home/kjy/Mirobot_ros2/install/vision_robot/lib/python3.10/site-packages/vision_robot/vision_cubes_publisher.py
/home/kjy/Mirobot_ros2/install/vision_robot/lib/python3.10/site-packages/vision_robot/__init__.py
/home/kjy/Mirobot_ros2/install/vision_robot/lib/python3.10/site-packages/vision_robot/camera_test.py
/home/kjy/Mirobot_ros2/install/vision_robot/lib/python3.10/site-packages/vision_robot/order_yolo_sequencer.py
/home/kjy/Mirobot_ros2/install/vision_robot/lib/python3.10/site-packages/vision_robot/__pycache__/vision_robot_node.cpython-310.pyc
/home/kjy/Mirobot_ros2/install/vision_robot/lib/python3.10/site-packages/vision_robot/__pycache__/vision_cubes_publisher.cpython-310.pyc
/home/kjy/Mirobot_ros2/install/vision_robot/lib/python3.10/site-packages/vision_robot/__pycache__/__init__.cpython-310.pyc
/home/kjy/Mirobot_ros2/install/vision_robot/lib/python3.10/site-packages/vision_robot/__pycache__/camera_test.cpython-310.pyc
/home/kjy/Mirobot_ros2/install/vision_robot/lib/python3.10/site-packages/vision_robot/__pycache__/order_yolo_sequencer.cpython-310.pyc
/home/kjy/Mirobot_ros2/install/vision_robot/share/ament_index/resource_index/packages/vision_robot
/home/kjy/Mirobot_ros2/install/vision_robot/share/vision_robot/package.xml
/home/kjy/Mirobot_ros2/install/vision_robot/share/vision_robot/launch/vision_robot.launch.py
/home/kjy/Mirobot_ros2/install/vision_robot/share/vision_robot/data/static_board_pose.npz
/home/kjy/Mirobot_ros2/install/vision_robot/lib/python3.10/site-packages/vision_robot-0.0.0-py3.10.egg-info/requires.txt
/home/kjy/Mirobot_ros2/install/vision_robot/lib/python3.10/site-packages/vision_robot-0.0.0-py3.10.egg-info/SOURCES.txt
/home/kjy/Mirobot_ros2/install/vision_robot/lib/python3.10/site-packages/vision_robot-0.0.0-py3.10.egg-info/zip-safe
/home/kjy/Mirobot_ros2/install/vision_robot/lib/python3.10/site-packages/vision_robot-0.0.0-py3.10.egg-info/entry_points.txt
/home/kjy/Mirobot_ros2/install/vision_robot/lib/python3.10/site-packages/vision_robot-0.0.0-py3.10.egg-info/dependency_links.txt
/home/kjy/Mirobot_ros2/install/vision_robot/lib/python3.10/site-packages/vision_robot-0.0.0-py3.10.egg-info/PKG-INFO
/home/kjy/Mirobot_ros2/install/vision_robot/lib/python3.10/site-packages/vision_robot-0.0.0-py3.10.egg-info/top_level.txt
/home/kjy/Mirobot_ros2/install/vision_robot/lib/vision_robot/vision_robot_node
