running egg_info
writing ../../build/mirobot_master_slave/mirobot_master_slave.egg-info/PKG-INFO
writing dependency_links to ../../build/mirobot_master_slave/mirobot_master_slave.egg-info/dependency_links.txt
writing entry points to ../../build/mirobot_master_slave/mirobot_master_slave.egg-info/entry_points.txt
writing requirements to ../../build/mirobot_master_slave/mirobot_master_slave.egg-info/requires.txt
writing top-level names to ../../build/mirobot_master_slave/mirobot_master_slave.egg-info/top_level.txt
reading manifest file '../../build/mirobot_master_slave/mirobot_master_slave.egg-info/SOURCES.txt'
writing manifest file '../../build/mirobot_master_slave/mirobot_master_slave.egg-info/SOURCES.txt'
running build
running build_py
running install
running install_lib
running install_data
running install_egg_info
removing '/home/kjy/Mirobot_ros2/install/mirobot_master_slave/lib/python3.10/site-packages/mirobot_master_slave-0.0.0-py3.10.egg-info' (and everything under it)
Copying ../../build/mirobot_master_slave/mirobot_master_slave.egg-info to /home/kjy/Mirobot_ros2/install/mirobot_master_slave/lib/python3.10/site-packages/mirobot_master_slave-0.0.0-py3.10.egg-info
running install_scripts
Installing init_joint_once script to /home/kjy/Mirobot_ros2/install/mirobot_master_slave/lib/mirobot_master_slave
Installing master_cli script to /home/kjy/Mirobot_ros2/install/mirobot_master_slave/lib/mirobot_master_slave
Installing slave_replicator script to /home/kjy/Mirobot_ros2/install/mirobot_master_slave/lib/mirobot_master_slave
writing list of installed files to '/home/kjy/Mirobot_ros2/build/mirobot_master_slave/install.log'
