[0.900s] Invoking command in '/home/kjy/Mirobot_ros2/src/vision_robot': PS1=(yolov5_env) \[\e]0;\u@\h: \w\a\]${debian_chroot:+($debian_chroot)}\[\033[01;32m\]\u@\h\[\033[00m\]:\[\033[01;34m\]\w\[\033[00m\]\$ PYTHONPATH=/home/kjy/Mirobot_ros2/build/vision_robot/prefix_override:/usr/lib/python3/dist-packages/colcon_core/task/python/colcon_distutils_commands:/home/kjy/Mirobot_ros2/install/vision_robot/lib/python3.10/site-packages:${PYTHONPATH} VIRTUAL_ENV_PROMPT=(yolov5_env) /usr/bin/python3 -W ignore:setup.py install is deprecated -W ignore:easy_install command is deprecated setup.py egg_info --egg-base ../../build/vision_robot build --build-base /home/kjy/Mirobot_ros2/build/vision_robot/build install --record /home/kjy/Mirobot_ros2/build/vision_robot/install.log --single-version-externally-managed install_data
[1.019s] running egg_info
[1.019s] writing ../../build/vision_robot/vision_robot.egg-info/PKG-INFO
[1.024s] writing dependency_links to ../../build/vision_robot/vision_robot.egg-info/dependency_links.txt
[1.026s] writing entry points to ../../build/vision_robot/vision_robot.egg-info/entry_points.txt
[1.026s] writing requirements to ../../build/vision_robot/vision_robot.egg-info/requires.txt
[1.026s] writing top-level names to ../../build/vision_robot/vision_robot.egg-info/top_level.txt
[1.027s] reading manifest file '../../build/vision_robot/vision_robot.egg-info/SOURCES.txt'
[1.028s] writing manifest file '../../build/vision_robot/vision_robot.egg-info/SOURCES.txt'
[1.028s] running build
[1.028s] running build_py
[1.031s] running install
[1.031s] running install_lib
[1.033s] running install_data
[1.033s] running install_egg_info
[1.034s] removing '/home/kjy/Mirobot_ros2/install/vision_robot/lib/python3.10/site-packages/vision_robot-0.0.0-py3.10.egg-info' (and everything under it)
[1.034s] Copying ../../build/vision_robot/vision_robot.egg-info to /home/kjy/Mirobot_ros2/install/vision_robot/lib/python3.10/site-packages/vision_robot-0.0.0-py3.10.egg-info
[1.036s] running install_scripts
[1.048s] Installing vision_robot_node script to /home/kjy/Mirobot_ros2/install/vision_robot/lib/vision_robot
[1.048s] writing list of installed files to '/home/kjy/Mirobot_ros2/build/vision_robot/install.log'
[1.069s] Invoked command in '/home/kjy/Mirobot_ros2/src/vision_robot' returned '0': PS1=(yolov5_env) \[\e]0;\u@\h: \w\a\]${debian_chroot:+($debian_chroot)}\[\033[01;32m\]\u@\h\[\033[00m\]:\[\033[01;34m\]\w\[\033[00m\]\$ PYTHONPATH=/home/kjy/Mirobot_ros2/build/vision_robot/prefix_override:/usr/lib/python3/dist-packages/colcon_core/task/python/colcon_distutils_commands:/home/kjy/Mirobot_ros2/install/vision_robot/lib/python3.10/site-packages:${PYTHONPATH} VIRTUAL_ENV_PROMPT=(yolov5_env) /usr/bin/python3 -W ignore:setup.py install is deprecated -W ignore:easy_install command is deprecated setup.py egg_info --egg-base ../../build/vision_robot build --build-base /home/kjy/Mirobot_ros2/build/vision_robot/build install --record /home/kjy/Mirobot_ros2/build/vision_robot/install.log --single-version-externally-managed install_data
