/home/kjy/Mirobot_ros2/install/mirobot_order_delivery/lib/python3.10/site-packages/mirobot_order_delivery/delivery_node.py
/home/kjy/Mirobot_ros2/install/mirobot_order_delivery/lib/python3.10/site-packages/mirobot_order_delivery/simulate_order.py
/home/kjy/Mirobot_ros2/install/mirobot_order_delivery/lib/python3.10/site-packages/mirobot_order_delivery/__init__.py
/home/kjy/Mirobot_ros2/install/mirobot_order_delivery/lib/python3.10/site-packages/mirobot_order_delivery/calibration.py
/home/kjy/Mirobot_ros2/install/mirobot_order_delivery/lib/python3.10/site-packages/mirobot_order_delivery/robot_gcode.py
/home/kjy/Mirobot_ros2/install/mirobot_order_delivery/lib/python3.10/site-packages/mirobot_order_delivery/geometry.py
/home/kjy/Mirobot_ros2/install/mirobot_order_delivery/lib/python3.10/site-packages/mirobot_order_delivery/vision.py
/home/kjy/Mirobot_ros2/install/mirobot_order_delivery/lib/python3.10/site-packages/mirobot_order_delivery/__pycache__/delivery_node.cpython-310.pyc
/home/kjy/Mirobot_ros2/install/mirobot_order_delivery/lib/python3.10/site-packages/mirobot_order_delivery/__pycache__/simulate_order.cpython-310.pyc
/home/kjy/Mirobot_ros2/install/mirobot_order_delivery/lib/python3.10/site-packages/mirobot_order_delivery/__pycache__/__init__.cpython-310.pyc
/home/kjy/Mirobot_ros2/install/mirobot_order_delivery/lib/python3.10/site-packages/mirobot_order_delivery/__pycache__/calibration.cpython-310.pyc
/home/kjy/Mirobot_ros2/install/mirobot_order_delivery/lib/python3.10/site-packages/mirobot_order_delivery/__pycache__/robot_gcode.cpython-310.pyc
/home/kjy/Mirobot_ros2/install/mirobot_order_delivery/lib/python3.10/site-packages/mirobot_order_delivery/__pycache__/geometry.cpython-310.pyc
/home/kjy/Mirobot_ros2/install/mirobot_order_delivery/lib/python3.10/site-packages/mirobot_order_delivery/__pycache__/vision.cpython-310.pyc
/home/kjy/Mirobot_ros2/install/mirobot_order_delivery/share/ament_index/resource_index/packages/mirobot_order_delivery
/home/kjy/Mirobot_ros2/install/mirobot_order_delivery/share/mirobot_order_delivery/package.xml
/home/kjy/Mirobot_ros2/install/mirobot_order_delivery/share/mirobot_order_delivery/README.md
/home/kjy/Mirobot_ros2/install/mirobot_order_delivery/share/mirobot_order_delivery/requirements.txt
/home/kjy/Mirobot_ros2/install/mirobot_order_delivery/share/mirobot_order_delivery/config/order_delivery.yaml
/home/kjy/Mirobot_ros2/install/mirobot_order_delivery/share/mirobot_order_delivery/config/mirobot_domain_bridge.yaml
/home/kjy/Mirobot_ros2/install/mirobot_order_delivery/share/mirobot_order_delivery/launch/robot_only.launch.py
/home/kjy/Mirobot_ros2/install/mirobot_order_delivery/share/mirobot_order_delivery/launch/robot_with_bridge.launch.py
/home/kjy/Mirobot_ros2/install/mirobot_order_delivery/share/mirobot_order_delivery/launch/delivery_only.launch.py
/home/kjy/Mirobot_ros2/install/mirobot_order_delivery/share/mirobot_order_delivery/launch/bridge_only.launch.py
/home/kjy/Mirobot_ros2/install/mirobot_order_delivery/share/mirobot_order_delivery/data/README.md
/home/kjy/Mirobot_ros2/install/mirobot_order_delivery/lib/python3.10/site-packages/mirobot_order_delivery-0.2.0-py3.10.egg-info/requires.txt
/home/kjy/Mirobot_ros2/install/mirobot_order_delivery/lib/python3.10/site-packages/mirobot_order_delivery-0.2.0-py3.10.egg-info/SOURCES.txt
/home/kjy/Mirobot_ros2/install/mirobot_order_delivery/lib/python3.10/site-packages/mirobot_order_delivery-0.2.0-py3.10.egg-info/zip-safe
/home/kjy/Mirobot_ros2/install/mirobot_order_delivery/lib/python3.10/site-packages/mirobot_order_delivery-0.2.0-py3.10.egg-info/entry_points.txt
/home/kjy/Mirobot_ros2/install/mirobot_order_delivery/lib/python3.10/site-packages/mirobot_order_delivery-0.2.0-py3.10.egg-info/dependency_links.txt
/home/kjy/Mirobot_ros2/install/mirobot_order_delivery/lib/python3.10/site-packages/mirobot_order_delivery-0.2.0-py3.10.egg-info/PKG-INFO
/home/kjy/Mirobot_ros2/install/mirobot_order_delivery/lib/python3.10/site-packages/mirobot_order_delivery-0.2.0-py3.10.egg-info/top_level.txt
/home/kjy/Mirobot_ros2/install/mirobot_order_delivery/lib/mirobot_order_delivery/delivery_node
/home/kjy/Mirobot_ros2/install/mirobot_order_delivery/lib/mirobot_order_delivery/simulate_order
