[0.692s] Invoking command in '/home/kjy/Mirobot_ros2/build/mirobot_driver': PYTHONPATH=/home/kjy/Mirobot_ros2/build/mirobot_driver/prefix_override:/usr/lib/python3/dist-packages/colcon_core/task/python/colcon_distutils_commands:/home/kjy/Mirobot_ros2/install/mirobot_driver/lib/python3.10/site-packages:${PYTHONPATH} /usr/bin/python3 -W ignore:setup.py install is deprecated -W ignore:easy_install command is deprecated setup.py develop --editable --build-directory /home/kjy/Mirobot_ros2/build/mirobot_driver/build --no-deps symlink_data
[0.838s] running develop
[0.923s] running egg_info
[0.923s] creating mirobot_driver.egg-info
[0.923s] writing mirobot_driver.egg-info/PKG-INFO
[0.923s] writing dependency_links to mirobot_driver.egg-info/dependency_links.txt
[0.923s] writing entry points to mirobot_driver.egg-info/entry_points.txt
[0.923s] writing requirements to mirobot_driver.egg-info/requires.txt
[0.923s] writing top-level names to mirobot_driver.egg-info/top_level.txt
[0.924s] writing manifest file 'mirobot_driver.egg-info/SOURCES.txt'
[0.924s] reading manifest file 'mirobot_driver.egg-info/SOURCES.txt'
[0.925s] writing manifest file 'mirobot_driver.egg-info/SOURCES.txt'
[0.926s] running build_ext
[0.926s] Creating /home/kjy/Mirobot_ros2/install/mirobot_driver/lib/python3.10/site-packages/mirobot-driver.egg-link (link to .)
[0.926s] Installing serial_bridge script to /home/kjy/Mirobot_ros2/install/mirobot_driver/lib/mirobot_driver
[0.927s] 
[0.927s] Installed /home/kjy/Mirobot_ros2/build/mirobot_driver
[0.927s] running symlink_data
[0.927s] creating /home/kjy/Mirobot_ros2/install/mirobot_driver/share/ament_index
[0.927s] creating /home/kjy/Mirobot_ros2/install/mirobot_driver/share/ament_index/resource_index
[0.927s] creating /home/kjy/Mirobot_ros2/install/mirobot_driver/share/ament_index/resource_index/packages
[0.927s] symbolically linking /home/kjy/Mirobot_ros2/build/mirobot_driver/resource/mirobot_driver -> /home/kjy/Mirobot_ros2/install/mirobot_driver/share/ament_index/resource_index/packages
[0.927s] symbolically linking /home/kjy/Mirobot_ros2/build/mirobot_driver/package.xml -> /home/kjy/Mirobot_ros2/install/mirobot_driver/share/mirobot_driver
[0.927s] creating /home/kjy/Mirobot_ros2/install/mirobot_driver/share/mirobot_driver/launch
[0.927s] symbolically linking /home/kjy/Mirobot_ros2/build/mirobot_driver/launch/mirobot_full_control.launch.py -> /home/kjy/Mirobot_ros2/install/mirobot_driver/share/mirobot_driver/launch
[0.927s] symbolically linking /home/kjy/Mirobot_ros2/build/mirobot_driver/launch/mirobot_rviz.launch.py -> /home/kjy/Mirobot_ros2/install/mirobot_driver/share/mirobot_driver/launch
[0.927s] symbolically linking /home/kjy/Mirobot_ros2/build/mirobot_driver/launch/mirobot_driver.launch.py -> /home/kjy/Mirobot_ros2/install/mirobot_driver/share/mirobot_driver/launch
[0.969s] Invoked command in '/home/kjy/Mirobot_ros2/build/mirobot_driver' returned '0': PYTHONPATH=/home/kjy/Mirobot_ros2/build/mirobot_driver/prefix_override:/usr/lib/python3/dist-packages/colcon_core/task/python/colcon_distutils_commands:/home/kjy/Mirobot_ros2/install/mirobot_driver/lib/python3.10/site-packages:${PYTHONPATH} /usr/bin/python3 -W ignore:setup.py install is deprecated -W ignore:easy_install command is deprecated setup.py develop --editable --build-directory /home/kjy/Mirobot_ros2/build/mirobot_driver/build --no-deps symlink_data
