running develop
Removing /home/kjy/Mirobot_ros2/install/mirobot_master_slave/lib/python3.10/site-packages/mirobot-master-slave.egg-link (link to .)
running egg_info
writing ../../build/mirobot_master_slave/mirobot_master_slave.egg-info/PKG-INFO
writing dependency_links to ../../build/mirobot_master_slave/mirobot_master_slave.egg-info/dependency_links.txt
writing entry points to ../../build/mirobot_master_slave/mirobot_master_slave.egg-info/entry_points.txt
writing requirements to ../../build/mirobot_master_slave/mirobot_master_slave.egg-info/requires.txt
writing top-level names to ../../build/mirobot_master_slave/mirobot_master_slave.egg-info/top_level.txt
reading manifest file '../../build/mirobot_master_slave/mirobot_master_slave.egg-info/SOURCES.txt'
writing manifest file '../../build/mirobot_master_slave/mirobot_master_slave.egg-info/SOURCES.txt'
running build
running build_py
creating /home/kjy/Mirobot_ros2/build/mirobot_master_slave/build
creating /home/kjy/Mirobot_ros2/build/mirobot_master_slave/build/lib
creating /home/kjy/Mirobot_ros2/build/mirobot_master_slave/build/lib/mirobot_master_slave
copying mirobot_master_slave/__init__.py -> /home/kjy/Mirobot_ros2/build/mirobot_master_slave/build/lib/mirobot_master_slave
copying mirobot_master_slave/init_joint_once.py -> /home/kjy/Mirobot_ros2/build/mirobot_master_slave/build/lib/mirobot_master_slave
copying mirobot_master_slave/server_bridge.py -> /home/kjy/Mirobot_ros2/build/mirobot_master_slave/build/lib/mirobot_master_slave
running install
running install_lib
creating /home/kjy/Mirobot_ros2/install/mirobot_master_slave/lib/python3.10/site-packages/mirobot_master_slave
copying /home/kjy/Mirobot_ros2/build/mirobot_master_slave/build/lib/mirobot_master_slave/__init__.py -> /home/kjy/Mirobot_ros2/install/mirobot_master_slave/lib/python3.10/site-packages/mirobot_master_slave
copying /home/kjy/Mirobot_ros2/build/mirobot_master_slave/build/lib/mirobot_master_slave/init_joint_once.py -> /home/kjy/Mirobot_ros2/install/mirobot_master_slave/lib/python3.10/site-packages/mirobot_master_slave
copying /home/kjy/Mirobot_ros2/build/mirobot_master_slave/build/lib/mirobot_master_slave/server_bridge.py -> /home/kjy/Mirobot_ros2/install/mirobot_master_slave/lib/python3.10/site-packages/mirobot_master_slave
byte-compiling /home/kjy/Mirobot_ros2/install/mirobot_master_slave/lib/python3.10/site-packages/mirobot_master_slave/__init__.py to __init__.cpython-310.pyc
byte-compiling /home/kjy/Mirobot_ros2/install/mirobot_master_slave/lib/python3.10/site-packages/mirobot_master_slave/init_joint_once.py to init_joint_once.cpython-310.pyc
byte-compiling /home/kjy/Mirobot_ros2/install/mirobot_master_slave/lib/python3.10/site-packages/mirobot_master_slave/server_bridge.py to server_bridge.cpython-310.pyc
running install_data
copying resource/mirobot_master_slave -> /home/kjy/Mirobot_ros2/install/mirobot_master_slave/share/ament_index/resource_index/packages
copying package.xml -> /home/kjy/Mirobot_ros2/install/mirobot_master_slave/share/mirobot_master_slave
copying launch/mirobot_master_slave.launch.py -> /home/kjy/Mirobot_ros2/install/mirobot_master_slave/share/mirobot_master_slave/launch
copying launch/dual_mirobot_full_control.launch.py -> /home/kjy/Mirobot_ros2/install/mirobot_master_slave/share/mirobot_master_slave/launch
copying rviz/dual_mirobots.rviz -> /home/kjy/Mirobot_ros2/install/mirobot_master_slave/share/mirobot_master_slave/rviz
running install_egg_info
Copying ../../build/mirobot_master_slave/mirobot_master_slave.egg-info to /home/kjy/Mirobot_ros2/install/mirobot_master_slave/lib/python3.10/site-packages/mirobot_master_slave-0.0.0-py3.10.egg-info
running install_scripts
Installing init_joint_once script to /home/kjy/Mirobot_ros2/install/mirobot_master_slave/lib/mirobot_master_slave
Installing master_cli script to /home/kjy/Mirobot_ros2/install/mirobot_master_slave/lib/mirobot_master_slave
Installing slave_replicator script to /home/kjy/Mirobot_ros2/install/mirobot_master_slave/lib/mirobot_master_slave
writing list of installed files to '/home/kjy/Mirobot_ros2/build/mirobot_master_slave/install.log'
