[0.357s] Invoking command in '/home/kjy/Mirobot_ros2/build/mirobot_master_slave': AMENT_PREFIX_PATH=/home/kjy/Mirobot_ros2/install/mirobot_driver:/home/kjy/Mirobot_ros2/install/mirobot_description:${AMENT_PREFIX_PATH} CMAKE_PREFIX_PATH=/home/kjy/Mirobot_ros2/install/mirobot_description PS1=(yolov5_env) \[\e]0;\u@\h: \w\a\]${debian_chroot:+($debian_chroot)}\[\033[01;32m\]\u@\h\[\033[00m\]:\[\033[01;34m\]\w\[\033[00m\]\$ PYTHONPATH=/home/kjy/Mirobot_ros2/build/mirobot_master_slave/prefix_override:/usr/lib/python3/dist-packages/colcon_core/task/python/colcon_distutils_commands:/home/kjy/Mirobot_ros2/install/mirobot_master_slave/lib/python3.10/site-packages:/home/kjy/Mirobot_ros2/install/mirobot_driver/lib/python3.10/site-packages:${PYTHONPATH} VIRTUAL_ENV_PROMPT=(yolov5_env) /usr/bin/python3 -W ignore:setup.py install is deprecated -W ignore:easy_install command is deprecated setup.py develop --uninstall --editable --build-directory /home/kjy/Mirobot_ros2/build/mirobot_master_slave/build
[0.498s] running develop
[0.589s] Removing /home/kjy/Mirobot_ros2/install/mirobot_master_slave/lib/python3.10/site-packages/mirobot-master-slave.egg-link (link to .)
[0.606s] Invoked command in '/home/kjy/Mirobot_ros2/build/mirobot_master_slave' returned '0': AMENT_PREFIX_PATH=/home/kjy/Mirobot_ros2/install/mirobot_driver:/home/kjy/Mirobot_ros2/install/mirobot_description:${AMENT_PREFIX_PATH} CMAKE_PREFIX_PATH=/home/kjy/Mirobot_ros2/install/mirobot_description PS1=(yolov5_env) \[\e]0;\u@\h: \w\a\]${debian_chroot:+($debian_chroot)}\[\033[01;32m\]\u@\h\[\033[00m\]:\[\033[01;34m\]\w\[\033[00m\]\$ PYTHONPATH=/home/kjy/Mirobot_ros2/build/mirobot_master_slave/prefix_override:/usr/lib/python3/dist-packages/colcon_core/task/python/colcon_distutils_commands:/home/kjy/Mirobot_ros2/install/mirobot_master_slave/lib/python3.10/site-packages:/home/kjy/Mirobot_ros2/install/mirobot_driver/lib/python3.10/site-packages:${PYTHONPATH} VIRTUAL_ENV_PROMPT=(yolov5_env) /usr/bin/python3 -W ignore:setup.py install is deprecated -W ignore:easy_install command is deprecated setup.py develop --uninstall --editable --build-directory /home/kjy/Mirobot_ros2/build/mirobot_master_slave/build
[0.607s] Invoking command in '/home/kjy/Mirobot_ros2/src/mirobot_master_slave': AMENT_PREFIX_PATH=/home/kjy/Mirobot_ros2/install/mirobot_driver:/home/kjy/Mirobot_ros2/install/mirobot_description:${AMENT_PREFIX_PATH} CMAKE_PREFIX_PATH=/home/kjy/Mirobot_ros2/install/mirobot_description PS1=(yolov5_env) \[\e]0;\u@\h: \w\a\]${debian_chroot:+($debian_chroot)}\[\033[01;32m\]\u@\h\[\033[00m\]:\[\033[01;34m\]\w\[\033[00m\]\$ PYTHONPATH=/home/kjy/Mirobot_ros2/build/mirobot_master_slave/prefix_override:/usr/lib/python3/dist-packages/colcon_core/task/python/colcon_distutils_commands:/home/kjy/Mirobot_ros2/install/mirobot_master_slave/lib/python3.10/site-packages:/home/kjy/Mirobot_ros2/install/mirobot_driver/lib/python3.10/site-packages:${PYTHONPATH} VIRTUAL_ENV_PROMPT=(yolov5_env) /usr/bin/python3 -W ignore:setup.py install is deprecated -W ignore:easy_install command is deprecated setup.py egg_info --egg-base ../../build/mirobot_master_slave build --build-base /home/kjy/Mirobot_ros2/build/mirobot_master_slave/build install --record /home/kjy/Mirobot_ros2/build/mirobot_master_slave/install.log --single-version-externally-managed install_data --force
[0.731s] running egg_info
[0.732s] writing ../../build/mirobot_master_slave/mirobot_master_slave.egg-info/PKG-INFO
[0.732s] writing dependency_links to ../../build/mirobot_master_slave/mirobot_master_slave.egg-info/dependency_links.txt
[0.732s] writing entry points to ../../build/mirobot_master_slave/mirobot_master_slave.egg-info/entry_points.txt
[0.732s] writing requirements to ../../build/mirobot_master_slave/mirobot_master_slave.egg-info/requires.txt
[0.732s] writing top-level names to ../../build/mirobot_master_slave/mirobot_master_slave.egg-info/top_level.txt
[0.740s] reading manifest file '../../build/mirobot_master_slave/mirobot_master_slave.egg-info/SOURCES.txt'
[0.742s] writing manifest file '../../build/mirobot_master_slave/mirobot_master_slave.egg-info/SOURCES.txt'
[0.742s] running build
[0.742s] running build_py
[0.742s] creating /home/kjy/Mirobot_ros2/build/mirobot_master_slave/build
[0.742s] creating /home/kjy/Mirobot_ros2/build/mirobot_master_slave/build/lib
[0.742s] creating /home/kjy/Mirobot_ros2/build/mirobot_master_slave/build/lib/mirobot_master_slave
[0.742s] copying mirobot_master_slave/__init__.py -> /home/kjy/Mirobot_ros2/build/mirobot_master_slave/build/lib/mirobot_master_slave
[0.742s] copying mirobot_master_slave/init_joint_once.py -> /home/kjy/Mirobot_ros2/build/mirobot_master_slave/build/lib/mirobot_master_slave
[0.742s] copying mirobot_master_slave/server_bridge.py -> /home/kjy/Mirobot_ros2/build/mirobot_master_slave/build/lib/mirobot_master_slave
[0.742s] running install
[0.743s] running install_lib
[0.743s] creating /home/kjy/Mirobot_ros2/install/mirobot_master_slave/lib/python3.10/site-packages/mirobot_master_slave
[0.743s] copying /home/kjy/Mirobot_ros2/build/mirobot_master_slave/build/lib/mirobot_master_slave/__init__.py -> /home/kjy/Mirobot_ros2/install/mirobot_master_slave/lib/python3.10/site-packages/mirobot_master_slave
[0.743s] copying /home/kjy/Mirobot_ros2/build/mirobot_master_slave/build/lib/mirobot_master_slave/init_joint_once.py -> /home/kjy/Mirobot_ros2/install/mirobot_master_slave/lib/python3.10/site-packages/mirobot_master_slave
[0.743s] copying /home/kjy/Mirobot_ros2/build/mirobot_master_slave/build/lib/mirobot_master_slave/server_bridge.py -> /home/kjy/Mirobot_ros2/install/mirobot_master_slave/lib/python3.10/site-packages/mirobot_master_slave
[0.744s] byte-compiling /home/kjy/Mirobot_ros2/install/mirobot_master_slave/lib/python3.10/site-packages/mirobot_master_slave/__init__.py to __init__.cpython-310.pyc
[0.744s] byte-compiling /home/kjy/Mirobot_ros2/install/mirobot_master_slave/lib/python3.10/site-packages/mirobot_master_slave/init_joint_once.py to init_joint_once.cpython-310.pyc
[0.744s] byte-compiling /home/kjy/Mirobot_ros2/install/mirobot_master_slave/lib/python3.10/site-packages/mirobot_master_slave/server_bridge.py to server_bridge.cpython-310.pyc
[0.744s] running install_data
[0.745s] copying resource/mirobot_master_slave -> /home/kjy/Mirobot_ros2/install/mirobot_master_slave/share/ament_index/resource_index/packages
[0.745s] copying package.xml -> /home/kjy/Mirobot_ros2/install/mirobot_master_slave/share/mirobot_master_slave
[0.745s] copying launch/mirobot_master_slave.launch.py -> /home/kjy/Mirobot_ros2/install/mirobot_master_slave/share/mirobot_master_slave/launch
[0.746s] copying launch/dual_mirobot_full_control.launch.py -> /home/kjy/Mirobot_ros2/install/mirobot_master_slave/share/mirobot_master_slave/launch
[0.747s] copying rviz/dual_mirobots.rviz -> /home/kjy/Mirobot_ros2/install/mirobot_master_slave/share/mirobot_master_slave/rviz
[0.748s] running install_egg_info
[0.749s] Copying ../../build/mirobot_master_slave/mirobot_master_slave.egg-info to /home/kjy/Mirobot_ros2/install/mirobot_master_slave/lib/python3.10/site-packages/mirobot_master_slave-0.0.0-py3.10.egg-info
[0.749s] running install_scripts
[0.761s] Installing init_joint_once script to /home/kjy/Mirobot_ros2/install/mirobot_master_slave/lib/mirobot_master_slave
[0.762s] Installing master_cli script to /home/kjy/Mirobot_ros2/install/mirobot_master_slave/lib/mirobot_master_slave
[0.762s] Installing slave_replicator script to /home/kjy/Mirobot_ros2/install/mirobot_master_slave/lib/mirobot_master_slave
[0.762s] writing list of installed files to '/home/kjy/Mirobot_ros2/build/mirobot_master_slave/install.log'
[0.778s] Invoked command in '/home/kjy/Mirobot_ros2/src/mirobot_master_slave' returned '0': AMENT_PREFIX_PATH=/home/kjy/Mirobot_ros2/install/mirobot_driver:/home/kjy/Mirobot_ros2/install/mirobot_description:${AMENT_PREFIX_PATH} CMAKE_PREFIX_PATH=/home/kjy/Mirobot_ros2/install/mirobot_description PS1=(yolov5_env) \[\e]0;\u@\h: \w\a\]${debian_chroot:+($debian_chroot)}\[\033[01;32m\]\u@\h\[\033[00m\]:\[\033[01;34m\]\w\[\033[00m\]\$ PYTHONPATH=/home/kjy/Mirobot_ros2/build/mirobot_master_slave/prefix_override:/usr/lib/python3/dist-packages/colcon_core/task/python/colcon_distutils_commands:/home/kjy/Mirobot_ros2/install/mirobot_master_slave/lib/python3.10/site-packages:/home/kjy/Mirobot_ros2/install/mirobot_driver/lib/python3.10/site-packages:${PYTHONPATH} VIRTUAL_ENV_PROMPT=(yolov5_env) /usr/bin/python3 -W ignore:setup.py install is deprecated -W ignore:easy_install command is deprecated setup.py egg_info --egg-base ../../build/mirobot_master_slave build --build-base /home/kjy/Mirobot_ros2/build/mirobot_master_slave/build install --record /home/kjy/Mirobot_ros2/build/mirobot_master_slave/install.log --single-version-externally-managed install_data --force
